
Optional file libmchp_peripheral.a not found

Optional file libmchp_peripheral_32MX795F512H.a not found
Archive member included because of file (symbol)

c:/program files/microchip/xc32/v2.50/bin/bin/../../lib/gcc/pic32mx/4.8.3\libgcc.a(_udivdi3.o)
                              build/2312_Config/production/_ext/430974239/sys_tmr.o (__udivdi3)
c:/program files/microchip/xc32/v2.50/bin/bin/../../lib/gcc/pic32mx/4.8.3/../../../../pic32mx/lib\libpic32.a(memcmp.o)
                              build/2312_Config/production/_ext/1764881201/drv_ethmac.o (memcmp)
c:/program files/microchip/xc32/v2.50/bin/bin/../../lib/gcc/pic32mx/4.8.3/../../../../pic32mx/lib\libpic32.a(memcpy.o)
                              build/2312_Config/production/_ext/1833714580/ipv4.o (memcpy)
c:/program files/microchip/xc32/v2.50/bin/bin/../../lib/gcc/pic32mx/4.8.3/../../../../pic32mx/lib\libpic32.a(memset.o)
                              build/2312_Config/production/_ext/1764881201/drv_ethmac.o (memset)
c:/program files/microchip/xc32/v2.50/bin/bin/../../lib/gcc/pic32mx/4.8.3/../../../../pic32mx/lib\libpic32.a(strcmp.o)
                              build/2312_Config/production/_ext/1833714580/tcpip_helpers.o (strcmp)
c:/program files/microchip/xc32/v2.50/bin/bin/../../lib/gcc/pic32mx/4.8.3/../../../../pic32mx/lib\libpic32.a(strcpy.o)
                              build/2312_Config/production/_ext/1833714580/tcpip_announce.o (strcpy)
c:/program files/microchip/xc32/v2.50/bin/bin/../../lib/gcc/pic32mx/4.8.3/../../../../pic32mx/lib\libpic32.a(strlen.o)
                              build/2312_Config/production/_ext/1833714580/tcp.o (strlen)
c:/program files/microchip/xc32/v2.50/bin/bin/../../lib/gcc/pic32mx/4.8.3/../../../../pic32mx/lib\libpic32.a(default-bootstrap-exception-handler.o)
                              C:\Users\MIGSAN~1\AppData\Local\Temp\cc0Riu60.o (_bootstrap_exception_handler)
c:/program files/microchip/xc32/v2.50/bin/bin/../../lib/gcc/pic32mx/4.8.3/../../../../pic32mx/lib\libpic32.a(default-on-reset.o)
                              C:\Users\MIGSAN~1\AppData\Local\Temp\cc0Riu60.o (_on_reset)
c:/program files/microchip/xc32/v2.50/bin/bin/../../lib/gcc/pic32mx/4.8.3/../../../../pic32mx/lib\libpic32.a(default-on-bootstrap.o)
                              C:\Users\MIGSAN~1\AppData\Local\Temp\cc0Riu60.o (_on_bootstrap)
c:/program files/microchip/xc32/v2.50/bin/bin/../../lib/gcc/pic32mx/4.8.3/../../../../pic32mx/lib\libpic32.a(default-nmi-handler.o)
                              C:\Users\MIGSAN~1\AppData\Local\Temp\cc0Riu60.o (_nmi_handler)
c:/program files/microchip/xc32/v2.50/bin/bin/../../lib/gcc/pic32mx/4.8.3/../../../../pic32mx/lib\libpic32.a(pic32_data_init.o)
                              C:\Users\MIGSAN~1\AppData\Local\Temp\cc0Riu60.o (__pic32_data_init)
c:/program files/microchip/xc32/v2.50/bin/bin/../../lib/gcc/pic32mx/4.8.3/../../../../pic32mx/lib\libpic32.a(general-exception.o)
                              C:\Users\MIGSAN~1\AppData\Local\Temp\cc0Riu60.o (_general_exception_context)
c:/program files/microchip/xc32/v2.50/bin/bin/../../lib/gcc/pic32mx/4.8.3/../../../../pic32mx/lib\libpic32.a(vector0.o)
                              C:\Users\MIGSAN~1\AppData\Local\Temp\ccka1icn.o (__vector_dispatch_0)
c:/program files/microchip/xc32/v2.50/bin/bin/../../lib/gcc/pic32mx/4.8.3/../../../../pic32mx/lib\libpic32.a(vector1.o)
                              C:\Users\MIGSAN~1\AppData\Local\Temp\ccka1icn.o (__vector_dispatch_1)
c:/program files/microchip/xc32/v2.50/bin/bin/../../lib/gcc/pic32mx/4.8.3/../../../../pic32mx/lib\libpic32.a(vector2.o)
                              C:\Users\MIGSAN~1\AppData\Local\Temp\ccka1icn.o (__vector_dispatch_2)
c:/program files/microchip/xc32/v2.50/bin/bin/../../lib/gcc/pic32mx/4.8.3/../../../../pic32mx/lib\libpic32.a(vector3.o)
                              C:\Users\MIGSAN~1\AppData\Local\Temp\ccka1icn.o (__vector_dispatch_3)
c:/program files/microchip/xc32/v2.50/bin/bin/../../lib/gcc/pic32mx/4.8.3/../../../../pic32mx/lib\libpic32.a(vector5.o)
                              C:\Users\MIGSAN~1\AppData\Local\Temp\ccka1icn.o (__vector_dispatch_5)
c:/program files/microchip/xc32/v2.50/bin/bin/../../lib/gcc/pic32mx/4.8.3/../../../../pic32mx/lib\libpic32.a(vector6.o)
                              C:\Users\MIGSAN~1\AppData\Local\Temp\ccka1icn.o (__vector_dispatch_6)
c:/program files/microchip/xc32/v2.50/bin/bin/../../lib/gcc/pic32mx/4.8.3/../../../../pic32mx/lib\libpic32.a(vector7.o)
                              C:\Users\MIGSAN~1\AppData\Local\Temp\ccka1icn.o (__vector_dispatch_7)
c:/program files/microchip/xc32/v2.50/bin/bin/../../lib/gcc/pic32mx/4.8.3/../../../../pic32mx/lib\libpic32.a(vector8.o)
                              C:\Users\MIGSAN~1\AppData\Local\Temp\ccka1icn.o (__vector_dispatch_8)
c:/program files/microchip/xc32/v2.50/bin/bin/../../lib/gcc/pic32mx/4.8.3/../../../../pic32mx/lib\libpic32.a(vector9.o)
[...]
Memory Configuration

Name             Origin             Length             Attributes
kseg0_program_mem 0x9d000000         0x00080000         xr
kseg0_boot_mem   0x9fc00490         0x00000970
exception_mem    0x9fc01000         0x00001000
kseg1_boot_mem   0xbfc00000         0x00000490
debug_exec_mem   0xbfc02000         0x00000ff0
config3          0xbfc02ff0         0x00000004
config2          0xbfc02ff4         0x00000004
config1          0xbfc02ff8         0x00000004
config0          0xbfc02ffc         0x00000004
kseg1_data_mem   0xa0000000         0x00020000         w !x
sfrs             0xbf800000         0x00100000
configsfrs       0xbfc02ff0         0x00000010
*default*        0x00000000         0xffffffff

Linker script and memory map

LOAD c:/program files/microchip/xc32/v2.50/bin/bin/../../lib/gcc/pic32mx/4.8.3/../../../../pic32mx/lib\debug-exception-return.o
LOAD build/2312_Config/production/_ext/1764881201/drv_ethmac.o
LOAD build/2312_Config/production/_ext/1764881201/drv_ethmac_lib.o
LOAD build/2312_Config/production/_ext/588727395/drv_ethphy.o
LOAD build/2312_Config/production/_ext/588727395/drv_extphy_smsc8720.o
LOAD build/2312_Config/production/_ext/572279899/drv_miim.o
LOAD build/2312_Config/production/_ext/1152366776/drv_tmr.o
LOAD build/2312_Config/production/_ext/711155467/sys_int_pic32.o
LOAD build/2312_Config/production/_ext/899838009/sys_random.o
LOAD build/2312_Config/production/_ext/430974239/sys_tmr.o
LOAD build/2312_Config/production/_ext/1833714580/ipv4.o
LOAD build/2312_Config/production/_ext/1833714580/tcp.o
LOAD build/2312_Config/production/_ext/1833714580/udp.o
LOAD build/2312_Config/production/_ext/1833714580/tcpip_heap_alloc.o
LOAD build/2312_Config/production/_ext/1833714580/tcpip_heap_internal.o
LOAD build/2312_Config/production/_ext/1833714580/arp.o
LOAD build/2312_Config/production/_ext/1833714580/dhcp.o
LOAD build/2312_Config/production/_ext/1833714580/dns.o
LOAD build/2312_Config/production/_ext/1833714580/icmp.o
LOAD build/2312_Config/production/_ext/1833714580/nbns.o
LOAD build/2312_Config/production/_ext/1833714580/zero_conf_helper.o
LOAD build/2312_Config/production/_ext/1833714580/zero_conf_link_local.o
LOAD build/2312_Config/production/_ext/1833714580/tcpip_announce.o
LOAD build/2312_Config/production/_ext/593738990/helpers.o
LOAD build/2312_Config/production/_ext/1833714580/hash_fnv.o
LOAD build/2312_Config/production/_ext/1833714580/oahash.o
LOAD build/2312_Config/production/_ext/1833714580/tcpip_helpers.o
LOAD build/2312_Config/production/_ext/1833714580/tcpip_helper_c32.o
LOAD build/2312_Config/production/_ext/1833714580/tcpip_manager.o
LOAD build/2312_Config/production/_ext/1833714580/tcpip_notify.o
LOAD build/2312_Config/production/_ext/1833714580/tcpip_packet.o
LOAD build/2312_Config/production/_ext/1360937237/eth.o
LOAD build/2312_Config/production/_ext/15694449/sys_clk_pic32mx.o
LOAD build/2312_Config/production/_ext/945820938/sys_devcon.o
LOAD build/2312_Config/production/_ext/945820938/sys_devcon_pic32mx.o
LOAD build/2312_Config/production/_ext/604921471/sys_ports_static.o
LOAD build/2312_Config/production/_ext/1708948888/system_init.o
LOAD build/2312_Config/production/_ext/1708948888/system_interrupt.o
LOAD build/2312_Config/production/_ext/1708948888/system_exceptions.o
LOAD build/2312_Config/production/_ext/1360937237/main.o
LOAD build/2312_Config/production/_ext/1708948888/system_tasks.o
LOAD ..\..\..\..\..\..\bin\framework\peripheral\PIC32MX795F512H_peripherals.a
                0x00000001                __MPLAB_BUILD = 0x1
                0x0000afa0                _min_heap_size = 0xafa0
LOAD C:\Users\MIGSAN~1\AppData\Local\Temp\cc0Riu60.o
LOAD C:\Users\MIGSAN~1\AppData\Local\Temp\ccEOCM6q.o
LOAD C:\Users\MIGSAN~1\AppData\Local\Temp\ccka1icn.o
LOAD c:/program files/microchip/xc32/v2.50/bin/bin/../../lib/gcc/pic32mx/4.8.3/../../../../pic32mx/lib\pic32_software_reset.o
                0x00000400                PROVIDE (_min_stack_size, 0x400)
START GROUP
LOAD c:/program files/microchip/xc32/v2.50/bin/bin/../../lib/gcc/pic32mx/4.8.3/../../../../pic32mx/lib/./proc/32MX795F512H\processor.o
END GROUP
START GROUP
LOAD libmchp_peripheral.a
END GROUP
START GROUP
LOAD libmchp_peripheral_32MX795F512H.a
END GROUP
                0x00000001                PROVIDE (_vector_spacing, 0x1)
                0x9fc01000                PROVIDE (_ebase_address, 0x9fc01000)
                0xbfc00000                _RESET_ADDR = 0xbfc00000
                0xbfc00380                _BEV_EXCPT_ADDR = 0xbfc00380
                0xbfc00480                _DBG_EXCPT_ADDR = 0xbfc00480
                0xbfc02000                _DBG_CODE_ADDR = 0xbfc02000
                0x00000ff0                _DBG_CODE_SIZE = 0xff0
                0x9fc01180                _GEN_EXCPT_ADDR = (_ebase_address + 0x180)

.config_BFC02FF0
                0xbfc02ff0        0x4
 *(.config_BFC02FF0)
 .config_BFC02FF0
                0xbfc02ff0        0x4 build/2312_Config/production/_ext/1708948888/system_init.o

.config_BFC02FF4
                0xbfc02ff4        0x4
 *(.config_BFC02FF4)
 .config_BFC02FF4
                0xbfc02ff4        0x4 build/2312_Config/production/_ext/1708948888/system_init.o

.config_BFC02FF8
                0xbfc02ff8        0x4
 *(.config_BFC02FF8)
 .config_BFC02FF8
                0xbfc02ff8        0x4 build/2312_Config/production/_ext/1708948888/system_init.o

.config_BFC02FFC
                0xbfc02ffc        0x4
 *(.config_BFC02FFC)
 .config_BFC02FFC
                0xbfc02ffc        0x4 build/2312_Config/production/_ext/1708948888/system_init.o
                0xbfc02000                PROVIDE (_DBG_CODE_ADDR, 0xbfc02000)
                0x00000ff0                PROVIDE (_DBG_CODE_SIZE, 0xff0)

.reset          0xbfc00000      0x19c
 *(.reset)
 .reset         0xbfc00000        0x8 C:\Users\MIGSAN~1\AppData\Local\Temp\cc0Riu60.o
                0xbfc00000                _reset
 *(.reset.startup)
 .reset.startup
                0xbfc00008      0x194 C:\Users\MIGSAN~1\AppData\Local\Temp\cc0Riu60.o
                0xbfc00008                _startup

.bev_excpt      0xbfc00380       0x10
 *(.bev_handler)
 .bev_handler   0xbfc00380       0x10 C:\Users\MIGSAN~1\AppData\Local\Temp\cc0Riu60.o

.dbg_excpt      0xbfc00480        0x0
                0xbfc00480                . = (. + DEFINED (_DEBUGGER)?0x8:0x0)

.dbg_code       0xbfc02000        0x0
                0xbfc02000                . = (. + DEFINED (_DEBUGGER)?_DBG_CODE_SIZE:0x0)

.app_excpt      0x9fc01180       0x10
 *(.gen_handler)
 .gen_handler   0x9fc01180       0x10 C:\Users\MIGSAN~1\AppData\Local\Temp\cc0Riu60.o

.vector_0       0x9fc01200        0x8
 *(.vector_0)
 .vector_0      0x9fc01200        0x8 c:/program files/microchip/xc32/v2.50/bin/bin/../../lib/gcc/pic32mx/4.8.3/../../../../pic32mx/lib\libpic32.a(vector0.o)
                0x9fc01200                __vector_dispatch_0
                0x00000001                ASSERT (((_vector_spacing == 0x0) || (SIZEOF (.vector_0) <= (_vector_spacing << 0x5))), function at exception vector 0 too large)

.vector_1       0x9fc01220        0x8
 *(.vector_1)
 .vector_1      0x9fc01220        0x8 c:/program files/microchip/xc32/v2.50/bin/bin/../../lib/gcc/pic32mx/4.8.3/../../../../pic32mx/lib\libpic32.a(vector1.o)
                0x9fc01220                __vector_dispatch_1
                0x00000001                ASSERT (((_vector_spacing == 0x0) || (SIZEOF (.vector_1) <= (_vector_spacing << 0x5))), function at exception vector 1 too large)

.vector_2       0x9fc01240        0x8
 *(.vector_2)
 .vector_2      0x9fc01240        0x8 c:/program files/microchip/xc32/v2.50/bin/bin/../../lib/gcc/pic32mx/4.8.3/../../../../pic32mx/lib\libpic32.a(vector2.o)
                0x9fc01240                __vector_dispatch_2
                0x00000001                ASSERT (((_vector_spacing == 0x0) || (SIZEOF (.vector_2) <= (_vector_spacing << 0x5))), function at exception vector 2 too large)

.vector_3       0x9fc01260        0x8
 *(.vector_3)
 .vector_3      0x9fc01260        0x8 c:/program files/microchip/xc32/v2.50/bin/bin/../../lib/gcc/pic32mx/4.8.3/../../../../pic32mx/lib\libpic32.a(vector3.o)
                0x9fc01260                __vector_dispatch_3
                0x00000001                ASSERT (((_vector_spacing == 0x0) || (SIZEOF (.vector_3) <= (_vector_spacing << 0x5))), function at exception vector 3 too large)

.vector_4       0x9fc01280        0x8
 *(.vector_4)
 .vector_4      0x9fc01280        0x8 build/2312_Config/production/_ext/1708948888/system_interrupt.o
                0x9fc01280                __vector_dispatch_4
                0x00000001                ASSERT (((_vector_spacing == 0x0) || (SIZEOF (.vector_4) <= (_vector_spacing << 0x5))), function at exception vector 4 too large)

.vector_5       0x9fc012a0        0x8
 *(.vector_5)
 .vector_5      0x9fc012a0        0x8 c:/program files/microchip/xc32/v2.50/bin/bin/../../lib/gcc/pic32mx/4.8.3/../../../../pic32mx/lib\libpic32.a(vector5.o)
                0x9fc012a0                __vector_dispatch_5
                0x00000001                ASSERT (((_vector_spacing == 0x0) || (SIZEOF (.vector_5) <= (_vector_spacing << 0x5))), function at exception vector 5 too large)

.vector_6       0x9fc012c0        0x8
 *(.vector_6)
 .vector_6      0x9fc012c0        0x8 c:/program files/microchip/xc32/v2.50/bin/bin/../../lib/gcc/pic32mx/4.8.3/../../../../pic32mx/lib\libpic32.a(vector6.o)
                0x9fc012c0                __vector_dispatch_6
                0x00000001                ASSERT (((_vector_spacing == 0x0) || (SIZEOF (.vector_6) <= (_vector_spacing << 0x5))), function at exception vector 6 too large)

.vector_7       0x9fc012e0        0x8
 *(.vector_7)
 .vector_7      0x9fc012e0        0x8 c:/program files/microchip/xc32/v2.50/bin/bin/../../lib/gcc/pic32mx/4.8.3/../../../../pic32mx/lib\libpic32.a(vector7.o)
                0x9fc012e0                __vector_dispatch_7
                0x00000001                ASSERT (((_vector_spacing == 0x0) || (SIZEOF (.vector_7) <= (_vector_spacing << 0x5))), function at exception vector 7 too large)

.vector_8       0x9fc01300        0x8
 *(.vector_8)
 .vector_8      0x9fc01300        0x8 c:/program files/microchip/xc32/v2.50/bin/bin/../../lib/gcc/pic32mx/4.8.3/../../../../pic32mx/lib\libpic32.a(vector8.o)
                0x9fc01300                __vector_dispatch_8
                0x00000001                ASSERT (((_vector_spacing == 0x0) || (SIZEOF (.vector_8) <= (_vector_spacing << 0x5))), function at exception vector 8 too large)

.vector_9       0x9fc01320        0x8
 *(.vector_9)
 .vector_9      0x9fc01320        0x8 c:/program files/microchip/xc32/v2.50/bin/bin/../../lib/gcc/pic32mx/4.8.3/../../../../pic32mx/lib\libpic32.a(vector9.o)
                0x9fc01320                __vector_dispatch_9
                0x00000001                ASSERT (((_vector_spacing == 0x0) || (SIZEOF (.vector_9) <= (_vector_spacing << 0x5))), function at exception vector 9 too large)

.vector_10      0x9fc01340        0x8
 *(.vector_10)
 .vector_10     0x9fc01340        0x8 c:/program files/microchip/xc32/v2.50/bin/bin/../../lib/gcc/pic32mx/4.8.3/../../../../pic32mx/lib\libpic32.a(vector10.o)
                0x9fc01340                __vector_dispatch_10
                0x00000001                ASSERT (((_vector_spacing == 0x0) || (SIZEOF (.vector_10) <= (_vector_spacing << 0x5))), function at exception vector 10 too large)

.vector_11      0x9fc01360        0x8
 *(.vector_11)
 .vector_11     0x9fc01360        0x8 c:/program files/microchip/xc32/v2.50/bin/bin/../../lib/gcc/pic32mx/4.8.3/../../../../pic32mx/lib\libpic32.a(vector11.o)
                0x9fc01360                __vector_dispatch_11
                0x00000001                ASSERT (((_vector_spacing == 0x0) || (SIZEOF (.vector_11) <= (_vector_spacing << 0x5))), function at exception vector 11 too large)

.vector_12      0x9fc01380        0x8
 *(.vector_12)
 .vector_12     0x9fc01380        0x8 c:/program files/microchip/xc32/v2.50/bin/bin/../../lib/gcc/pic32mx/4.8.3/../../../../pic32mx/lib\libpic32.a(vector12.o)
                0x9fc01380                __vector_dispatch_12
                0x00000001                ASSERT (((_vector_spacing == 0x0) || (SIZEOF (.vector_12) <= (_vector_spacing << 0x5))), function at exception vector 12 too large)

.vector_13      0x9fc013a0        0x8
 *(.vector_13)
 .vector_13     0x9fc013a0        0x8 c:/program files/microchip/xc32/v2.50/bin/bin/../../lib/gcc/pic32mx/4.8.3/../../../../pic32mx/lib\libpic32.a(vector13.o)
                0x9fc013a0                __vector_dispatch_13
                0x00000001                ASSERT (((_vector_spacing == 0x0) || (SIZEOF (.vector_13) <= (_vector_spacing << 0x5))), function at exception vector 13 too large)

.vector_14      0x9fc013c0        0x8
 *(.vector_14)
 .vector_14     0x9fc013c0        0x8 c:/program files/microchip/xc32/v2.50/bin/bin/../../lib/gcc/pic32mx/4.8.3/../../../../pic32mx/lib\libpic32.a(vector14.o)
                0x9fc013c0                __vector_dispatch_14
                0x00000001                ASSERT (((_vector_spacing == 0x0) || (SIZEOF (.vector_14) <= (_vector_spacing << 0x5))), function at exception vector 14 too large)

.vector_15      0x9fc013e0        0x8
 *(.vector_15)
 .vector_15     0x9fc013e0        0x8 c:/program files/microchip/xc32/v2.50/bin/bin/../../lib/gcc/pic32mx/4.8.3/../../../../pic32mx/lib\libpic32.a(vector15.o)
                0x9fc013e0                __vector_dispatch_15
                0x00000001                ASSERT (((_vector_spacing == 0x0) || (SIZEOF (.vector_15) <= (_vector_spacing << 0x5))), function at exception vector 15 too large)

.vector_16      0x9fc01400        0x8
 *(.vector_16)
 .vector_16     0x9fc01400        0x8 c:/program files/microchip/xc32/v2.50/bin/bin/../../lib/gcc/pic32mx/4.8.3/../../../../pic32mx/lib\libpic32.a(vector16.o)
                0x9fc01400                __vector_dispatch_16
                0x00000001                ASSERT (((_vector_spacing == 0x0) || (SIZEOF (.vector_16) <= (_vector_spacing << 0x5))), function at exception vector 16 too large)

.vector_17      0x9fc01420        0x8
 *(.vector_17)
 .vector_17     0x9fc01420        0x8 c:/program files/microchip/xc32/v2.50/bin/bin/../../lib/gcc/pic32mx/4.8.3/../../../../pic32mx/lib\libpic32.a(vector17.o)
                0x9fc01420                __vector_dispatch_17
                0x00000001                ASSERT (((_vector_spacing == 0x0) || (SIZEOF (.vector_17) <= (_vector_spacing << 0x5))), function at exception vector 17 too large)

.vector_18      0x9fc01440        0x8
 *(.vector_18)
 .vector_18     0x9fc01440        0x8 c:/program files/microchip/xc32/v2.50/bin/bin/../../lib/gcc/pic32mx/4.8.3/../../../../pic32mx/lib\libpic32.a(vector18.o)
                0x9fc01440                __vector_dispatch_18
                0x00000001                ASSERT (((_vector_spacing == 0x0) || (SIZEOF (.vector_18) <= (_vector_spacing << 0x5))), function at exception vector 18 too large)

.vector_19      0x9fc01460        0x8
 *(.vector_19)
 .vector_19     0x9fc01460        0x8 c:/program files/microchip/xc32/v2.50/bin/bin/../../lib/gcc/pic32mx/4.8.3/../../../../pic32mx/lib\libpic32.a(vector19.o)
                0x9fc01460                __vector_dispatch_19
                0x00000001                ASSERT (((_vector_spacing == 0x0) || (SIZEOF (.vector_19) <= (_vector_spacing << 0x5))), function at exception vector 19 too large)

.vector_20      0x9fc01480        0x8
 *(.vector_20)
 .vector_20     0x9fc01480        0x8 c:/program files/microchip/xc32/v2.50/bin/bin/../../lib/gcc/pic32mx/4.8.3/../../../../pic32mx/lib\libpic32.a(vector20.o)
                0x9fc01480                __vector_dispatch_20
                0x00000001                ASSERT (((_vector_spacing == 0x0) || (SIZEOF (.vector_20) <= (_vector_spacing << 0x5))), function at exception vector 20 too large)

.vector_21      0x9fc014a0        0x8
 *(.vector_21)
 .vector_21     0x9fc014a0        0x8 c:/program files/microchip/xc32/v2.50/bin/bin/../../lib/gcc/pic32mx/4.8.3/../../../../pic32mx/lib\libpic32.a(vector21.o)
                0x9fc014a0                __vector_dispatch_21
                0x00000001                ASSERT (((_vector_spacing == 0x0) || (SIZEOF (.vector_21) <= (_vector_spacing << 0x5))), function at exception vector 21 too large)

.vector_22      0x9fc014c0        0x8
 *(.vector_22)
 .vector_22     0x9fc014c0        0x8 c:/program files/microchip/xc32/v2.50/bin/bin/../../lib/gcc/pic32mx/4.8.3/../../../../pic32mx/lib\libpic32.a(vector22.o)
                0x9fc014c0                __vector_dispatch_22
                0x00000001                ASSERT (((_vector_spacing == 0x0) || (SIZEOF (.vector_22) <= (_vector_spacing << 0x5))), function at exception vector 22 too large)

.vector_23      0x9fc014e0        0x8
 *(.vector_23)
 .vector_23     0x9fc014e0        0x8 c:/program files/microchip/xc32/v2.50/bin/bin/../../lib/gcc/pic32mx/4.8.3/../../../../pic32mx/lib\libpic32.a(vector23.o)
                0x9fc014e0                __vector_dispatch_23
                0x00000001                ASSERT (((_vector_spacing == 0x0) || (SIZEOF (.vector_23) <= (_vector_spacing << 0x5))), function at exception vector 23 too large)

.vector_24      0x9fc01500        0x8
 *(.vector_24)
 .vector_24     0x9fc01500        0x8 c:/program files/microchip/xc32/v2.50/bin/bin/../../lib/gcc/pic32mx/4.8.3/../../../../pic32mx/lib\libpic32.a(vector24.o)
                0x9fc01500                __vector_dispatch_24
                0x00000001                ASSERT (((_vector_spacing == 0x0) || (SIZEOF (.vector_24) <= (_vector_spacing << 0x5))), function at exception vector 24 too large)

.vector_25      0x9fc01520        0x8
 *(.vector_25)
 .vector_25     0x9fc01520        0x8 c:/program files/microchip/xc32/v2.50/bin/bin/../../lib/gcc/pic32mx/4.8.3/../../../../pic32mx/lib\libpic32.a(vector25.o)
                0x9fc01520                __vector_dispatch_25
                0x00000001                ASSERT (((_vector_spacing == 0x0) || (SIZEOF (.vector_25) <= (_vector_spacing << 0x5))), function at exception vector 25 too large)

.vector_26      0x9fc01540        0x8
 *(.vector_26)
 .vector_26     0x9fc01540        0x8 c:/program files/microchip/xc32/v2.50/bin/bin/../../lib/gcc/pic32mx/4.8.3/../../../../pic32mx/lib\libpic32.a(vector26.o)
                0x9fc01540                __vector_dispatch_26
                0x00000001                ASSERT (((_vector_spacing == 0x0) || (SIZEOF (.vector_26) <= (_vector_spacing << 0x5))), function at exception vector 26 too large)

.vector_27      0x9fc01560        0x8
 *(.vector_27)
 .vector_27     0x9fc01560        0x8 c:/program files/microchip/xc32/v2.50/bin/bin/../../lib/gcc/pic32mx/4.8.3/../../../../pic32mx/lib\libpic32.a(vector27.o)
                0x9fc01560                __vector_dispatch_27
                0x00000001                ASSERT (((_vector_spacing == 0x0) || (SIZEOF (.vector_27) <= (_vector_spacing << 0x5))), function at exception vector 27 too large)

.vector_28      0x9fc01580        0x8
 *(.vector_28)
 .vector_28     0x9fc01580        0x8 c:/program files/microchip/xc32/v2.50/bin/bin/../../lib/gcc/pic32mx/4.8.3/../../../../pic32mx/lib\libpic32.a(vector28.o)
                0x9fc01580                __vector_dispatch_28
                0x00000001                ASSERT (((_vector_spacing == 0x0) || (SIZEOF (.vector_28) <= (_vector_spacing << 0x5))), function at exception vector 28 too large)

.vector_29      0x9fc015a0        0x8
 *(.vector_29)
 .vector_29     0x9fc015a0        0x8 c:/program files/microchip/xc32/v2.50/bin/bin/../../lib/gcc/pic32mx/4.8.3/../../../../pic32mx/lib\libpic32.a(vector29.o)
                0x9fc015a0                __vector_dispatch_29
                0x00000001                ASSERT (((_vector_spacing == 0x0) || (SIZEOF (.vector_29) <= (_vector_spacing << 0x5))), function at exception vector 29 too large)

.vector_30      0x9fc015c0        0x8
 *(.vector_30)
 .vector_30     0x9fc015c0        0x8 c:/program files/microchip/xc32/v2.50/bin/bin/../../lib/gcc/pic32mx/4.8.3/../../../../pic32mx/lib\libpic32.a(vector30.o)
                0x9fc015c0                __vector_dispatch_30
                0x00000001                ASSERT (((_vector_spacing == 0x0) || (SIZEOF (.vector_30) <= (_vector_spacing << 0x5))), function at exception vector 30 too large)

.vector_31      0x9fc015e0        0x8
 *(.vector_31)
 .vector_31     0x9fc015e0        0x8 c:/program files/microchip/xc32/v2.50/bin/bin/../../lib/gcc/pic32mx/4.8.3/../../../../pic32mx/lib\libpic32.a(vector31.o)
                0x9fc015e0                __vector_dispatch_31
                0x00000001                ASSERT (((_vector_spacing == 0x0) || (SIZEOF (.vector_31) <= (_vector_spacing << 0x5))), function at exception vector 31 too large)

.vector_32      0x9fc01600        0x8
 *(.vector_32)
 .vector_32     0x9fc01600        0x8 c:/program files/microchip/xc32/v2.50/bin/bin/../../lib/gcc/pic32mx/4.8.3/../../../../pic32mx/lib\libpic32.a(vector32.o)
                0x9fc01600                __vector_dispatch_32
                0x00000001                ASSERT (((_vector_spacing == 0x0) || (SIZEOF (.vector_32) <= (_vector_spacing << 0x5))), function at exception vector 32 too large)

.vector_33      0x9fc01620        0x8
 *(.vector_33)
 .vector_33     0x9fc01620        0x8 c:/program files/microchip/xc32/v2.50/bin/bin/../../lib/gcc/pic32mx/4.8.3/../../../../pic32mx/lib\libpic32.a(vector33.o)
                0x9fc01620                __vector_dispatch_33
                0x00000001                ASSERT (((_vector_spacing == 0x0) || (SIZEOF (.vector_33) <= (_vector_spacing << 0x5))), function at exception vector 33 too large)

.vector_34      0x9fc01640        0x8
 *(.vector_34)
 .vector_34     0x9fc01640        0x8 c:/program files/microchip/xc32/v2.50/bin/bin/../../lib/gcc/pic32mx/4.8.3/../../../../pic32mx/lib\libpic32.a(vector34.o)
                0x9fc01640                __vector_dispatch_34
                0x00000001                ASSERT (((_vector_spacing == 0x0) || (SIZEOF (.vector_34) <= (_vector_spacing << 0x5))), function at exception vector 34 too large)

.vector_35      0x9fc01660        0x8
 *(.vector_35)
 .vector_35     0x9fc01660        0x8 c:/program files/microchip/xc32/v2.50/bin/bin/../../lib/gcc/pic32mx/4.8.3/../../../../pic32mx/lib\libpic32.a(vector35.o)
                0x9fc01660                __vector_dispatch_35
                0x00000001                ASSERT (((_vector_spacing == 0x0) || (SIZEOF (.vector_35) <= (_vector_spacing << 0x5))), function at exception vector 35 too large)

.vector_36      0x9fc01680        0x8
 *(.vector_36)
 .vector_36     0x9fc01680        0x8 c:/program files/microchip/xc32/v2.50/bin/bin/../../lib/gcc/pic32mx/4.8.3/../../../../pic32mx/lib\libpic32.a(vector36.o)
                0x9fc01680                __vector_dispatch_36
                0x00000001                ASSERT (((_vector_spacing == 0x0) || (SIZEOF (.vector_36) <= (_vector_spacing << 0x5))), function at exception vector 36 too large)

.vector_37      0x9fc016a0        0x8
 *(.vector_37)
 .vector_37     0x9fc016a0        0x8 c:/program files/microchip/xc32/v2.50/bin/bin/../../lib/gcc/pic32mx/4.8.3/../../../../pic32mx/lib\libpic32.a(vector37.o)
                0x9fc016a0                __vector_dispatch_37
                0x00000001                ASSERT (((_vector_spacing == 0x0) || (SIZEOF (.vector_37) <= (_vector_spacing << 0x5))), function at exception vector 37 too large)

.vector_38      0x9fc016c0        0x8
 *(.vector_38)
 .vector_38     0x9fc016c0        0x8 c:/program files/microchip/xc32/v2.50/bin/bin/../../lib/gcc/pic32mx/4.8.3/../../../../pic32mx/lib\libpic32.a(vector38.o)
                0x9fc016c0                __vector_dispatch_38
                0x00000001                ASSERT (((_vector_spacing == 0x0) || (SIZEOF (.vector_38) <= (_vector_spacing << 0x5))), function at exception vector 38 too large)

.vector_39      0x9fc016e0        0x8
 *(.vector_39)
 .vector_39     0x9fc016e0        0x8 c:/program files/microchip/xc32/v2.50/bin/bin/../../lib/gcc/pic32mx/4.8.3/../../../../pic32mx/lib\libpic32.a(vector39.o)
                0x9fc016e0                __vector_dispatch_39
                0x00000001                ASSERT (((_vector_spacing == 0x0) || (SIZEOF (.vector_39) <= (_vector_spacing << 0x5))), function at exception vector 39 too large)

.vector_40      0x9fc01700        0x8
 *(.vector_40)
 .vector_40     0x9fc01700        0x8 c:/program files/microchip/xc32/v2.50/bin/bin/../../lib/gcc/pic32mx/4.8.3/../../../../pic32mx/lib\libpic32.a(vector40.o)
                0x9fc01700                __vector_dispatch_40
                0x00000001                ASSERT (((_vector_spacing == 0x0) || (SIZEOF (.vector_40) <= (_vector_spacing << 0x5))), function at exception vector 40 too large)

.vector_41      0x9fc01720        0x8
 *(.vector_41)
 .vector_41     0x9fc01720        0x8 c:/program files/microchip/xc32/v2.50/bin/bin/../../lib/gcc/pic32mx/4.8.3/../../../../pic32mx/lib\libpic32.a(vector41.o)
                0x9fc01720                __vector_dispatch_41
                0x00000001                ASSERT (((_vector_spacing == 0x0) || (SIZEOF (.vector_41) <= (_vector_spacing << 0x5))), function at exception vector 41 too large)

.vector_42      0x9fc01740        0x8
 *(.vector_42)
 .vector_42     0x9fc01740        0x8 c:/program files/microchip/xc32/v2.50/bin/bin/../../lib/gcc/pic32mx/4.8.3/../../../../pic32mx/lib\libpic32.a(vector42.o)
                0x9fc01740                __vector_dispatch_42
                0x00000001                ASSERT (((_vector_spacing == 0x0) || (SIZEOF (.vector_42) <= (_vector_spacing << 0x5))), function at exception vector 42 too large)

.vector_43      0x9fc01760        0x8
 *(.vector_43)
 .vector_43     0x9fc01760        0x8 c:/program files/microchip/xc32/v2.50/bin/bin/../../lib/gcc/pic32mx/4.8.3/../../../../pic32mx/lib\libpic32.a(vector43.o)
                0x9fc01760                __vector_dispatch_43
                0x00000001                ASSERT (((_vector_spacing == 0x0) || (SIZEOF (.vector_43) <= (_vector_spacing << 0x5))), function at exception vector 43 too large)

.vector_44      0x9fc01780        0x8
 *(.vector_44)
 .vector_44     0x9fc01780        0x8 c:/program files/microchip/xc32/v2.50/bin/bin/../../lib/gcc/pic32mx/4.8.3/../../../../pic32mx/lib\libpic32.a(vector44.o)
                0x9fc01780                __vector_dispatch_44
                0x00000001                ASSERT (((_vector_spacing == 0x0) || (SIZEOF (.vector_44) <= (_vector_spacing << 0x5))), function at exception vector 44 too large)

.vector_45      0x9fc017a0        0x8
 *(.vector_45)
 .vector_45     0x9fc017a0        0x8 c:/program files/microchip/xc32/v2.50/bin/bin/../../lib/gcc/pic32mx/4.8.3/../../../../pic32mx/lib\libpic32.a(vector45.o)
                0x9fc017a0                __vector_dispatch_45
                0x00000001                ASSERT (((_vector_spacing == 0x0) || (SIZEOF (.vector_45) <= (_vector_spacing << 0x5))), function at exception vector 45 too large)

.vector_46      0x9fc017c0        0x8
 *(.vector_46)
 .vector_46     0x9fc017c0        0x8 c:/program files/microchip/xc32/v2.50/bin/bin/../../lib/gcc/pic32mx/4.8.3/../../../../pic32mx/lib\libpic32.a(vector46.o)
                0x9fc017c0                __vector_dispatch_46
                0x00000001                ASSERT (((_vector_spacing == 0x0) || (SIZEOF (.vector_46) <= (_vector_spacing << 0x5))), function at exception vector 46 too large)

.vector_47      0x9fc017e0        0x8
 *(.vector_47)
 .vector_47     0x9fc017e0        0x8 c:/program files/microchip/xc32/v2.50/bin/bin/../../lib/gcc/pic32mx/4.8.3/../../../../pic32mx/lib\libpic32.a(vector47.o)
                0x9fc017e0                __vector_dispatch_47
                0x00000001                ASSERT (((_vector_spacing == 0x0) || (SIZEOF (.vector_47) <= (_vector_spacing << 0x5))), function at exception vector 47 too large)

.vector_48      0x9fc01800        0x8
 *(.vector_48)
 .vector_48     0x9fc01800        0x8 build/2312_Config/production/_ext/1708948888/system_interrupt.o
                0x9fc01800                __vector_dispatch_48
                0x00000001                ASSERT (((_vector_spacing == 0x0) || (SIZEOF (.vector_48) <= (_vector_spacing << 0x5))), function at exception vector 48 too large)

.vector_49      0x9fc01820        0x8
 *(.vector_49)
 .vector_49     0x9fc01820        0x8 c:/program files/microchip/xc32/v2.50/bin/bin/../../lib/gcc/pic32mx/4.8.3/../../../../pic32mx/lib\libpic32.a(vector49.o)
                0x9fc01820                __vector_dispatch_49
                0x00000001                ASSERT (((_vector_spacing == 0x0) || (SIZEOF (.vector_49) <= (_vector_spacing << 0x5))), function at exception vector 49 too large)

.vector_50      0x9fc01840        0x8
 *(.vector_50)
 .vector_50     0x9fc01840        0x8 c:/program files/microchip/xc32/v2.50/bin/bin/../../lib/gcc/pic32mx/4.8.3/../../../../pic32mx/lib\libpic32.a(vector50.o)
                0x9fc01840                __vector_dispatch_50
                0x00000001                ASSERT (((_vector_spacing == 0x0) || (SIZEOF (.vector_50) <= (_vector_spacing << 0x5))), function at exception vector 50 too large)

.vector_51      0x9fc01860        0x8
 *(.vector_51)
 .vector_51     0x9fc01860        0x8 c:/program files/microchip/xc32/v2.50/bin/bin/../../lib/gcc/pic32mx/4.8.3/../../../../pic32mx/lib\libpic32.a(vector51.o)
                0x9fc01860                __vector_dispatch_51
                0x00000001                ASSERT (((_vector_spacing == 0x0) || (SIZEOF (.vector_51) <= (_vector_spacing << 0x5))), function at exception vector 51 too large)

.vector_52      0x9fc01880        0x0
 *(.vector_52)
                0x00000001                ASSERT (((_vector_spacing == 0x0) || (SIZEOF (.vector_52) <= (_vector_spacing << 0x5))), function at exception vector 52 too large)

.vector_53      0x9fc018a0        0x0
 *(.vector_53)
                0x00000001                ASSERT (((_vector_spacing == 0x0) || (SIZEOF (.vector_53) <= (_vector_spacing << 0x5))), function at exception vector 53 too large)

.vector_54      0x9fc018c0        0x0
 *(.vector_54)
                0x00000001                ASSERT (((_vector_spacing == 0x0) || (SIZEOF (.vector_54) <= (_vector_spacing << 0x5))), function at exception vector 54 too large)

.vector_55      0x9fc018e0        0x0
 *(.vector_55)
                0x00000001                ASSERT (((_vector_spacing == 0x0) || (SIZEOF (.vector_55) <= (_vector_spacing << 0x5))), function at exception vector 55 too large)

.vector_56      0x9fc01900        0x0
 *(.vector_56)
                0x00000001                ASSERT (((_vector_spacing == 0x0) || (SIZEOF (.vector_56) <= (_vector_spacing << 0x5))), function at exception vector 56 too large)

.vector_57      0x9fc01920        0x0
 *(.vector_57)
                0x00000001                ASSERT (((_vector_spacing == 0x0) || (SIZEOF (.vector_57) <= (_vector_spacing << 0x5))), function at exception vector 57 too large)

.vector_58      0x9fc01940        0x0
 *(.vector_58)
                0x00000001                ASSERT (((_vector_spacing == 0x0) || (SIZEOF (.vector_58) <= (_vector_spacing << 0x5))), function at exception vector 58 too large)

.vector_59      0x9fc01960        0x0
 *(.vector_59)
                0x00000001                ASSERT (((_vector_spacing == 0x0) || (SIZEOF (.vector_59) <= (_vector_spacing << 0x5))), function at exception vector 59 too large)

.vector_60      0x9fc01980        0x0
 *(.vector_60)
                0x00000001                ASSERT (((_vector_spacing == 0x0) || (SIZEOF (.vector_60) <= (_vector_spacing << 0x5))), function at exception vector 60 too large)

.vector_61      0x9fc019a0        0x0
 *(.vector_61)
                0x00000001                ASSERT (((_vector_spacing == 0x0) || (SIZEOF (.vector_61) <= (_vector_spacing << 0x5))), function at exception vector 61 too large)

.vector_62      0x9fc019c0        0x0
 *(.vector_62)
                0x00000001                ASSERT (((_vector_spacing == 0x0) || (SIZEOF (.vector_62) <= (_vector_spacing << 0x5))), function at exception vector 62 too large)

.vector_63      0x9fc019e0        0x0
 *(.vector_63)
                0x00000001                ASSERT (((_vector_spacing == 0x0) || (SIZEOF (.vector_63) <= (_vector_spacing << 0x5))), function at exception vector 63 too large)

.startup
 *(.startup)

.text           0x9d000000        0x0
 *(.stub .gnu.linkonce.t.*)
 *(.text.*personality*)
 *(.mips16.fn.*)
 *(.mips16.call.*)
 *(.gnu.warning)
                0x9d000000                . = ALIGN (0x4)

.init           0x9d000000        0x0
 *crti.o(.init)
 *crtbegin.o(.init)
 *(EXCLUDE_FILE(*crtn.o *crtend?.o *crtend.o) .init)
 *crtend.o(.init)
 *crtn.o(.init)
                0x9d000000                . = ALIGN (0x4)

.fini           0x9d000000        0x0
 *(.fini)
                0x9d000000                . = ALIGN (0x4)

.preinit_array  0x9d000000        0x0
                0x9d000000                PROVIDE (__preinit_array_start, .)
 *(.preinit_array)
                0x9d000000                PROVIDE (__preinit_array_end, .)
                0x9d000000                . = ALIGN (0x4)

.init_array     0x9d000000        0x0
                0x9d000000                PROVIDE (__init_array_start, .)
 *(SORT(.init_array.*))
 *(.init_array)
                0x9d000000                PROVIDE (__init_array_end, .)
                0x9d000000                . = ALIGN (0x4)

.fini_array     0x9d000000        0x0
                0x9d000000                PROVIDE (__fini_array_start, .)
 *(SORT(.fini_array.*))
 *(.fini_array)
                0x9d000000                PROVIDE (__fini_array_end, .)
                0x9d000000                . = ALIGN (0x4)

.ctors          0x9d000000        0x0
 *crtbegin.o(.ctors)
 *crtbegin?.o(.ctors)
 *(EXCLUDE_FILE(*crtend?.o *crtend.o) .ctors)
 *(SORT(.ctors.*))
 *(.ctors)
                0x9d000000                . = ALIGN (0x4)

.dtors          0x9d000000        0x0
 *crtbegin.o(.dtors)
 *crtbegin?.o(.dtors)
 *(EXCLUDE_FILE(*crtend?.o *crtend.o) .dtors)
 *(SORT(.dtors.*))
 *(.dtors)
                0x9d000000                . = ALIGN (0x4)

.rodata         0x9d000000        0x0
 *(.gnu.linkonce.r.*)
 *(.rodata1)
                0x9d000000                . = ALIGN (0x4)

.sdata2         0x9fc00490        0x0
 *(.sdata2 .sdata2.* .gnu.linkonce.s2.*)
                0x9fc00490                . = ALIGN (0x4)

.sbss2          0x9fc00490        0x0
 *(.sbss2 .sbss2.* .gnu.linkonce.sb2.*)
                0x9fc00490                . = ALIGN (0x4)

.eh_frame_hdr
 *(.eh_frame_hdr)
                0x9fc00490                . = ALIGN (0x4)

.eh_frame
 *(.eh_frame)
                0x9fc00490                . = ALIGN (0x4)

.gcc_except_table
 *(.gcc_except_table .gcc_except_table.*)
                0x9fc00490                . = ALIGN (0x4)

.dbg_data       0xa0000000        0x0
                0xa0000000                . = (. + DEFINED (_DEBUGGER)?0x200:0x0)

.jcr            0xa0000000        0x0
 *(.jcr)
                0xa0000000                . = ALIGN (0x4)

.eh_frame
 *(.eh_frame)
                0xa0000000                . = ALIGN (0x4)

.gcc_except_table
 *(.gcc_except_table .gcc_except_table.*)
                0xa0000000                . = ALIGN (0x4)

.persist        0xa0000000        0x0
                0xa0000000                _persist_begin = .
 *(.persist .persist.*)
 *(.pbss .pbss.*)
                0xa0000000                . = ALIGN (0x4)
                0xa0000000                _persist_end = .

.data           0xa0000000        0x0
 *(.gnu.linkonce.d.*)
 *(.data1)
                0xa0000000                . = ALIGN (0x4)
                0xa0000000                . = .
                0xa0007ff0                _gp = (ALIGN (0x10) + 0x7ff0)

.got            0xa0000000        0x0
 *(.got.plt)
 *(.got)
                0xa0000000                . = ALIGN (0x4)

.sdata          0xa0000000       0x1c
                0xa0000000                _sdata_begin = .
 *(.sdata .sdata.* .gnu.linkonce.s.*)
 .sdata         0xa0000000        0x8 build/2312_Config/production/_ext/1833714580/arp.o
 .sdata         0xa0000008        0x1 build/2312_Config/production/_ext/1833714580/zero_conf_helper.o
                0xa0000008                zeroconf_dbg_level
 *fill*         0xa0000009        0x3 
 .sdata         0xa000000c        0x8 build/2312_Config/production/_ext/1833714580/zero_conf_link_local.o
 .sdata         0xa0000014        0x4 build/2312_Config/production/_ext/1833714580/tcpip_manager.o
 .sdata         0xa0000018        0x4 c:/program files/microchip/xc32/v2.50/bin/bin/../../lib/gcc/pic32mx/4.8.3/../../../../pic32mx/lib\libpic32.a(xc32_uart.o)
                0xa0000018                __XC_UART
                0xa000001c                . = ALIGN (0x4)
                0xa000001c                _sdata_end = .

.lit8
 *(.lit8)

.lit4
 *(.lit4)
                0xa000001c                . = ALIGN (0x4)
                0xa000001c                _data_end = .
                0xa000001c                _bss_begin = .

.sbss           0xa000001c      0x10c
                0xa000001c                _sbss_begin = .
 *(.dynsbss)
 *(.sbss .sbss.* .gnu.linkonce.sb.*)
 .sbss          0xa000001c        0x4 build/2312_Config/production/_ext/1764881201/drv_ethmac.o
 .sbss          0xa0000020        0x8 build/2312_Config/production/_ext/588727395/drv_ethphy.o
                0xa0000020                _PhyStayCondLoop
                0xa0000024                _PhyStayAssertLoop
 .sbss          0xa0000028        0x8 build/2312_Config/production/_ext/572279899/drv_miim.o
                0xa0000028                _MIIMStayCondLoop
                0xa000002c                _MIIMStayAssertLoop
 .sbss          0xa0000030        0x4 build/2312_Config/production/_ext/1152366776/drv_tmr.o
 .sbss          0xa0000034       0x1c build/2312_Config/production/_ext/1833714580/ipv4.o
                0xa0000034                _IPv4StayAssertLoop
 .sbss          0xa0000050       0x20 build/2312_Config/production/_ext/1833714580/tcp.o
 .sbss          0xa0000070       0x1c build/2312_Config/production/_ext/1833714580/udp.o
 .sbss          0xa000008c       0x24 build/2312_Config/production/_ext/1833714580/dhcp.o
 .sbss          0xa00000b0        0xc build/2312_Config/production/_ext/1833714580/icmp.o
 .sbss          0xa00000bc        0xc build/2312_Config/production/_ext/1833714580/nbns.o
 .sbss          0xa00000c8        0xc build/2312_Config/production/_ext/1833714580/zero_conf_link_local.o
 .sbss          0xa00000d4        0x4 build/2312_Config/production/_ext/1833714580/tcpip_announce.o
 .sbss          0xa00000d8       0x24 build/2312_Config/production/_ext/1833714580/tcpip_manager.o
 .sbss          0xa00000fc        0x8 build/2312_Config/production/_ext/1833714580/tcpip_packet.o
 .sbss          0xa0000104       0x10 build/2312_Config/production/_ext/1360937237/eth.o
 .sbss          0xa0000114        0xc build/2312_Config/production/_ext/1708948888/system_exceptions.o
 *(.scommon)
 .scommon       0xa0000120        0x8 build/2312_Config/production/_ext/945820938/sys_devcon.o
                0xa0000120                sysDevconObj
                0xa0000128                _sbss_end = .
                0xa0000128                . = ALIGN (0x4)

.bss            0xa0000128       0x1c
 *(.dynbss)
 *(COMMON)
 COMMON         0xa0000128        0xc build/2312_Config/production/_ext/1360937237/eth.o
                0xa0000128                ethData
 COMMON         0xa0000134       0x10 build/2312_Config/production/_ext/1708948888/system_init.o
                0xa0000134                sysObj
                0xa0000144                . = ALIGN ((. != 0x0)?0x4:0x1)
                0xa0000144                . = ALIGN (0x4)
                0xa0000144                _end = .
                0xa0000144                _bss_end = .
                0x00020000                _bmxdudba_address = 0x20000
                0x00020000                _bmxdupba_address = 0x20000

/DISCARD/
 *(.pdr)
 *(.rel.dyn)
 *(.note.GNU-stack)
 *(.note.GNU-stack)
 *(.gnu_debuglink)
 *(.gnu.lto_*)
 *(.discard)

.gptab.sdata
 *(.gptab.data)
 *(.gptab.sdata)

.gptab.sbss
 *(.gptab.bss)
 *(.gptab.sbss)

.mdebug.abi32   0xa0000144        0x0
 *(.mdebug.abi32)
 .mdebug.abi32  0xa0000144        0x0 build/2312_Config/production/_ext/1764881201/drv_ethmac.o
 .mdebug.abi32  0xa0000144        0x0 build/2312_Config/production/_ext/1764881201/drv_ethmac_lib.o
 .mdebug.abi32  0xa0000144        0x0 build/2312_Config/production/_ext/588727395/drv_ethphy.o
 .mdebug.abi32  0xa0000144        0x0 build/2312_Config/production/_ext/588727395/drv_extphy_smsc8720.o
 .mdebug.abi32  0xa0000144        0x0 build/2312_Config/production/_ext/572279899/drv_miim.o
 .mdebug.abi32  0xa0000144        0x0 build/2312_Config/production/_ext/1152366776/drv_tmr.o
 .mdebug.abi32  0xa0000144        0x0 build/2312_Config/production/_ext/711155467/sys_int_pic32.o
 .mdebug.abi32  0xa0000144        0x0 build/2312_Config/production/_ext/899838009/sys_random.o
 .mdebug.abi32  0xa0000144        0x0 build/2312_Config/production/_ext/430974239/sys_tmr.o
 .mdebug.abi32  0xa0000144        0x0 build/2312_Config/production/_ext/1833714580/ipv4.o
 .mdebug.abi32  0xa0000144        0x0 build/2312_Config/production/_ext/1833714580/tcp.o
 .mdebug.abi32  0xa0000144        0x0 build/2312_Config/production/_ext/1833714580/udp.o
 .mdebug.abi32  0xa0000144        0x0 build/2312_Config/production/_ext/1833714580/tcpip_heap_alloc.o
 .mdebug.abi32  0xa0000144        0x0 build/2312_Config/production/_ext/1833714580/tcpip_heap_internal.o
 .mdebug.abi32  0xa0000144        0x0 build/2312_Config/production/_ext/1833714580/arp.o
 .mdebug.abi32  0xa0000144        0x0 build/2312_Config/production/_ext/1833714580/dhcp.o
 .mdebug.abi32  0xa0000144        0x0 build/2312_Config/production/_ext/1833714580/dns.o
 .mdebug.abi32  0xa0000144        0x0 build/2312_Config/production/_ext/1833714580/icmp.o
 .mdebug.abi32  0xa0000144        0x0 build/2312_Config/production/_ext/1833714580/nbns.o
 .mdebug.abi32  0xa0000144        0x0 build/2312_Config/production/_ext/1833714580/zero_conf_helper.o
 .mdebug.abi32  0xa0000144        0x0 build/2312_Config/production/_ext/1833714580/zero_conf_link_local.o
 .mdebug.abi32  0xa0000144        0x0 build/2312_Config/production/_ext/1833714580/tcpip_announce.o
 .mdebug.abi32  0xa0000144        0x0 build/2312_Config/production/_ext/593738990/helpers.o
 .mdebug.abi32  0xa0000144        0x0 build/2312_Config/production/_ext/1833714580/hash_fnv.o
 .mdebug.abi32  0xa0000144        0x0 build/2312_Config/production/_ext/1833714580/oahash.o
 .mdebug.abi32  0xa0000144        0x0 build/2312_Config/production/_ext/1833714580/tcpip_helpers.o
 .mdebug.abi32  0xa0000144        0x0 build/2312_Config/production/_ext/1833714580/tcpip_manager.o
 .mdebug.abi32  0xa0000144        0x0 build/2312_Config/production/_ext/1833714580/tcpip_notify.o
 .mdebug.abi32  0xa0000144        0x0 build/2312_Config/production/_ext/1833714580/tcpip_packet.o
 .mdebug.abi32  0xa0000144        0x0 build/2312_Config/production/_ext/1360937237/eth.o
 .mdebug.abi32  0xa0000144        0x0 build/2312_Config/production/_ext/15694449/sys_clk_pic32mx.o
 .mdebug.abi32  0xa0000144        0x0 build/2312_Config/production/_ext/945820938/sys_devcon.o
 .mdebug.abi32  0xa0000144        0x0 build/2312_Config/production/_ext/945820938/sys_devcon_pic32mx.o
 .mdebug.abi32  0xa0000144        0x0 build/2312_Config/production/_ext/604921471/sys_ports_static.o
 .mdebug.abi32  0xa0000144        0x0 build/2312_Config/production/_ext/1708948888/system_init.o
 .mdebug.abi32  0xa0000144        0x0 build/2312_Config/production/_ext/1708948888/system_interrupt.o
 .mdebug.abi32  0xa0000144        0x0 build/2312_Config/production/_ext/1708948888/system_exceptions.o
 .mdebug.abi32  0xa0000144        0x0 build/2312_Config/production/_ext/1360937237/main.o
 .mdebug.abi32  0xa0000144        0x0 build/2312_Config/production/_ext/1708948888/system_tasks.o
 .mdebug.abi32  0xa0000144        0x0 c:/program files/microchip/xc32/v2.50/bin/bin/../../lib/gcc/pic32mx/4.8.3\libgcc.a(_udivdi3.o)
 .mdebug.abi32  0xa0000144        0x0 c:/program files/microchip/xc32/v2.50/bin/bin/../../lib/gcc/pic32mx/4.8.3/../../../../pic32mx/lib\libpic32.a(default-bootstrap-exception-handler.o)
 .mdebug.abi32  0xa0000144        0x0 c:/program files/microchip/xc32/v2.50/bin/bin/../../lib/gcc/pic32mx/4.8.3/../../../../pic32mx/lib\libpic32.a(default-on-reset.o)
 .mdebug.abi32  0xa0000144        0x0 c:/program files/microchip/xc32/v2.50/bin/bin/../../lib/gcc/pic32mx/4.8.3/../../../../pic32mx/lib\libpic32.a(default-on-bootstrap.o)
 .mdebug.abi32  0xa0000144        0x0 c:/program files/microchip/xc32/v2.50/bin/bin/../../lib/gcc/pic32mx/4.8.3/../../../../pic32mx/lib\libpic32.a(defaultinterrupt.o)
 .mdebug.abi32  0xa0000144        0x0 c:/program files/microchip/xc32/v2.50/bin/bin/../../lib/gcc/pic32mx/4.8.3/../../../../pic32mx/lib\libc.a(calloc.o)
 .mdebug.abi32  0xa0000144        0x0 c:/program files/microchip/xc32/v2.50/bin/bin/../../lib/gcc/pic32mx/4.8.3/../../../../pic32mx/lib\libc.a(ctype.o)
 .mdebug.abi32  0xa0000144        0x0 c:/program files/microchip/xc32/v2.50/bin/bin/../../lib/gcc/pic32mx/4.8.3/../../../../pic32mx/lib\libc.a(ctypef.o)
 .mdebug.abi32  0xa0000144        0x0 c:/program files/microchip/xc32/v2.50/bin/bin/../../lib/gcc/pic32mx/4.8.3/../../../../pic32mx/lib\libc.a(malloc.o)
 .mdebug.abi32  0xa0000144        0x0 c:/program files/microchip/xc32/v2.50/bin/bin/../../lib/gcc/pic32mx/4.8.3/../../../../pic32mx/lib\libc.a(rand.o)
 .mdebug.abi32  0xa0000144        0x0 c:/program files/microchip/xc32/v2.50/bin/bin/../../lib/gcc/pic32mx/4.8.3/../../../../pic32mx/lib\libc.a(strncpy.o)
 .mdebug.abi32  0xa0000144        0x0 c:/program files/microchip/xc32/v2.50/bin/bin/../../lib/gcc/pic32mx/4.8.3/../../../../pic32mx/lib\libc.a(strtol.o)
 .mdebug.abi32  0xa0000144        0x0 c:/program files/microchip/xc32/v2.50/bin/bin/../../lib/gcc/pic32mx/4.8.3/../../../../pic32mx/lib\libc.a(snprintf_cdnopsuxX.eo)
 .mdebug.abi32  0xa0000144        0x0 c:/program files/microchip/xc32/v2.50/bin/bin/../../lib/gcc/pic32mx/4.8.3/../../../../pic32mx/lib\libc.a(sprintf_cdnopuxX.eo)
 .mdebug.abi32  0xa0000144        0x0 c:/program files/microchip/xc32/v2.50/bin/bin/../../lib/gcc/pic32mx/4.8.3/../../../../pic32mx/lib\libc.a(vsnprintf_cdnopsuxX.eo)
 .mdebug.abi32  0xa0000144        0x0 c:/program files/microchip/xc32/v2.50/bin/bin/../../lib/gcc/pic32mx/4.8.3/../../../../pic32mx/lib\libc.a(errno.o)
 .mdebug.abi32  0xa0000144        0x0 c:/program files/microchip/xc32/v2.50/bin/bin/../../lib/gcc/pic32mx/4.8.3/../../../../pic32mx/lib\libc.a(doprnt_cdnopsuxX.eo)
 .mdebug.abi32  0xa0000144        0x0 c:/program files/microchip/xc32/v2.50/bin/bin/../../lib/gcc/pic32mx/4.8.3/../../../../pic32mx/lib\libc.a(_fputc_simple.o)
 .mdebug.abi32  0xa0000144        0x0 c:/program files/microchip/xc32/v2.50/bin/bin/../../lib/gcc/pic32mx/4.8.3/../../../../pic32mx/lib\libc.a(_iob.o)
 .mdebug.abi32  0xa0000144        0x0 c:/program files/microchip/xc32/v2.50/bin/bin/../../lib/gcc/pic32mx/4.8.3/../../../../pic32mx/lib\libc.a(_flsbuf_simple.o)
 .mdebug.abi32  0xa0000144        0x0 c:/program files/microchip/xc32/v2.50/bin/bin/../../lib/gcc/pic32mx/4.8.3\libgcc.a(_umoddi3.o)
 .mdebug.abi32  0xa0000144        0x0 c:/program files/microchip/xc32/v2.50/bin/bin/../../lib/gcc/pic32mx/4.8.3/../../../../pic32mx/lib\libpic32.a(sbrk.o)
 .mdebug.abi32  0xa0000144        0x0 c:/program files/microchip/xc32/v2.50/bin/bin/../../lib/gcc/pic32mx/4.8.3/../../../../pic32mx/lib\libpic32.a(write.o)
 .mdebug.abi32  0xa0000144        0x0 c:/program files/microchip/xc32/v2.50/bin/bin/../../lib/gcc/pic32mx/4.8.3/../../../../pic32mx/lib\libpic32.a(_mon_putc.o)
 .mdebug.abi32  0xa0000144        0x0 c:/program files/microchip/xc32/v2.50/bin/bin/../../lib/gcc/pic32mx/4.8.3/../../../../pic32mx/lib\libpic32.a(xc32_uart.o)

.mdebug.abiN32
 *(.mdebug.abiN32)

.mdebug.abi64
 *(.mdebug.abi64)

.mdebug.abiO64
 *(.mdebug.abiO64)

.mdebug.eabi32
 *(.mdebug.eabi32)

.mdebug.eabi64
 *(.mdebug.eabi64)

.gcc_compiled_long32
 *(.gcc_compiled_long32)

.gcc_compiled_long64
 *(.gcc_compiled_long64)

.stab
 *(.stab)

.stabstr
 *(.stabstr)

.stab.excl
 *(.stab.excl)

.stab.exclstr
 *(.stab.exclstr)

.stab.index
 *(.stab.index)

.stab.indexstr
 *(.stab.indexstr)

.comment        0x00000000      0x19f
 *(.comment)
 .comment       0x00000000       0x3c build/2312_Config/production/_ext/1764881201/drv_ethmac.o
                                 0x3d (size before relaxing)
 .comment       0x00000000       0x3d build/2312_Config/production/_ext/1764881201/drv_ethmac_lib.o
 .comment       0x00000000       0x3d build/2312_Config/production/_ext/588727395/drv_ethphy.o
 .comment       0x00000000       0x3d build/2312_Config/production/_ext/588727395/drv_extphy_smsc8720.o
 .comment       0x00000000       0x3d build/2312_Config/production/_ext/572279899/drv_miim.o
 .comment       0x00000000       0x3d build/2312_Config/production/_ext/1152366776/drv_tmr.o
 .comment       0x00000000       0x3d build/2312_Config/production/_ext/711155467/sys_int_pic32.o
 .comment       0x00000000       0x3d build/2312_Config/production/_ext/899838009/sys_random.o
 .comment       0x00000000       0x3d build/2312_Config/production/_ext/430974239/sys_tmr.o
 .comment       0x00000000       0x3d build/2312_Config/production/_ext/1833714580/ipv4.o
 .comment       0x00000000       0x3d build/2312_Config/production/_ext/1833714580/tcp.o
 .comment       0x00000000       0x3d build/2312_Config/production/_ext/1833714580/udp.o
 .comment       0x00000000       0x3d build/2312_Config/production/_ext/1833714580/tcpip_heap_alloc.o
 .comment       0x00000000       0x3d build/2312_Config/production/_ext/1833714580/tcpip_heap_internal.o
 .comment       0x00000000       0x3d build/2312_Config/production/_ext/1833714580/arp.o
 .comment       0x00000000       0x3d build/2312_Config/production/_ext/1833714580/dhcp.o
 .comment       0x00000000       0x3d build/2312_Config/production/_ext/1833714580/dns.o
 .comment       0x00000000       0x3d build/2312_Config/production/_ext/1833714580/icmp.o
 .comment       0x00000000       0x3d build/2312_Config/production/_ext/1833714580/nbns.o
 .comment       0x00000000       0x3d build/2312_Config/production/_ext/1833714580/zero_conf_helper.o
 .comment       0x00000000       0x3d build/2312_Config/production/_ext/1833714580/zero_conf_link_local.o
 .comment       0x00000000       0x3d build/2312_Config/production/_ext/1833714580/tcpip_announce.o
 .comment       0x00000000       0x3d build/2312_Config/production/_ext/593738990/helpers.o
 .comment       0x00000000       0x3d build/2312_Config/production/_ext/1833714580/hash_fnv.o
 .comment       0x00000000       0x3d build/2312_Config/production/_ext/1833714580/oahash.o
 .comment       0x00000000       0x3d build/2312_Config/production/_ext/1833714580/tcpip_helpers.o
 .comment       0x00000000       0x3d build/2312_Config/production/_ext/1833714580/tcpip_manager.o
 .comment       0x00000000       0x3d build/2312_Config/production/_ext/1833714580/tcpip_notify.o
 .comment       0x00000000       0x3d build/2312_Config/production/_ext/1833714580/tcpip_packet.o
 .comment       0x00000000       0x3d build/2312_Config/production/_ext/1360937237/eth.o
 .comment       0x00000000       0x3d build/2312_Config/production/_ext/15694449/sys_clk_pic32mx.o
 .comment       0x00000000       0x3d build/2312_Config/production/_ext/945820938/sys_devcon.o
 .comment       0x00000000       0x3d build/2312_Config/production/_ext/945820938/sys_devcon_pic32mx.o
 .comment       0x00000000       0x3d build/2312_Config/production/_ext/604921471/sys_ports_static.o
 .comment       0x00000000       0x3d build/2312_Config/production/_ext/1708948888/system_init.o
 .comment       0x00000000       0x3d build/2312_Config/production/_ext/1708948888/system_interrupt.o
 .comment       0x00000000       0x3d build/2312_Config/production/_ext/1708948888/system_exceptions.o
 .comment       0x00000000       0x3d build/2312_Config/production/_ext/1360937237/main.o
 .comment       0x00000000       0x3d build/2312_Config/production/_ext/1708948888/system_tasks.o
 .comment       0x00000000       0x3d c:/program files/microchip/xc32/v2.50/bin/bin/../../lib/gcc/pic32mx/4.8.3\libgcc.a(_udivdi3.o)
 .comment       0x0000003c       0x18 c:/program files/microchip/xc32/v2.50/bin/bin/../../lib/gcc/pic32mx/4.8.3/../../../../pic32mx/lib\libpic32.a(memcmp.o)
                                 0x19 (size before relaxing)
 .comment       0x00000054       0x18 c:/program files/microchip/xc32/v2.50/bin/bin/../../lib/gcc/pic32mx/4.8.3/../../../../pic32mx/lib\libpic32.a(memset.o)
                                 0x19 (size before relaxing)
 .comment       0x0000006c       0x19 c:/program files/microchip/xc32/v2.50/bin/bin/../../lib/gcc/pic32mx/4.8.3/../../../../pic32mx/lib\libpic32.a(strcmp.o)
                                 0x1a (size before relaxing)
 .comment       0x00000085       0x19 c:/program files/microchip/xc32/v2.50/bin/bin/../../lib/gcc/pic32mx/4.8.3/../../../../pic32mx/lib\libpic32.a(strcpy.o)
                                 0x1a (size before relaxing)
 .comment       0x0000009e       0x19 c:/program files/microchip/xc32/v2.50/bin/bin/../../lib/gcc/pic32mx/4.8.3/../../../../pic32mx/lib\libpic32.a(strlen.o)
                                 0x1a (size before relaxing)
 .comment       0x00000000       0x3d c:/program files/microchip/xc32/v2.50/bin/bin/../../lib/gcc/pic32mx/4.8.3/../../../../pic32mx/lib\libpic32.a(default-bootstrap-exception-handler.o)
 .comment       0x00000000       0x3d c:/program files/microchip/xc32/v2.50/bin/bin/../../lib/gcc/pic32mx/4.8.3/../../../../pic32mx/lib\libpic32.a(default-on-reset.o)
 .comment       0x00000000       0x3d c:/program files/microchip/xc32/v2.50/bin/bin/../../lib/gcc/pic32mx/4.8.3/../../../../pic32mx/lib\libpic32.a(default-on-bootstrap.o)
 .comment       0x00000000       0x3d c:/program files/microchip/xc32/v2.50/bin/bin/../../lib/gcc/pic32mx/4.8.3/../../../../pic32mx/lib\libpic32.a(defaultinterrupt.o)
 .comment       0x00000000       0x3d c:/program files/microchip/xc32/v2.50/bin/bin/../../lib/gcc/pic32mx/4.8.3/../../../../pic32mx/lib\libc.a(calloc.o)
 .comment       0x000000b7       0x4e c:/program files/microchip/xc32/v2.50/bin/bin/../../lib/gcc/pic32mx/4.8.3/../../../../pic32mx/lib\libc.a(ctype.o)
                                 0x8b (size before relaxing)
 .comment       0x00000105       0x4f c:/program files/microchip/xc32/v2.50/bin/bin/../../lib/gcc/pic32mx/4.8.3/../../../../pic32mx/lib\libc.a(ctypef.o)
                                 0x8c (size before relaxing)
 .comment       0x00000000       0x3d c:/program files/microchip/xc32/v2.50/bin/bin/../../lib/gcc/pic32mx/4.8.3/../../../../pic32mx/lib\libc.a(malloc.o)
 .comment       0x00000000       0x3d c:/program files/microchip/xc32/v2.50/bin/bin/../../lib/gcc/pic32mx/4.8.3/../../../../pic32mx/lib\libc.a(rand.o)
 .comment       0x00000000       0x3d c:/program files/microchip/xc32/v2.50/bin/bin/../../lib/gcc/pic32mx/4.8.3/../../../../pic32mx/lib\libc.a(strncpy.o)
 .comment       0x00000000       0x3d c:/program files/microchip/xc32/v2.50/bin/bin/../../lib/gcc/pic32mx/4.8.3/../../../../pic32mx/lib\libc.a(strtol.o)
 .comment       0x00000000       0x3d c:/program files/microchip/xc32/v2.50/bin/bin/../../lib/gcc/pic32mx/4.8.3/../../../../pic32mx/lib\libc.a(snprintf_cdnopsuxX.eo)
 .comment       0x00000000       0x3d c:/program files/microchip/xc32/v2.50/bin/bin/../../lib/gcc/pic32mx/4.8.3/../../../../pic32mx/lib\libc.a(sprintf_cdnopuxX.eo)
 .comment       0x00000000       0x3d c:/program files/microchip/xc32/v2.50/bin/bin/../../lib/gcc/pic32mx/4.8.3/../../../../pic32mx/lib\libc.a(vsnprintf_cdnopsuxX.eo)
 .comment       0x00000000       0x3d c:/program files/microchip/xc32/v2.50/bin/bin/../../lib/gcc/pic32mx/4.8.3/../../../../pic32mx/lib\libc.a(errno.o)
 .comment       0x00000000       0x3d c:/program files/microchip/xc32/v2.50/bin/bin/../../lib/gcc/pic32mx/4.8.3/../../../../pic32mx/lib\libc.a(doprnt_cdnopsuxX.eo)
 .comment       0x00000000       0x3d c:/program files/microchip/xc32/v2.50/bin/bin/../../lib/gcc/pic32mx/4.8.3/../../../../pic32mx/lib\libc.a(_fputc_simple.o)
 .comment       0x00000000       0x3d c:/program files/microchip/xc32/v2.50/bin/bin/../../lib/gcc/pic32mx/4.8.3/../../../../pic32mx/lib\libc.a(_iob.o)
 .comment       0x00000000       0x3d c:/program files/microchip/xc32/v2.50/bin/bin/../../lib/gcc/pic32mx/4.8.3/../../../../pic32mx/lib\libc.a(_flsbuf_simple.o)
 .comment       0x00000000       0x3d c:/program files/microchip/xc32/v2.50/bin/bin/../../lib/gcc/pic32mx/4.8.3\libgcc.a(_umoddi3.o)
 .comment       0x00000154       0x4b c:/program files/microchip/xc32/v2.50/bin/bin/../../lib/gcc/pic32mx/4.8.3/../../../../pic32mx/lib\libpic32.a(sbrk.o)
                                 0x88 (size before relaxing)
 .comment       0x00000000       0x3d c:/program files/microchip/xc32/v2.50/bin/bin/../../lib/gcc/pic32mx/4.8.3/../../../../pic32mx/lib\libpic32.a(write.o)
 .comment       0x00000000       0x3d c:/program files/microchip/xc32/v2.50/bin/bin/../../lib/gcc/pic32mx/4.8.3/../../../../pic32mx/lib\libpic32.a(_mon_putc.o)
 .comment       0x00000000       0x3d c:/program files/microchip/xc32/v2.50/bin/bin/../../lib/gcc/pic32mx/4.8.3/../../../../pic32mx/lib\libpic32.a(xc32_uart.o)

.debug
 *(.debug)

.line
 *(.line)

.debug_srcinfo
 *(.debug_srcinfo)

.debug_sfnames
 *(.debug_sfnames)

.debug_aranges  0x00000000     0x1fe0
 *(.debug_aranges)
 .debug_aranges
                0x00000000      0x180 build/2312_Config/production/_ext/1764881201/drv_ethmac.o
 .debug_aranges
                0x00000180       0xe8 build/2312_Config/production/_ext/1764881201/drv_ethmac_lib.o
 .debug_aranges
                0x00000268      0x278 build/2312_Config/production/_ext/588727395/drv_ethphy.o
 .debug_aranges
                0x000004e0       0x30 build/2312_Config/production/_ext/588727395/drv_extphy_smsc8720.o
 .debug_aranges
                0x00000510       0xe8 build/2312_Config/production/_ext/572279899/drv_miim.o
 .debug_aranges
                0x000005f8      0x110 build/2312_Config/production/_ext/1152366776/drv_tmr.o
 .debug_aranges
                0x00000708       0x48 build/2312_Config/production/_ext/711155467/sys_int_pic32.o
 .debug_aranges
                0x00000750       0x38 build/2312_Config/production/_ext/899838009/sys_random.o
 .debug_aranges
                0x00000788       0xd0 build/2312_Config/production/_ext/430974239/sys_tmr.o
 .debug_aranges
                0x00000858       0xc0 build/2312_Config/production/_ext/1833714580/ipv4.o
 .debug_aranges
                0x00000918      0x220 build/2312_Config/production/_ext/1833714580/tcp.o
 .debug_aranges
                0x00000b38      0x1b8 build/2312_Config/production/_ext/1833714580/udp.o
 .debug_aranges
                0x00000cf0       0x48 build/2312_Config/production/_ext/1833714580/tcpip_heap_alloc.o
 .debug_aranges
                0x00000d38       0x68 build/2312_Config/production/_ext/1833714580/tcpip_heap_internal.o
 .debug_aranges
                0x00000da0      0x120 build/2312_Config/production/_ext/1833714580/arp.o
 .debug_aranges
                0x00000ec0      0x188 build/2312_Config/production/_ext/1833714580/dhcp.o
 .debug_aranges
                0x00001048       0x68 build/2312_Config/production/_ext/1833714580/dns.o
 .debug_aranges
                0x000010b0       0x38 build/2312_Config/production/_ext/1833714580/icmp.o
 .debug_aranges
                0x000010e8       0x40 build/2312_Config/production/_ext/1833714580/nbns.o
 .debug_aranges
                0x00001128       0x20 build/2312_Config/production/_ext/1833714580/zero_conf_helper.o
 .debug_aranges
                0x00001148       0x78 build/2312_Config/production/_ext/1833714580/zero_conf_link_local.o
 .debug_aranges
                0x000011c0       0x98 build/2312_Config/production/_ext/1833714580/tcpip_announce.o
 .debug_aranges
                0x00001258       0x40 build/2312_Config/production/_ext/593738990/helpers.o
 .debug_aranges
                0x00001298       0x28 build/2312_Config/production/_ext/1833714580/hash_fnv.o
 .debug_aranges
                0x000012c0       0x50 build/2312_Config/production/_ext/1833714580/oahash.o
 .debug_aranges
                0x00001310      0x210 build/2312_Config/production/_ext/1833714580/tcpip_helpers.o
 .debug_aranges
                0x00001520       0x20 build/2312_Config/production/_ext/1833714580/tcpip_helper_c32.o
 .debug_aranges
                0x00001540      0x378 build/2312_Config/production/_ext/1833714580/tcpip_manager.o
 .debug_aranges
                0x000018b8       0x40 build/2312_Config/production/_ext/1833714580/tcpip_notify.o
 .debug_aranges
                0x000018f8       0x78 build/2312_Config/production/_ext/1833714580/tcpip_packet.o
 .debug_aranges
                0x00001970       0x28 build/2312_Config/production/_ext/1360937237/eth.o
 .debug_aranges
                0x00001998       0x50 build/2312_Config/production/_ext/15694449/sys_clk_pic32mx.o
 .debug_aranges
                0x000019e8       0x78 build/2312_Config/production/_ext/945820938/sys_devcon.o
 .debug_aranges
                0x00001a60       0x20 build/2312_Config/production/_ext/945820938/sys_devcon_pic32mx.o
 .debug_aranges
                0x00001a80      0x148 build/2312_Config/production/_ext/604921471/sys_ports_static.o
 .debug_aranges
                0x00001bc8       0x28 build/2312_Config/production/_ext/1708948888/system_init.o
 .debug_aranges
                0x00001bf0       0x30 build/2312_Config/production/_ext/1708948888/system_interrupt.o
 .debug_aranges
                0x00001c20       0x20 build/2312_Config/production/_ext/1708948888/system_exceptions.o
 .debug_aranges
                0x00001c40       0x20 build/2312_Config/production/_ext/1360937237/main.o
 .debug_aranges
                0x00001c60       0x20 build/2312_Config/production/_ext/1708948888/system_tasks.o
 .debug_aranges
                0x00001c80       0x20 c:/program files/microchip/xc32/v2.50/bin/bin/../../lib/gcc/pic32mx/4.8.3\libgcc.a(_udivdi3.o)
 .debug_aranges
                0x00001ca0       0x20 c:/program files/microchip/xc32/v2.50/bin/bin/../../lib/gcc/pic32mx/4.8.3/../../../../pic32mx/lib\libpic32.a(default-bootstrap-exception-handler.o)
 .debug_aranges
                0x00001cc0       0x20 c:/program files/microchip/xc32/v2.50/bin/bin/../../lib/gcc/pic32mx/4.8.3/../../../../pic32mx/lib\libpic32.a(default-on-reset.o)
 .debug_aranges
                0x00001ce0       0x20 c:/program files/microchip/xc32/v2.50/bin/bin/../../lib/gcc/pic32mx/4.8.3/../../../../pic32mx/lib\libpic32.a(default-on-bootstrap.o)
 .debug_aranges
                0x00001d00       0x20 c:/program files/microchip/xc32/v2.50/bin/bin/../../lib/gcc/pic32mx/4.8.3/../../../../pic32mx/lib\libpic32.a(defaultinterrupt.o)
 .debug_aranges
                0x00001d20       0x20 c:/program files/microchip/xc32/v2.50/bin/bin/../../lib/gcc/pic32mx/4.8.3/../../../../pic32mx/lib\libc.a(calloc.o)
 .debug_aranges
                0x00001d40       0xa0 c:/program files/microchip/xc32/v2.50/bin/bin/../../lib/gcc/pic32mx/4.8.3/../../../../pic32mx/lib\libc.a(ctypef.o)
 .debug_aranges
                0x00001de0       0x30 c:/program files/microchip/xc32/v2.50/bin/bin/../../lib/gcc/pic32mx/4.8.3/../../../../pic32mx/lib\libc.a(malloc.o)
 .debug_aranges
                0x00001e10       0x28 c:/program files/microchip/xc32/v2.50/bin/bin/../../lib/gcc/pic32mx/4.8.3/../../../../pic32mx/lib\libc.a(rand.o)
 .debug_aranges
                0x00001e38       0x20 c:/program files/microchip/xc32/v2.50/bin/bin/../../lib/gcc/pic32mx/4.8.3/../../../../pic32mx/lib\libc.a(strncpy.o)
 .debug_aranges
                0x00001e58       0x28 c:/program files/microchip/xc32/v2.50/bin/bin/../../lib/gcc/pic32mx/4.8.3/../../../../pic32mx/lib\libc.a(strtol.o)
 .debug_aranges
                0x00001e80       0x20 c:/program files/microchip/xc32/v2.50/bin/bin/../../lib/gcc/pic32mx/4.8.3/../../../../pic32mx/lib\libc.a(snprintf_cdnopsuxX.eo)
 .debug_aranges
                0x00001ea0       0x20 c:/program files/microchip/xc32/v2.50/bin/bin/../../lib/gcc/pic32mx/4.8.3/../../../../pic32mx/lib\libc.a(sprintf_cdnopuxX.eo)
 .debug_aranges
                0x00001ec0       0x20 c:/program files/microchip/xc32/v2.50/bin/bin/../../lib/gcc/pic32mx/4.8.3/../../../../pic32mx/lib\libc.a(vsnprintf_cdnopsuxX.eo)
 .debug_aranges
                0x00001ee0       0x20 c:/program files/microchip/xc32/v2.50/bin/bin/../../lib/gcc/pic32mx/4.8.3/../../../../pic32mx/lib\libc.a(doprnt_cdnopsuxX.eo)
 .debug_aranges
                0x00001f00       0x20 c:/program files/microchip/xc32/v2.50/bin/bin/../../lib/gcc/pic32mx/4.8.3/../../../../pic32mx/lib\libc.a(_fputc_simple.o)
 .debug_aranges
                0x00001f20       0x20 c:/program files/microchip/xc32/v2.50/bin/bin/../../lib/gcc/pic32mx/4.8.3/../../../../pic32mx/lib\libc.a(_flsbuf_simple.o)
 .debug_aranges
                0x00001f40       0x20 c:/program files/microchip/xc32/v2.50/bin/bin/../../lib/gcc/pic32mx/4.8.3\libgcc.a(_umoddi3.o)
 .debug_aranges
                0x00001f60       0x40 c:/program files/microchip/xc32/v2.50/bin/bin/../../lib/gcc/pic32mx/4.8.3/../../../../pic32mx/lib\libpic32.a(sbrk.o)
 .debug_aranges
                0x00001fa0       0x20 c:/program files/microchip/xc32/v2.50/bin/bin/../../lib/gcc/pic32mx/4.8.3/../../../../pic32mx/lib\libpic32.a(write.o)
 .debug_aranges
                0x00001fc0       0x20 c:/program files/microchip/xc32/v2.50/bin/bin/../../lib/gcc/pic32mx/4.8.3/../../../../pic32mx/lib\libpic32.a(_mon_putc.o)

.debug_pubnames
 *(.debug_pubnames)

.debug_info     0x00000000    0x9b955
 *(.debug_info .gnu.linkonce.wi.*)
 .debug_info    0x00000000     0xda06 build/2312_Config/production/_ext/1764881201/drv_ethmac.o
 .debug_info    0x0000da06     0xab90 build/2312_Config/production/_ext/1764881201/drv_ethmac_lib.o
 .debug_info    0x00018596     0x6ce8 build/2312_Config/production/_ext/588727395/drv_ethphy.o
 .debug_info    0x0001f27e     0x1a29 build/2312_Config/production/_ext/588727395/drv_extphy_smsc8720.o
 .debug_info    0x00020ca7     0x7bd3 build/2312_Config/production/_ext/572279899/drv_miim.o
 .debug_info    0x0002887a     0x536f build/2312_Config/production/_ext/1152366776/drv_tmr.o
 .debug_info    0x0002dbe9     0x13b9 build/2312_Config/production/_ext/711155467/sys_int_pic32.o
 .debug_info    0x0002efa2      0x5da build/2312_Config/production/_ext/899838009/sys_random.o
 .debug_info    0x0002f57c     0x292a build/2312_Config/production/_ext/430974239/sys_tmr.o
 .debug_info    0x00031ea6     0x6531 build/2312_Config/production/_ext/1833714580/ipv4.o
 .debug_info    0x000383d7     0xa9ad build/2312_Config/production/_ext/1833714580/tcp.o
 .debug_info    0x00042d84     0x8c0f build/2312_Config/production/_ext/1833714580/udp.o
 .debug_info    0x0004b993     0x1218 build/2312_Config/production/_ext/1833714580/tcpip_heap_alloc.o
 .debug_info    0x0004cbab     0x216e build/2312_Config/production/_ext/1833714580/tcpip_heap_internal.o
 .debug_info    0x0004ed19     0x6e0f build/2312_Config/production/_ext/1833714580/arp.o
 .debug_info    0x00055b28     0x9616 build/2312_Config/production/_ext/1833714580/dhcp.o
 .debug_info    0x0005f13e     0x1105 build/2312_Config/production/_ext/1833714580/dns.o
 .debug_info    0x00060243     0x3800 build/2312_Config/production/_ext/1833714580/icmp.o
 .debug_info    0x00063a43     0x3d15 build/2312_Config/production/_ext/1833714580/nbns.o
 .debug_info    0x00067758      0x9a0 build/2312_Config/production/_ext/1833714580/zero_conf_helper.o
 .debug_info    0x000680f8     0x4784 build/2312_Config/production/_ext/1833714580/zero_conf_link_local.o
 .debug_info    0x0006c87c     0x4d6a build/2312_Config/production/_ext/1833714580/tcpip_announce.o
 .debug_info    0x000715e6      0x4aa build/2312_Config/production/_ext/593738990/helpers.o
 .debug_info    0x00071a90      0x29f build/2312_Config/production/_ext/1833714580/hash_fnv.o
 .debug_info    0x00071d2f      0x8b9 build/2312_Config/production/_ext/1833714580/oahash.o
 .debug_info    0x000725e8     0x53a7 build/2312_Config/production/_ext/1833714580/tcpip_helpers.o
 .debug_info    0x0007798f       0xce build/2312_Config/production/_ext/1833714580/tcpip_helper_c32.o
 .debug_info    0x00077a5d     0xad3d build/2312_Config/production/_ext/1833714580/tcpip_manager.o
 .debug_info    0x0008279a     0x114a build/2312_Config/production/_ext/1833714580/tcpip_notify.o
 .debug_info    0x000838e4     0x34db build/2312_Config/production/_ext/1833714580/tcpip_packet.o
 .debug_info    0x00086dbf     0x1297 build/2312_Config/production/_ext/1360937237/eth.o
 .debug_info    0x00088056     0x14f6 build/2312_Config/production/_ext/15694449/sys_clk_pic32mx.o
 .debug_info    0x0008954c     0x164e build/2312_Config/production/_ext/945820938/sys_devcon.o
 .debug_info    0x0008ab9a     0x179d build/2312_Config/production/_ext/945820938/sys_devcon_pic32mx.o
 .debug_info    0x0008c337     0x3fca build/2312_Config/production/_ext/604921471/sys_ports_static.o
 .debug_info    0x00090301     0x69de build/2312_Config/production/_ext/1708948888/system_init.o
 .debug_info    0x00096cdf     0x1532 build/2312_Config/production/_ext/1708948888/system_interrupt.o
 .debug_info    0x00098211      0xa9e build/2312_Config/production/_ext/1708948888/system_exceptions.o
 .debug_info    0x00098caf      0x1d1 build/2312_Config/production/_ext/1360937237/main.o
 .debug_info    0x00098e80      0xa90 build/2312_Config/production/_ext/1708948888/system_tasks.o
 .debug_info    0x00099910      0x74b c:/program files/microchip/xc32/v2.50/bin/bin/../../lib/gcc/pic32mx/4.8.3\libgcc.a(_udivdi3.o)
 .debug_info    0x0009a05b       0xf4 c:/program files/microchip/xc32/v2.50/bin/bin/../../lib/gcc/pic32mx/4.8.3/../../../../pic32mx/lib\libpic32.a(default-bootstrap-exception-handler.o)
 .debug_info    0x0009a14f       0xcd c:/program files/microchip/xc32/v2.50/bin/bin/../../lib/gcc/pic32mx/4.8.3/../../../../pic32mx/lib\libpic32.a(default-on-reset.o)
 .debug_info    0x0009a21c       0xd5 c:/program files/microchip/xc32/v2.50/bin/bin/../../lib/gcc/pic32mx/4.8.3/../../../../pic32mx/lib\libpic32.a(default-on-bootstrap.o)
 .debug_info    0x0009a2f1       0xe7 c:/program files/microchip/xc32/v2.50/bin/bin/../../lib/gcc/pic32mx/4.8.3/../../../../pic32mx/lib\libpic32.a(defaultinterrupt.o)
 .debug_info    0x0009a3d8       0xc4 c:/program files/microchip/xc32/v2.50/bin/bin/../../lib/gcc/pic32mx/4.8.3/../../../../pic32mx/lib\libc.a(calloc.o)
 .debug_info    0x0009a49c      0x238 c:/program files/microchip/xc32/v2.50/bin/bin/../../lib/gcc/pic32mx/4.8.3/../../../../pic32mx/lib\libc.a(ctypef.o)
 .debug_info    0x0009a6d4       0xf5 c:/program files/microchip/xc32/v2.50/bin/bin/../../lib/gcc/pic32mx/4.8.3/../../../../pic32mx/lib\libc.a(malloc.o)
 .debug_info    0x0009a7c9       0xdb c:/program files/microchip/xc32/v2.50/bin/bin/../../lib/gcc/pic32mx/4.8.3/../../../../pic32mx/lib\libc.a(rand.o)
 .debug_info    0x0009a8a4       0xc6 c:/program files/microchip/xc32/v2.50/bin/bin/../../lib/gcc/pic32mx/4.8.3/../../../../pic32mx/lib\libc.a(strncpy.o)
 .debug_info    0x0009a96a       0xdb c:/program files/microchip/xc32/v2.50/bin/bin/../../lib/gcc/pic32mx/4.8.3/../../../../pic32mx/lib\libc.a(strtol.o)
 .debug_info    0x0009aa45       0xd3 c:/program files/microchip/xc32/v2.50/bin/bin/../../lib/gcc/pic32mx/4.8.3/../../../../pic32mx/lib\libc.a(snprintf_cdnopsuxX.eo)
 .debug_info    0x0009ab18       0xd0 c:/program files/microchip/xc32/v2.50/bin/bin/../../lib/gcc/pic32mx/4.8.3/../../../../pic32mx/lib\libc.a(sprintf_cdnopuxX.eo)
 .debug_info    0x0009abe8       0xd5 c:/program files/microchip/xc32/v2.50/bin/bin/../../lib/gcc/pic32mx/4.8.3/../../../../pic32mx/lib\libc.a(vsnprintf_cdnopsuxX.eo)
 .debug_info    0x0009acbd       0xd2 c:/program files/microchip/xc32/v2.50/bin/bin/../../lib/gcc/pic32mx/4.8.3/../../../../pic32mx/lib\libc.a(doprnt_cdnopsuxX.eo)
 .debug_info    0x0009ad8f       0xc2 c:/program files/microchip/xc32/v2.50/bin/bin/../../lib/gcc/pic32mx/4.8.3/../../../../pic32mx/lib\libc.a(_fputc_simple.o)
 .debug_info    0x0009ae51       0xc5 c:/program files/microchip/xc32/v2.50/bin/bin/../../lib/gcc/pic32mx/4.8.3/../../../../pic32mx/lib\libc.a(_flsbuf_simple.o)
 .debug_info    0x0009af16      0x788 c:/program files/microchip/xc32/v2.50/bin/bin/../../lib/gcc/pic32mx/4.8.3\libgcc.a(_umoddi3.o)
 .debug_info    0x0009b69e      0x131 c:/program files/microchip/xc32/v2.50/bin/bin/../../lib/gcc/pic32mx/4.8.3/../../../../pic32mx/lib\libpic32.a(sbrk.o)
 .debug_info    0x0009b7cf       0xbf c:/program files/microchip/xc32/v2.50/bin/bin/../../lib/gcc/pic32mx/4.8.3/../../../../pic32mx/lib\libpic32.a(write.o)
 .debug_info    0x0009b88e       0xc7 c:/program files/microchip/xc32/v2.50/bin/bin/../../lib/gcc/pic32mx/4.8.3/../../../../pic32mx/lib\libpic32.a(_mon_putc.o)

.debug_abbrev   0x00000000     0x897b
 *(.debug_abbrev)
 .debug_abbrev  0x00000000      0x60a build/2312_Config/production/_ext/1764881201/drv_ethmac.o
 .debug_abbrev  0x0000060a      0x57c build/2312_Config/production/_ext/1764881201/drv_ethmac_lib.o
 .debug_abbrev  0x00000b86      0x484 build/2312_Config/production/_ext/588727395/drv_ethphy.o
 .debug_abbrev  0x0000100a      0x1e3 build/2312_Config/production/_ext/588727395/drv_extphy_smsc8720.o
 .debug_abbrev  0x000011ed      0x5f4 build/2312_Config/production/_ext/572279899/drv_miim.o
 .debug_abbrev  0x000017e1      0x4d7 build/2312_Config/production/_ext/1152366776/drv_tmr.o
 .debug_abbrev  0x00001cb8      0x237 build/2312_Config/production/_ext/711155467/sys_int_pic32.o
 .debug_abbrev  0x00001eef      0x1de build/2312_Config/production/_ext/899838009/sys_random.o
 .debug_abbrev  0x000020cd      0x500 build/2312_Config/production/_ext/430974239/sys_tmr.o
 .debug_abbrev  0x000025cd      0x52b build/2312_Config/production/_ext/1833714580/ipv4.o
 .debug_abbrev  0x00002af8      0x5bf build/2312_Config/production/_ext/1833714580/tcp.o
 .debug_abbrev  0x000030b7      0x620 build/2312_Config/production/_ext/1833714580/udp.o
 .debug_abbrev  0x000036d7      0x177 build/2312_Config/production/_ext/1833714580/tcpip_heap_alloc.o
 .debug_abbrev  0x0000384e      0x3b4 build/2312_Config/production/_ext/1833714580/tcpip_heap_internal.o
 .debug_abbrev  0x00003c02      0x50d build/2312_Config/production/_ext/1833714580/arp.o
 .debug_abbrev  0x0000410f      0x567 build/2312_Config/production/_ext/1833714580/dhcp.o
 .debug_abbrev  0x00004676      0x173 build/2312_Config/production/_ext/1833714580/dns.o
 .debug_abbrev  0x000047e9      0x404 build/2312_Config/production/_ext/1833714580/icmp.o
 .debug_abbrev  0x00004bed      0x416 build/2312_Config/production/_ext/1833714580/nbns.o
 .debug_abbrev  0x00005003      0x116 build/2312_Config/production/_ext/1833714580/zero_conf_helper.o
 .debug_abbrev  0x00005119      0x49f build/2312_Config/production/_ext/1833714580/zero_conf_link_local.o
 .debug_abbrev  0x000055b8      0x47f build/2312_Config/production/_ext/1833714580/tcpip_announce.o
 .debug_abbrev  0x00005a37      0x12e build/2312_Config/production/_ext/593738990/helpers.o
 .debug_abbrev  0x00005b65       0xb5 build/2312_Config/production/_ext/1833714580/hash_fnv.o
 .debug_abbrev  0x00005c1a      0x277 build/2312_Config/production/_ext/1833714580/oahash.o
 .debug_abbrev  0x00005e91      0x4c1 build/2312_Config/production/_ext/1833714580/tcpip_helpers.o
 .debug_abbrev  0x00006352       0x14 build/2312_Config/production/_ext/1833714580/tcpip_helper_c32.o
 .debug_abbrev  0x00006366      0x633 build/2312_Config/production/_ext/1833714580/tcpip_manager.o
 .debug_abbrev  0x00006999      0x234 build/2312_Config/production/_ext/1833714580/tcpip_notify.o
 .debug_abbrev  0x00006bcd      0x39f build/2312_Config/production/_ext/1833714580/tcpip_packet.o
 .debug_abbrev  0x00006f6c      0x249 build/2312_Config/production/_ext/1360937237/eth.o
 .debug_abbrev  0x000071b5      0x26b build/2312_Config/production/_ext/15694449/sys_clk_pic32mx.o
 .debug_abbrev  0x00007420      0x27b build/2312_Config/production/_ext/945820938/sys_devcon.o
 .debug_abbrev  0x0000769b      0x20f build/2312_Config/production/_ext/945820938/sys_devcon_pic32mx.o
 .debug_abbrev  0x000078aa      0x270 build/2312_Config/production/_ext/604921471/sys_ports_static.o
 .debug_abbrev  0x00007b1a      0x3c7 build/2312_Config/production/_ext/1708948888/system_init.o
 .debug_abbrev  0x00007ee1      0x210 build/2312_Config/production/_ext/1708948888/system_interrupt.o
 .debug_abbrev  0x000080f1       0xfc build/2312_Config/production/_ext/1708948888/system_exceptions.o
 .debug_abbrev  0x000081ed       0x93 build/2312_Config/production/_ext/1360937237/main.o
 .debug_abbrev  0x00008280      0x11a build/2312_Config/production/_ext/1708948888/system_tasks.o
 .debug_abbrev  0x0000839a      0x138 c:/program files/microchip/xc32/v2.50/bin/bin/../../lib/gcc/pic32mx/4.8.3\libgcc.a(_udivdi3.o)
 .debug_abbrev  0x000084d2       0x28 c:/program files/microchip/xc32/v2.50/bin/bin/../../lib/gcc/pic32mx/4.8.3/../../../../pic32mx/lib\libpic32.a(default-bootstrap-exception-handler.o)
 .debug_abbrev  0x000084fa       0x28 c:/program files/microchip/xc32/v2.50/bin/bin/../../lib/gcc/pic32mx/4.8.3/../../../../pic32mx/lib\libpic32.a(default-on-reset.o)
 .debug_abbrev  0x00008522       0x28 c:/program files/microchip/xc32/v2.50/bin/bin/../../lib/gcc/pic32mx/4.8.3/../../../../pic32mx/lib\libpic32.a(default-on-bootstrap.o)
 .debug_abbrev  0x0000854a       0x28 c:/program files/microchip/xc32/v2.50/bin/bin/../../lib/gcc/pic32mx/4.8.3/../../../../pic32mx/lib\libpic32.a(defaultinterrupt.o)
 .debug_abbrev  0x00008572       0x28 c:/program files/microchip/xc32/v2.50/bin/bin/../../lib/gcc/pic32mx/4.8.3/../../../../pic32mx/lib\libc.a(calloc.o)
 .debug_abbrev  0x0000859a       0x28 c:/program files/microchip/xc32/v2.50/bin/bin/../../lib/gcc/pic32mx/4.8.3/../../../../pic32mx/lib\libc.a(ctypef.o)
 .debug_abbrev  0x000085c2       0x47 c:/program files/microchip/xc32/v2.50/bin/bin/../../lib/gcc/pic32mx/4.8.3/../../../../pic32mx/lib\libc.a(malloc.o)
 .debug_abbrev  0x00008609       0x47 c:/program files/microchip/xc32/v2.50/bin/bin/../../lib/gcc/pic32mx/4.8.3/../../../../pic32mx/lib\libc.a(rand.o)
 .debug_abbrev  0x00008650       0x28 c:/program files/microchip/xc32/v2.50/bin/bin/../../lib/gcc/pic32mx/4.8.3/../../../../pic32mx/lib\libc.a(strncpy.o)
 .debug_abbrev  0x00008678       0x28 c:/program files/microchip/xc32/v2.50/bin/bin/../../lib/gcc/pic32mx/4.8.3/../../../../pic32mx/lib\libc.a(strtol.o)
 .debug_abbrev  0x000086a0       0x28 c:/program files/microchip/xc32/v2.50/bin/bin/../../lib/gcc/pic32mx/4.8.3/../../../../pic32mx/lib\libc.a(snprintf_cdnopsuxX.eo)
 .debug_abbrev  0x000086c8       0x28 c:/program files/microchip/xc32/v2.50/bin/bin/../../lib/gcc/pic32mx/4.8.3/../../../../pic32mx/lib\libc.a(sprintf_cdnopuxX.eo)
 .debug_abbrev  0x000086f0       0x28 c:/program files/microchip/xc32/v2.50/bin/bin/../../lib/gcc/pic32mx/4.8.3/../../../../pic32mx/lib\libc.a(vsnprintf_cdnopsuxX.eo)
 .debug_abbrev  0x00008718       0x28 c:/program files/microchip/xc32/v2.50/bin/bin/../../lib/gcc/pic32mx/4.8.3/../../../../pic32mx/lib\libc.a(doprnt_cdnopsuxX.eo)
 .debug_abbrev  0x00008740       0x28 c:/program files/microchip/xc32/v2.50/bin/bin/../../lib/gcc/pic32mx/4.8.3/../../../../pic32mx/lib\libc.a(_fputc_simple.o)
 .debug_abbrev  0x00008768       0x28 c:/program files/microchip/xc32/v2.50/bin/bin/../../lib/gcc/pic32mx/4.8.3/../../../../pic32mx/lib\libc.a(_flsbuf_simple.o)
 .debug_abbrev  0x00008790      0x147 c:/program files/microchip/xc32/v2.50/bin/bin/../../lib/gcc/pic32mx/4.8.3\libgcc.a(_umoddi3.o)
 .debug_abbrev  0x000088d7       0x54 c:/program files/microchip/xc32/v2.50/bin/bin/../../lib/gcc/pic32mx/4.8.3/../../../../pic32mx/lib\libpic32.a(sbrk.o)
 .debug_abbrev  0x0000892b       0x28 c:/program files/microchip/xc32/v2.50/bin/bin/../../lib/gcc/pic32mx/4.8.3/../../../../pic32mx/lib\libpic32.a(write.o)
 .debug_abbrev  0x00008953       0x28 c:/program files/microchip/xc32/v2.50/bin/bin/../../lib/gcc/pic32mx/4.8.3/../../../../pic32mx/lib\libpic32.a(_mon_putc.o)

.debug_line     0x00000000    0x10ce7
 *(.debug_line)
 .debug_line    0x00000000     0x100d build/2312_Config/production/_ext/1764881201/drv_ethmac.o
 .debug_line    0x0000100d      0xc37 build/2312_Config/production/_ext/1764881201/drv_ethmac_lib.o
 .debug_line    0x00001c44      0xdfc build/2312_Config/production/_ext/588727395/drv_ethphy.o
 .debug_line    0x00002a40      0x246 build/2312_Config/production/_ext/588727395/drv_extphy_smsc8720.o
 .debug_line    0x00002c86      0xaa6 build/2312_Config/production/_ext/572279899/drv_miim.o
 .debug_line    0x0000372c      0xbbc build/2312_Config/production/_ext/1152366776/drv_tmr.o
 .debug_line    0x000042e8      0x2e3 build/2312_Config/production/_ext/711155467/sys_int_pic32.o
 .debug_line    0x000045cb      0x223 build/2312_Config/production/_ext/899838009/sys_random.o
 .debug_line    0x000047ee      0x663 build/2312_Config/production/_ext/430974239/sys_tmr.o
 .debug_line    0x00004e51      0x7af build/2312_Config/production/_ext/1833714580/ipv4.o
 .debug_line    0x00005600     0x1352 build/2312_Config/production/_ext/1833714580/tcp.o
 .debug_line    0x00006952      0xda2 build/2312_Config/production/_ext/1833714580/udp.o
 .debug_line    0x000076f4      0x21e build/2312_Config/production/_ext/1833714580/tcpip_heap_alloc.o
 .debug_line    0x00007912      0x4b3 build/2312_Config/production/_ext/1833714580/tcpip_heap_internal.o
 .debug_line    0x00007dc5      0x9b3 build/2312_Config/production/_ext/1833714580/arp.o
 .debug_line    0x00008778      0xc7a build/2312_Config/production/_ext/1833714580/dhcp.o
 .debug_line    0x000093f2      0x20a build/2312_Config/production/_ext/1833714580/dns.o
 .debug_line    0x000095fc      0x364 build/2312_Config/production/_ext/1833714580/icmp.o
 .debug_line    0x00009960      0x3aa build/2312_Config/production/_ext/1833714580/nbns.o
 .debug_line    0x00009d0a      0x1b2 build/2312_Config/production/_ext/1833714580/zero_conf_helper.o
 .debug_line    0x00009ebc      0x5a1 build/2312_Config/production/_ext/1833714580/zero_conf_link_local.o
 .debug_line    0x0000a45d      0x518 build/2312_Config/production/_ext/1833714580/tcpip_announce.o
 .debug_line    0x0000a975      0x195 build/2312_Config/production/_ext/593738990/helpers.o
 .debug_line    0x0000ab0a      0x125 build/2312_Config/production/_ext/1833714580/hash_fnv.o
 .debug_line    0x0000ac2f      0x1d4 build/2312_Config/production/_ext/1833714580/oahash.o
 .debug_line    0x0000ae03      0xdbb build/2312_Config/production/_ext/1833714580/tcpip_helpers.o
 .debug_line    0x0000bbbe      0x100 build/2312_Config/production/_ext/1833714580/tcpip_helper_c32.o
 .debug_line    0x0000bcbe     0x1339 build/2312_Config/production/_ext/1833714580/tcpip_manager.o
 .debug_line    0x0000cff7      0x279 build/2312_Config/production/_ext/1833714580/tcpip_notify.o
 .debug_line    0x0000d270      0x3fc build/2312_Config/production/_ext/1833714580/tcpip_packet.o
 .debug_line    0x0000d66c      0x309 build/2312_Config/production/_ext/1360937237/eth.o
 .debug_line    0x0000d975      0x43d build/2312_Config/production/_ext/15694449/sys_clk_pic32mx.o
 .debug_line    0x0000ddb2      0x668 build/2312_Config/production/_ext/945820938/sys_devcon.o
 .debug_line    0x0000e41a      0x4b9 build/2312_Config/production/_ext/945820938/sys_devcon_pic32mx.o
 .debug_line    0x0000e8d3      0x786 build/2312_Config/production/_ext/604921471/sys_ports_static.o
 .debug_line    0x0000f059      0x7f4 build/2312_Config/production/_ext/1708948888/system_init.o
 .debug_line    0x0000f84d      0x334 build/2312_Config/production/_ext/1708948888/system_interrupt.o
 .debug_line    0x0000fb81      0x1b1 build/2312_Config/production/_ext/1708948888/system_exceptions.o
 .debug_line    0x0000fd32       0xd4 build/2312_Config/production/_ext/1360937237/main.o
 .debug_line    0x0000fe06      0x2e5 build/2312_Config/production/_ext/1708948888/system_tasks.o
 .debug_line    0x000100eb       0xf7 c:/program files/microchip/xc32/v2.50/bin/bin/../../lib/gcc/pic32mx/4.8.3\libgcc.a(_udivdi3.o)
 .debug_line    0x000101e2       0xa6 c:/program files/microchip/xc32/v2.50/bin/bin/../../lib/gcc/pic32mx/4.8.3/../../../../pic32mx/lib\libpic32.a(default-bootstrap-exception-handler.o)
 .debug_line    0x00010288       0x93 c:/program files/microchip/xc32/v2.50/bin/bin/../../lib/gcc/pic32mx/4.8.3/../../../../pic32mx/lib\libpic32.a(default-on-reset.o)
 .debug_line    0x0001031b       0x97 c:/program files/microchip/xc32/v2.50/bin/bin/../../lib/gcc/pic32mx/4.8.3/../../../../pic32mx/lib\libpic32.a(default-on-bootstrap.o)
 .debug_line    0x000103b2       0xa5 c:/program files/microchip/xc32/v2.50/bin/bin/../../lib/gcc/pic32mx/4.8.3/../../../../pic32mx/lib\libpic32.a(defaultinterrupt.o)
 .debug_line    0x00010457       0x7e c:/program files/microchip/xc32/v2.50/bin/bin/../../lib/gcc/pic32mx/4.8.3/../../../../pic32mx/lib\libc.a(calloc.o)
 .debug_line    0x000104d5        0x0 c:/program files/microchip/xc32/v2.50/bin/bin/../../lib/gcc/pic32mx/4.8.3/../../../../pic32mx/lib\libc.a(ctype.o)
 .debug_line    0x000104d5       0x7e c:/program files/microchip/xc32/v2.50/bin/bin/../../lib/gcc/pic32mx/4.8.3/../../../../pic32mx/lib\libc.a(ctypef.o)
 .debug_line    0x00010553       0x7e c:/program files/microchip/xc32/v2.50/bin/bin/../../lib/gcc/pic32mx/4.8.3/../../../../pic32mx/lib\libc.a(malloc.o)
 .debug_line    0x000105d1       0x7c c:/program files/microchip/xc32/v2.50/bin/bin/../../lib/gcc/pic32mx/4.8.3/../../../../pic32mx/lib\libc.a(rand.o)
 .debug_line    0x0001064d       0x7f c:/program files/microchip/xc32/v2.50/bin/bin/../../lib/gcc/pic32mx/4.8.3/../../../../pic32mx/lib\libc.a(strncpy.o)
 .debug_line    0x000106cc       0x7e c:/program files/microchip/xc32/v2.50/bin/bin/../../lib/gcc/pic32mx/4.8.3/../../../../pic32mx/lib\libc.a(strtol.o)
 .debug_line    0x0001074a       0x80 c:/program files/microchip/xc32/v2.50/bin/bin/../../lib/gcc/pic32mx/4.8.3/../../../../pic32mx/lib\libc.a(snprintf_cdnopsuxX.eo)
 .debug_line    0x000107ca       0x7f c:/program files/microchip/xc32/v2.50/bin/bin/../../lib/gcc/pic32mx/4.8.3/../../../../pic32mx/lib\libc.a(sprintf_cdnopuxX.eo)
 .debug_line    0x00010849       0x81 c:/program files/microchip/xc32/v2.50/bin/bin/../../lib/gcc/pic32mx/4.8.3/../../../../pic32mx/lib\libc.a(vsnprintf_cdnopsuxX.eo)
 .debug_line    0x000108ca        0x0 c:/program files/microchip/xc32/v2.50/bin/bin/../../lib/gcc/pic32mx/4.8.3/../../../../pic32mx/lib\libc.a(errno.o)
 .debug_line    0x000108ca       0x7e c:/program files/microchip/xc32/v2.50/bin/bin/../../lib/gcc/pic32mx/4.8.3/../../../../pic32mx/lib\libc.a(doprnt_cdnopsuxX.eo)
 .debug_line    0x00010948       0x7d c:/program files/microchip/xc32/v2.50/bin/bin/../../lib/gcc/pic32mx/4.8.3/../../../../pic32mx/lib\libc.a(_fputc_simple.o)
 .debug_line    0x000109c5        0x0 c:/program files/microchip/xc32/v2.50/bin/bin/../../lib/gcc/pic32mx/4.8.3/../../../../pic32mx/lib\libc.a(_iob.o)
 .debug_line    0x000109c5       0x7e c:/program files/microchip/xc32/v2.50/bin/bin/../../lib/gcc/pic32mx/4.8.3/../../../../pic32mx/lib\libc.a(_flsbuf_simple.o)
 .debug_line    0x00010a43      0x109 c:/program files/microchip/xc32/v2.50/bin/bin/../../lib/gcc/pic32mx/4.8.3\libgcc.a(_umoddi3.o)
 .debug_line    0x00010b4c       0x87 c:/program files/microchip/xc32/v2.50/bin/bin/../../lib/gcc/pic32mx/4.8.3/../../../../pic32mx/lib\libpic32.a(sbrk.o)
 .debug_line    0x00010bd3       0x88 c:/program files/microchip/xc32/v2.50/bin/bin/../../lib/gcc/pic32mx/4.8.3/../../../../pic32mx/lib\libpic32.a(write.o)
 .debug_line    0x00010c5b       0x8c c:/program files/microchip/xc32/v2.50/bin/bin/../../lib/gcc/pic32mx/4.8.3/../../../../pic32mx/lib\libpic32.a(_mon_putc.o)
 .debug_line    0x00010ce7        0x0 c:/program files/microchip/xc32/v2.50/bin/bin/../../lib/gcc/pic32mx/4.8.3/../../../../pic32mx/lib\libpic32.a(xc32_uart.o)

.debug_frame    0x00000000     0x5b50
 *(.debug_frame)
 .debug_frame   0x00000000      0x4d4 build/2312_Config/production/_ext/1764881201/drv_ethmac.o
 .debug_frame   0x000004d4      0x2b4 build/2312_Config/production/_ext/1764881201/drv_ethmac_lib.o
 .debug_frame   0x00000788      0x7b0 build/2312_Config/production/_ext/588727395/drv_ethphy.o
 .debug_frame   0x00000f38       0x54 build/2312_Config/production/_ext/588727395/drv_extphy_smsc8720.o
 .debug_frame   0x00000f8c      0x308 build/2312_Config/production/_ext/572279899/drv_miim.o
 .debug_frame   0x00001294      0x2f0 build/2312_Config/production/_ext/1152366776/drv_tmr.o
 .debug_frame   0x00001584       0xa0 build/2312_Config/production/_ext/711155467/sys_int_pic32.o
 .debug_frame   0x00001624       0x74 build/2312_Config/production/_ext/899838009/sys_random.o
 .debug_frame   0x00001698      0x284 build/2312_Config/production/_ext/430974239/sys_tmr.o
 .debug_frame   0x0000191c      0x290 build/2312_Config/production/_ext/1833714580/ipv4.o
 .debug_frame   0x00001bac      0x7dc build/2312_Config/production/_ext/1833714580/tcp.o
 .debug_frame   0x00002388      0x67c build/2312_Config/production/_ext/1833714580/udp.o
 .debug_frame   0x00002a04       0xa8 build/2312_Config/production/_ext/1833714580/tcpip_heap_alloc.o
 .debug_frame   0x00002aac      0x11c build/2312_Config/production/_ext/1833714580/tcpip_heap_internal.o
 .debug_frame   0x00002bc8      0x464 build/2312_Config/production/_ext/1833714580/arp.o
 .debug_frame   0x0000302c      0x578 build/2312_Config/production/_ext/1833714580/dhcp.o
 .debug_frame   0x000035a4       0xb0 build/2312_Config/production/_ext/1833714580/dns.o
 .debug_frame   0x00003654       0x94 build/2312_Config/production/_ext/1833714580/icmp.o
 .debug_frame   0x000036e8       0xc4 build/2312_Config/production/_ext/1833714580/nbns.o
 .debug_frame   0x000037ac       0x30 build/2312_Config/production/_ext/1833714580/zero_conf_helper.o
 .debug_frame   0x000037dc      0x174 build/2312_Config/production/_ext/1833714580/zero_conf_link_local.o
 .debug_frame   0x00003950      0x1e4 build/2312_Config/production/_ext/1833714580/tcpip_announce.o
 .debug_frame   0x00003b34       0x78 build/2312_Config/production/_ext/593738990/helpers.o
 .debug_frame   0x00003bac       0x30 build/2312_Config/production/_ext/1833714580/hash_fnv.o
 .debug_frame   0x00003bdc       0xc0 build/2312_Config/production/_ext/1833714580/oahash.o
 .debug_frame   0x00003c9c      0x6d8 build/2312_Config/production/_ext/1833714580/tcpip_helpers.o
 .debug_frame   0x00004374      0xa2c build/2312_Config/production/_ext/1833714580/tcpip_manager.o
 .debug_frame   0x00004da0       0xa8 build/2312_Config/production/_ext/1833714580/tcpip_notify.o
 .debug_frame   0x00004e48      0x160 build/2312_Config/production/_ext/1833714580/tcpip_packet.o
 .debug_frame   0x00004fa8       0x44 build/2312_Config/production/_ext/1360937237/eth.o
 .debug_frame   0x00004fec       0xa4 build/2312_Config/production/_ext/15694449/sys_clk_pic32mx.o
 .debug_frame   0x00005090       0xf4 build/2312_Config/production/_ext/945820938/sys_devcon.o
 .debug_frame   0x00005184       0x2c build/2312_Config/production/_ext/945820938/sys_devcon_pic32mx.o
 .debug_frame   0x000051b0      0x270 build/2312_Config/production/_ext/604921471/sys_ports_static.o
 .debug_frame   0x00005420       0x50 build/2312_Config/production/_ext/1708948888/system_init.o
 .debug_frame   0x00005470       0xd0 build/2312_Config/production/_ext/1708948888/system_interrupt.o
 .debug_frame   0x00005540       0x28 build/2312_Config/production/_ext/1708948888/system_exceptions.o
 .debug_frame   0x00005568       0x28 build/2312_Config/production/_ext/1360937237/main.o
 .debug_frame   0x00005590       0x2c build/2312_Config/production/_ext/1708948888/system_tasks.o
 .debug_frame   0x000055bc       0x20 c:/program files/microchip/xc32/v2.50/bin/bin/../../lib/gcc/pic32mx/4.8.3\libgcc.a(_udivdi3.o)
 .debug_frame   0x000055dc       0x2c c:/program files/microchip/xc32/v2.50/bin/bin/../../lib/gcc/pic32mx/4.8.3/../../../../pic32mx/lib\libpic32.a(default-bootstrap-exception-handler.o)
 .debug_frame   0x00005608       0x20 c:/program files/microchip/xc32/v2.50/bin/bin/../../lib/gcc/pic32mx/4.8.3/../../../../pic32mx/lib\libpic32.a(default-on-reset.o)
 .debug_frame   0x00005628       0x20 c:/program files/microchip/xc32/v2.50/bin/bin/../../lib/gcc/pic32mx/4.8.3/../../../../pic32mx/lib\libpic32.a(default-on-bootstrap.o)
 .debug_frame   0x00005648       0x20 c:/program files/microchip/xc32/v2.50/bin/bin/../../lib/gcc/pic32mx/4.8.3/../../../../pic32mx/lib\libpic32.a(defaultinterrupt.o)
 .debug_frame   0x00005668       0x2c c:/program files/microchip/xc32/v2.50/bin/bin/../../lib/gcc/pic32mx/4.8.3/../../../../pic32mx/lib\libc.a(calloc.o)
 .debug_frame   0x00005694      0x120 c:/program files/microchip/xc32/v2.50/bin/bin/../../lib/gcc/pic32mx/4.8.3/../../../../pic32mx/lib\libc.a(ctypef.o)
 .debug_frame   0x000057b4       0x7c c:/program files/microchip/xc32/v2.50/bin/bin/../../lib/gcc/pic32mx/4.8.3/../../../../pic32mx/lib\libc.a(malloc.o)
 .debug_frame   0x00005830       0x30 c:/program files/microchip/xc32/v2.50/bin/bin/../../lib/gcc/pic32mx/4.8.3/../../../../pic32mx/lib\libc.a(rand.o)
 .debug_frame   0x00005860       0x20 c:/program files/microchip/xc32/v2.50/bin/bin/../../lib/gcc/pic32mx/4.8.3/../../../../pic32mx/lib\libc.a(strncpy.o)
 .debug_frame   0x00005880       0x78 c:/program files/microchip/xc32/v2.50/bin/bin/../../lib/gcc/pic32mx/4.8.3/../../../../pic32mx/lib\libc.a(strtol.o)
 .debug_frame   0x000058f8       0x2c c:/program files/microchip/xc32/v2.50/bin/bin/../../lib/gcc/pic32mx/4.8.3/../../../../pic32mx/lib\libc.a(snprintf_cdnopsuxX.eo)
 .debug_frame   0x00005924       0x2c c:/program files/microchip/xc32/v2.50/bin/bin/../../lib/gcc/pic32mx/4.8.3/../../../../pic32mx/lib\libc.a(sprintf_cdnopuxX.eo)
 .debug_frame   0x00005950       0x30 c:/program files/microchip/xc32/v2.50/bin/bin/../../lib/gcc/pic32mx/4.8.3/../../../../pic32mx/lib\libc.a(vsnprintf_cdnopsuxX.eo)
 .debug_frame   0x00005980       0x40 c:/program files/microchip/xc32/v2.50/bin/bin/../../lib/gcc/pic32mx/4.8.3/../../../../pic32mx/lib\libc.a(doprnt_cdnopsuxX.eo)
 .debug_frame   0x000059c0       0x30 c:/program files/microchip/xc32/v2.50/bin/bin/../../lib/gcc/pic32mx/4.8.3/../../../../pic32mx/lib\libc.a(_fputc_simple.o)
 .debug_frame   0x000059f0       0x38 c:/program files/microchip/xc32/v2.50/bin/bin/../../lib/gcc/pic32mx/4.8.3/../../../../pic32mx/lib\libc.a(_flsbuf_simple.o)