Archive member included because of file (symbol)

..\..\..\..\..\..\bin\framework\peripheral\PIC32MX795F512H_peripherals.a(peripheral.o)
                              build/2312_Config/debug/_ext/945820938/sys_devcon_pic32mx.o (PLIB_BMX_ExistsDataRamWaitState)

Optional file libmchp_peripheral.a not found

Optional file libmchp_peripheral_32MX795F512H.a not found
c:/program files/microchip/xc32/v2.50/bin/bin/../../lib/gcc/pic32mx/4.8.3\libgcc.a(floatunsidf.o)
                              build/2312_Config/debug/_ext/1360937237/bzr.o (__floatunsidf)
c:/program files/microchip/xc32/v2.50/bin/bin/../../lib/gcc/pic32mx/4.8.3/../../../../pic32mx/lib\libpic32.a(memcmp.o)
                              build/2312_Config/debug/_ext/1360937237/app.o (memcmp)
c:/program files/microchip/xc32/v2.50/bin/bin/../../lib/gcc/pic32mx/4.8.3/../../../../pic32mx/lib\libpic32.a(memcpy.o)
                              build/2312_Config/debug/_ext/946520205/RFIDB1ClientInterface.o (memcpy)
c:/program files/microchip/xc32/v2.50/bin/bin/../../lib/gcc/pic32mx/4.8.3/../../../../pic32mx/lib\libpic32.a(memset.o)
                              build/2312_Config/debug/_ext/946520205/RFIDB1ClientProtocol.o (memset)
c:/program files/microchip/xc32/v2.50/bin/bin/../../lib/gcc/pic32mx/4.8.3/../../../../pic32mx/lib\libpic32.a(strcmp.o)
                              build/2312_Config/debug/_ext/1360937237/esp.o (strcmp)
c:/program files/microchip/xc32/v2.50/bin/bin/../../lib/gcc/pic32mx/4.8.3/../../../../pic32mx/lib\libpic32.a(strlen.o)
                              build/2312_Config/debug/_ext/1360937237/esp.o (strlen)
c:/program files/microchip/xc32/v2.50/bin/bin/../../lib/gcc/pic32mx/4.8.3/../../../../pic32mx/lib\libpic32.a(default-bootstrap-exception-handler.o)
                              C:\Users\santo\AppData\Local\Temp\ccgOUONH.o (_bootstrap_exception_handler)
c:/program files/microchip/xc32/v2.50/bin/bin/../../lib/gcc/pic32mx/4.8.3/../../../../pic32mx/lib\libpic32.a(default-on-reset.o)
                              C:\Users\santo\AppData\Local\Temp\ccgOUONH.o (_on_reset)
c:/program files/microchip/xc32/v2.50/bin/bin/../../lib/gcc/pic32mx/4.8.3/../../../../pic32mx/lib\libpic32.a(default-on-bootstrap.o)
                              C:\Users\santo\AppData\Local\Temp\ccgOUONH.o (_on_bootstrap)
c:/program files/microchip/xc32/v2.50/bin/bin/../../lib/gcc/pic32mx/4.8.3/../../../../pic32mx/lib\libpic32.a(default-nmi-handler.o)
                              C:\Users\santo\AppData\Local\Temp\ccgOUONH.o (_nmi_handler)
c:/program files/microchip/xc32/v2.50/bin/bin/../../lib/gcc/pic32mx/4.8.3/../../../../pic32mx/lib\libpic32.a(pic32_data_init.o)
                              C:\Users\santo\AppData\Local\Temp\ccgOUONH.o (__pic32_data_init)
c:/program files/microchip/xc32/v2.50/bin/bin/../../lib/gcc/pic32mx/4.8.3/../../../../pic32mx/lib\libpic32.a(general-exception.o)
                              C:\Users\santo\AppData\Local\Temp\ccgOUONH.o (_general_exception_context)
c:/program files/microchip/xc32/v2.50/bin/bin/../../lib/gcc/pic32mx/4.8.3/../../../../pic32mx/lib\libpic32.a(vector0.o)
                              C:\Users\santo\AppData\Local\Temp\cccJC2Ad.o (__vector_dispatch_0)
c:/program files/microchip/xc32/v2.50/bin/bin/../../lib/gcc/pic32mx/4.8.3/../../../../pic32mx/lib\libpic32.a(vector1.o)
                              C:\Users\santo\AppData\Local\Temp\cccJC2Ad.o (__vector_dispatch_1)
c:/program files/microchip/xc32/v2.50/bin/bin/../../lib/gcc/pic32mx/4.8.3/../../../../pic32mx/lib\libpic32.a(vector2.o)
                              C:\Users\santo\AppData\Local\Temp\cccJC2Ad.o (__vector_dispatch_2)
c:/program files/microchip/xc32/v2.50/bin/bin/../../lib/gcc/pic32mx/4.8.3/../../../../pic32mx/lib\libpic32.a(vector3.o)
                              C:\Users\santo\AppData\Local\Temp\cccJC2Ad.o (__vector_dispatch_3)
c:/program files/microchip/xc32/v2.50/bin/bin/../../lib/gcc/pic32mx/4.8.3/../../../../pic32mx/lib\libpic32.a(vector5.o)
                              C:\Users\santo\AppData\Local\Temp\cccJC2Ad.o (__vector_dispatch_5)
c:/program files/microchip/xc32/v2.50/bin/bin/../../lib/gcc/pic32mx/4.8.3/../../../../pic32mx/lib\libpic32.a(vector6.o)
                              C:\Users\santo\AppData\Local\Temp\cccJC2Ad.o (__vector_dispatch_6)
c:/program files/microchip/xc32/v2.50/bin/bin/../../lib/gcc/pic32mx/4.8.3/../../../../pic32mx/lib\libpic32.a(vector7.o)
                              C:\Users\santo\AppData\Local\Temp\cccJC2Ad.o (__vector_dispatch_7)
c:/program files/microchip/xc32/v2.50/bin/bin/../../lib/gcc/pic32mx/4.8.3/../../../../pic32mx/lib\libpic32.a(vector9.o)
                              C:\Users\santo\AppData\Local\Temp\cccJC2Ad.o (__vector_dispatch_9)
c:/program files/microchip/xc32/v2.50/bin/bin/../../lib/gcc/pic32mx/4.8.3/../../../../pic32mx/lib\libpic32.a(vector10.o)
                              C:\Users\santo\AppData\Local\Temp\cccJC2Ad.o (__vector_dispatch_10)
[...]
Memory Configuration

Name             Origin             Length             Attributes
kseg0_data_mem   0x80000000         0x00000200
kseg1_data_mem   0xa0000000         0x00020000         w !x
kseg0_boot_mem   0x9fc00490         0x00000970
kseg1_boot_mem   0xbfc00000         0x00000490
kseg0_program_mem 0x9d000000         0x00080000         xr
exception_mem    0x9fc01000         0x00001000
debug_exec_mem   0xbfc02000         0x00000ff0
config3          0xbfc02ff0         0x00000004
config2          0xbfc02ff4         0x00000004
config1          0xbfc02ff8         0x00000004
config0          0xbfc02ffc         0x00000004
sfrs             0xbf800000         0x00100000
configsfrs       0xbfc02ff0         0x00000010
*default*        0x00000000         0xffffffff

Linker script and memory map


reserve_data_0_kseg0
                0x80000000      0x200
                0x80000000        0x2 SHORT 0x0
                0x000001fd                . = 0x1fd
 *fill*         0x80000002      0x1fb 
                0x80000200                . = ALIGN (0x4)
 *fill*         0x800001fd        0x3 

reserve_data_0_kseg1
                0xa0000000      0x200
                0xa0000000        0x2 SHORT 0x0
                0x000001fd                . = 0x1fd
 *fill*         0xa0000002      0x1fb 
                0xa0000200                . = ALIGN (0x4)
 *fill*         0xa00001fd        0x3 

reserve_boot_0x1fc02000_kseg0
                0x9fc02000      0xff0
                0x9fc02000        0x2 SHORT 0x0
                0x00000500                . = 0x500
 *fill*         0x9fc02002      0x4fe 
                0x9fc02500                . = ALIGN (0x4)
                0x9fc02500        0x2 SHORT 0x0
                0x00000ff0                . = 0xff0
 *fill*         0x9fc02502      0xaee 
                0x9fc02ff0                . = ALIGN (0x4)

reserve_boot_0x1fc02000_kseg1
                0xbfc02000      0xff0
                0xbfc02000        0x2 SHORT 0x0
                0x00000500                . = 0x500
 *fill*         0xbfc02002      0x4fe 
                0xbfc02500                . = ALIGN (0x4)
                0xbfc02500        0x2 SHORT 0x0
                0x00000ff0                . = 0xff0
 *fill*         0xbfc02502      0xaee 
                0xbfc02ff0                . = ALIGN (0x4)
LOAD c:/program files/microchip/xc32/v2.50/bin/bin/../../lib/gcc/pic32mx/4.8.3/../../../../pic32mx/lib\software-debug-break.o
LOAD build/2312_Config/debug/_ext/946520205/fifo.o
LOAD build/2312_Config/debug/_ext/946520205/RFIDB1ClientInterface.o
LOAD build/2312_Config/debug/_ext/946520205/RFIDB1ClientProtocol.o
LOAD build/2312_Config/debug/_ext/946520205/counter.o
LOAD build/2312_Config/debug/_ext/946520205/SerialTimer.o
LOAD build/2312_Config/debug/_ext/946520205/TLC5973.o
LOAD build/2312_Config/debug/_ext/220851720/drv_oc_mapping.o
LOAD build/2312_Config/debug/_ext/220851720/drv_oc_static.o
LOAD build/2312_Config/debug/_ext/2062741761/drv_tmr_static.o
LOAD build/2312_Config/debug/_ext/2062741761/drv_tmr_mapping.o
LOAD build/2312_Config/debug/_ext/1753970347/drv_usart_mapping.o
LOAD build/2312_Config/debug/_ext/1753970347/drv_usart_static.o
LOAD build/2312_Config/debug/_ext/1753970347/drv_usart_static_byte_model.o
LOAD build/2312_Config/debug/_ext/15694449/sys_clk_pic32mx.o
LOAD build/2312_Config/debug/_ext/945820938/sys_devcon.o
LOAD build/2312_Config/debug/_ext/945820938/sys_devcon_pic32mx.o
LOAD build/2312_Config/debug/_ext/604921471/sys_ports_static.o
LOAD build/2312_Config/debug/_ext/1708948888/system_init.o
LOAD build/2312_Config/debug/_ext/1708948888/system_interrupt.o
LOAD build/2312_Config/debug/_ext/1708948888/system_exceptions.o
LOAD build/2312_Config/debug/_ext/1708948888/system_tasks.o
LOAD build/2312_Config/debug/_ext/1360937237/app.o
LOAD build/2312_Config/debug/_ext/1360937237/main.o
LOAD build/2312_Config/debug/_ext/1360937237/chu.o
LOAD build/2312_Config/debug/_ext/1360937237/esp.o
LOAD build/2312_Config/debug/_ext/1360937237/bzr.o
LOAD build/2312_Config/debug/_ext/711155467/sys_int_pic32.o
LOAD ..\..\..\..\..\..\bin\framework\peripheral\PIC32MX795F512H_peripherals.a
                0x00000001                __MPLAB_BUILD = 0x1
                0x00000001                __MPLAB_DEBUG = 0x1
                0x00000001                __DEBUG = 0x1
                0x00000000                _min_heap_size = 0x0
LOAD C:\Users\santo\AppData\Local\Temp\ccgOUONH.o
LOAD C:\Users\santo\AppData\Local\Temp\ccpRpxAn.o
LOAD C:\Users\santo\AppData\Local\Temp\cccJC2Ad.o
LOAD c:/program files/microchip/xc32/v2.50/bin/bin/../../lib/gcc/pic32mx/4.8.3/../../../../pic32mx/lib\pic32_software_reset.o
                0x00000400                PROVIDE (_min_stack_size, 0x400)
START GROUP
LOAD c:/program files/microchip/xc32/v2.50/bin/bin/../../lib/gcc/pic32mx/4.8.3/../../../../pic32mx/lib/./proc/32MX795F512H\processor.o
END GROUP
START GROUP
LOAD libmchp_peripheral.a
END GROUP
START GROUP
LOAD libmchp_peripheral_32MX795F512H.a
END GROUP
                0x00000001                PROVIDE (_vector_spacing, 0x1)
                0x9fc01000                PROVIDE (_ebase_address, 0x9fc01000)
                0xbfc00000                _RESET_ADDR = 0xbfc00000
                0xbfc00380                _BEV_EXCPT_ADDR = 0xbfc00380
                0xbfc00480                _DBG_EXCPT_ADDR = 0xbfc00480
                0xbfc02000                _DBG_CODE_ADDR = 0xbfc02000
                0x00000ff0                _DBG_CODE_SIZE = 0xff0
                0x9fc01180                _GEN_EXCPT_ADDR = (_ebase_address + 0x180)

.config_BFC02FF0
                0xbfc02ff0        0x4
 *(.config_BFC02FF0)
 .config_BFC02FF0
                0xbfc02ff0        0x4 build/2312_Config/debug/_ext/1708948888/system_init.o

.config_BFC02FF4
                0xbfc02ff4        0x4
 *(.config_BFC02FF4)
 .config_BFC02FF4
                0xbfc02ff4        0x4 build/2312_Config/debug/_ext/1708948888/system_init.o

.config_BFC02FF8
                0xbfc02ff8        0x4
 *(.config_BFC02FF8)
 .config_BFC02FF8
                0xbfc02ff8        0x4 build/2312_Config/debug/_ext/1708948888/system_init.o

.config_BFC02FFC
                0xbfc02ffc        0x4
 *(.config_BFC02FFC)
 .config_BFC02FFC
                0xbfc02ffc        0x4 build/2312_Config/debug/_ext/1708948888/system_init.o
                0xbfc02000                PROVIDE (_DBG_CODE_ADDR, 0xbfc02000)
                0x00000ff0                PROVIDE (_DBG_CODE_SIZE, 0xff0)

.reset          0xbfc00000      0x19c
 *(.reset)
 .reset         0xbfc00000        0x8 C:\Users\santo\AppData\Local\Temp\ccgOUONH.o
                0xbfc00000                _reset
 *(.reset.startup)
 .reset.startup
                0xbfc00008      0x194 C:\Users\santo\AppData\Local\Temp\ccgOUONH.o
                0xbfc00008                _startup

.bev_excpt      0xbfc00380       0x10
 *(.bev_handler)
 .bev_handler   0xbfc00380       0x10 C:\Users\santo\AppData\Local\Temp\ccgOUONH.o

.dbg_excpt      0xbfc00480        0x0
                0xbfc00480                . = (. + DEFINED (_DEBUGGER)?0x8:0x0)

.dbg_code       0xbfc02000        0x0
                0xbfc02000                . = (. + DEFINED (_DEBUGGER)?_DBG_CODE_SIZE:0x0)

.app_excpt      0x9fc01180       0x10
 *(.gen_handler)
 .gen_handler   0x9fc01180       0x10 C:\Users\santo\AppData\Local\Temp\ccgOUONH.o

.vector_0       0x9fc01200        0x8
 *(.vector_0)
 .vector_0      0x9fc01200        0x8 c:/program files/microchip/xc32/v2.50/bin/bin/../../lib/gcc/pic32mx/4.8.3/../../../../pic32mx/lib\libpic32.a(vector0.o)
                0x9fc01200                __vector_dispatch_0
                0x00000001                ASSERT (((_vector_spacing == 0x0) || (SIZEOF (.vector_0) <= (_vector_spacing << 0x5))), function at exception vector 0 too large)

.vector_1       0x9fc01220        0x8
 *(.vector_1)
 .vector_1      0x9fc01220        0x8 c:/program files/microchip/xc32/v2.50/bin/bin/../../lib/gcc/pic32mx/4.8.3/../../../../pic32mx/lib\libpic32.a(vector1.o)
                0x9fc01220                __vector_dispatch_1
                0x00000001                ASSERT (((_vector_spacing == 0x0) || (SIZEOF (.vector_1) <= (_vector_spacing << 0x5))), function at exception vector 1 too large)

.vector_2       0x9fc01240        0x8
 *(.vector_2)
 .vector_2      0x9fc01240        0x8 c:/program files/microchip/xc32/v2.50/bin/bin/../../lib/gcc/pic32mx/4.8.3/../../../../pic32mx/lib\libpic32.a(vector2.o)
                0x9fc01240                __vector_dispatch_2
                0x00000001                ASSERT (((_vector_spacing == 0x0) || (SIZEOF (.vector_2) <= (_vector_spacing << 0x5))), function at exception vector 2 too large)

.vector_3       0x9fc01260        0x8
 *(.vector_3)
 .vector_3      0x9fc01260        0x8 c:/program files/microchip/xc32/v2.50/bin/bin/../../lib/gcc/pic32mx/4.8.3/../../../../pic32mx/lib\libpic32.a(vector3.o)
                0x9fc01260                __vector_dispatch_3
                0x00000001                ASSERT (((_vector_spacing == 0x0) || (SIZEOF (.vector_3) <= (_vector_spacing << 0x5))), function at exception vector 3 too large)

.vector_4       0x9fc01280        0x8
 *(.vector_4)
 .vector_4      0x9fc01280        0x8 build/2312_Config/debug/_ext/1708948888/system_interrupt.o
                0x9fc01280                __vector_dispatch_4
                0x00000001                ASSERT (((_vector_spacing == 0x0) || (SIZEOF (.vector_4) <= (_vector_spacing << 0x5))), function at exception vector 4 too large)

.vector_5       0x9fc012a0        0x8
 *(.vector_5)
 .vector_5      0x9fc012a0        0x8 c:/program files/microchip/xc32/v2.50/bin/bin/../../lib/gcc/pic32mx/4.8.3/../../../../pic32mx/lib\libpic32.a(vector5.o)
                0x9fc012a0                __vector_dispatch_5
                0x00000001                ASSERT (((_vector_spacing == 0x0) || (SIZEOF (.vector_5) <= (_vector_spacing << 0x5))), function at exception vector 5 too large)

.vector_6       0x9fc012c0        0x8
 *(.vector_6)
 .vector_6      0x9fc012c0        0x8 c:/program files/microchip/xc32/v2.50/bin/bin/../../lib/gcc/pic32mx/4.8.3/../../../../pic32mx/lib\libpic32.a(vector6.o)
                0x9fc012c0                __vector_dispatch_6
                0x00000001                ASSERT (((_vector_spacing == 0x0) || (SIZEOF (.vector_6) <= (_vector_spacing << 0x5))), function at exception vector 6 too large)

.vector_7       0x9fc012e0        0x8
 *(.vector_7)
 .vector_7      0x9fc012e0        0x8 c:/program files/microchip/xc32/v2.50/bin/bin/../../lib/gcc/pic32mx/4.8.3/../../../../pic32mx/lib\libpic32.a(vector7.o)
                0x9fc012e0                __vector_dispatch_7
                0x00000001                ASSERT (((_vector_spacing == 0x0) || (SIZEOF (.vector_7) <= (_vector_spacing << 0x5))), function at exception vector 7 too large)

.vector_8       0x9fc01300        0x8
 *(.vector_8)
 .vector_8      0x9fc01300        0x8 build/2312_Config/debug/_ext/1708948888/system_interrupt.o
                0x9fc01300                __vector_dispatch_8
                0x00000001                ASSERT (((_vector_spacing == 0x0) || (SIZEOF (.vector_8) <= (_vector_spacing << 0x5))), function at exception vector 8 too large)

.vector_9       0x9fc01320        0x8
 *(.vector_9)
 .vector_9      0x9fc01320        0x8 c:/program files/microchip/xc32/v2.50/bin/bin/../../lib/gcc/pic32mx/4.8.3/../../../../pic32mx/lib\libpic32.a(vector9.o)
                0x9fc01320                __vector_dispatch_9
                0x00000001                ASSERT (((_vector_spacing == 0x0) || (SIZEOF (.vector_9) <= (_vector_spacing << 0x5))), function at exception vector 9 too large)

.vector_10      0x9fc01340        0x8
 *(.vector_10)
 .vector_10     0x9fc01340        0x8 c:/program files/microchip/xc32/v2.50/bin/bin/../../lib/gcc/pic32mx/4.8.3/../../../../pic32mx/lib\libpic32.a(vector10.o)
                0x9fc01340                __vector_dispatch_10
                0x00000001                ASSERT (((_vector_spacing == 0x0) || (SIZEOF (.vector_10) <= (_vector_spacing << 0x5))), function at exception vector 10 too large)

.vector_11      0x9fc01360        0x8
 *(.vector_11)
 .vector_11     0x9fc01360        0x8 c:/program files/microchip/xc32/v2.50/bin/bin/../../lib/gcc/pic32mx/4.8.3/../../../../pic32mx/lib\libpic32.a(vector11.o)
                0x9fc01360                __vector_dispatch_11
                0x00000001                ASSERT (((_vector_spacing == 0x0) || (SIZEOF (.vector_11) <= (_vector_spacing << 0x5))), function at exception vector 11 too large)

.vector_12      0x9fc01380        0x8
 *(.vector_12)
 .vector_12     0x9fc01380        0x8 build/2312_Config/debug/_ext/1708948888/system_interrupt.o
                0x9fc01380                __vector_dispatch_12
                0x00000001                ASSERT (((_vector_spacing == 0x0) || (SIZEOF (.vector_12) <= (_vector_spacing << 0x5))), function at exception vector 12 too large)

.vector_13      0x9fc013a0        0x8
 *(.vector_13)
 .vector_13     0x9fc013a0        0x8 c:/program files/microchip/xc32/v2.50/bin/bin/../../lib/gcc/pic32mx/4.8.3/../../../../pic32mx/lib\libpic32.a(vector13.o)
                0x9fc013a0                __vector_dispatch_13
                0x00000001                ASSERT (((_vector_spacing == 0x0) || (SIZEOF (.vector_13) <= (_vector_spacing << 0x5))), function at exception vector 13 too large)

.vector_14      0x9fc013c0        0x8
 *(.vector_14)
 .vector_14     0x9fc013c0        0x8 c:/program files/microchip/xc32/v2.50/bin/bin/../../lib/gcc/pic32mx/4.8.3/../../../../pic32mx/lib\libpic32.a(vector14.o)
                0x9fc013c0                __vector_dispatch_14
                0x00000001                ASSERT (((_vector_spacing == 0x0) || (SIZEOF (.vector_14) <= (_vector_spacing << 0x5))), function at exception vector 14 too large)

.vector_15      0x9fc013e0        0x8
 *(.vector_15)
 .vector_15     0x9fc013e0        0x8 c:/program files/microchip/xc32/v2.50/bin/bin/../../lib/gcc/pic32mx/4.8.3/../../../../pic32mx/lib\libpic32.a(vector15.o)
                0x9fc013e0                __vector_dispatch_15
                0x00000001                ASSERT (((_vector_spacing == 0x0) || (SIZEOF (.vector_15) <= (_vector_spacing << 0x5))), function at exception vector 15 too large)

.vector_16      0x9fc01400        0x8
 *(.vector_16)
 .vector_16     0x9fc01400        0x8 c:/program files/microchip/xc32/v2.50/bin/bin/../../lib/gcc/pic32mx/4.8.3/../../../../pic32mx/lib\libpic32.a(vector16.o)
                0x9fc01400                __vector_dispatch_16
                0x00000001                ASSERT (((_vector_spacing == 0x0) || (SIZEOF (.vector_16) <= (_vector_spacing << 0x5))), function at exception vector 16 too large)

.vector_17      0x9fc01420        0x8
 *(.vector_17)
 .vector_17     0x9fc01420        0x8 c:/program files/microchip/xc32/v2.50/bin/bin/../../lib/gcc/pic32mx/4.8.3/../../../../pic32mx/lib\libpic32.a(vector17.o)
                0x9fc01420                __vector_dispatch_17
                0x00000001                ASSERT (((_vector_spacing == 0x0) || (SIZEOF (.vector_17) <= (_vector_spacing << 0x5))), function at exception vector 17 too large)

.vector_18      0x9fc01440        0x8
 *(.vector_18)
 .vector_18     0x9fc01440        0x8 c:/program files/microchip/xc32/v2.50/bin/bin/../../lib/gcc/pic32mx/4.8.3/../../../../pic32mx/lib\libpic32.a(vector18.o)
                0x9fc01440                __vector_dispatch_18
                0x00000001                ASSERT (((_vector_spacing == 0x0) || (SIZEOF (.vector_18) <= (_vector_spacing << 0x5))), function at exception vector 18 too large)

.vector_19      0x9fc01460        0x8
 *(.vector_19)
 .vector_19     0x9fc01460        0x8 c:/program files/microchip/xc32/v2.50/bin/bin/../../lib/gcc/pic32mx/4.8.3/../../../../pic32mx/lib\libpic32.a(vector19.o)
                0x9fc01460                __vector_dispatch_19
                0x00000001                ASSERT (((_vector_spacing == 0x0) || (SIZEOF (.vector_19) <= (_vector_spacing << 0x5))), function at exception vector 19 too large)

.vector_20      0x9fc01480        0x8
 *(.vector_20)
 .vector_20     0x9fc01480        0x8 c:/program files/microchip/xc32/v2.50/bin/bin/../../lib/gcc/pic32mx/4.8.3/../../../../pic32mx/lib\libpic32.a(vector20.o)
                0x9fc01480                __vector_dispatch_20
                0x00000001                ASSERT (((_vector_spacing == 0x0) || (SIZEOF (.vector_20) <= (_vector_spacing << 0x5))), function at exception vector 20 too large)

.vector_21      0x9fc014a0        0x8
 *(.vector_21)
 .vector_21     0x9fc014a0        0x8 c:/program files/microchip/xc32/v2.50/bin/bin/../../lib/gcc/pic32mx/4.8.3/../../../../pic32mx/lib\libpic32.a(vector21.o)
                0x9fc014a0                __vector_dispatch_21
                0x00000001                ASSERT (((_vector_spacing == 0x0) || (SIZEOF (.vector_21) <= (_vector_spacing << 0x5))), function at exception vector 21 too large)

.vector_22      0x9fc014c0        0x8
 *(.vector_22)
 .vector_22     0x9fc014c0        0x8 c:/program files/microchip/xc32/v2.50/bin/bin/../../lib/gcc/pic32mx/4.8.3/../../../../pic32mx/lib\libpic32.a(vector22.o)
                0x9fc014c0                __vector_dispatch_22
                0x00000001                ASSERT (((_vector_spacing == 0x0) || (SIZEOF (.vector_22) <= (_vector_spacing << 0x5))), function at exception vector 22 too large)

.vector_23      0x9fc014e0        0x8
 *(.vector_23)
 .vector_23     0x9fc014e0        0x8 c:/program files/microchip/xc32/v2.50/bin/bin/../../lib/gcc/pic32mx/4.8.3/../../../../pic32mx/lib\libpic32.a(vector23.o)
                0x9fc014e0                __vector_dispatch_23
                0x00000001                ASSERT (((_vector_spacing == 0x0) || (SIZEOF (.vector_23) <= (_vector_spacing << 0x5))), function at exception vector 23 too large)

.vector_24      0x9fc01500        0x8
 *(.vector_24)
 .vector_24     0x9fc01500        0x8 build/2312_Config/debug/_ext/1360937237/esp.o
                0x9fc01500                __vector_dispatch_24
                0x00000001                ASSERT (((_vector_spacing == 0x0) || (SIZEOF (.vector_24) <= (_vector_spacing << 0x5))), function at exception vector 24 too large)

.vector_25      0x9fc01520        0x8
 *(.vector_25)
 .vector_25     0x9fc01520        0x8 c:/program files/microchip/xc32/v2.50/bin/bin/../../lib/gcc/pic32mx/4.8.3/../../../../pic32mx/lib\libpic32.a(vector25.o)
                0x9fc01520                __vector_dispatch_25
                0x00000001                ASSERT (((_vector_spacing == 0x0) || (SIZEOF (.vector_25) <= (_vector_spacing << 0x5))), function at exception vector 25 too large)

.vector_26      0x9fc01540        0x8
 *(.vector_26)
 .vector_26     0x9fc01540        0x8 c:/program files/microchip/xc32/v2.50/bin/bin/../../lib/gcc/pic32mx/4.8.3/../../../../pic32mx/lib\libpic32.a(vector26.o)
                0x9fc01540                __vector_dispatch_26
                0x00000001                ASSERT (((_vector_spacing == 0x0) || (SIZEOF (.vector_26) <= (_vector_spacing << 0x5))), function at exception vector 26 too large)

.vector_27      0x9fc01560        0x8
 *(.vector_27)
 .vector_27     0x9fc01560        0x8 c:/program files/microchip/xc32/v2.50/bin/bin/../../lib/gcc/pic32mx/4.8.3/../../../../pic32mx/lib\libpic32.a(vector27.o)
                0x9fc01560                __vector_dispatch_27
                0x00000001                ASSERT (((_vector_spacing == 0x0) || (SIZEOF (.vector_27) <= (_vector_spacing << 0x5))), function at exception vector 27 too large)

.vector_28      0x9fc01580        0x8
 *(.vector_28)
 .vector_28     0x9fc01580        0x8 c:/program files/microchip/xc32/v2.50/bin/bin/../../lib/gcc/pic32mx/4.8.3/../../../../pic32mx/lib\libpic32.a(vector28.o)
                0x9fc01580                __vector_dispatch_28
                0x00000001                ASSERT (((_vector_spacing == 0x0) || (SIZEOF (.vector_28) <= (_vector_spacing << 0x5))), function at exception vector 28 too large)

.vector_29      0x9fc015a0        0x8
 *(.vector_29)
 .vector_29     0x9fc015a0        0x8 c:/program files/microchip/xc32/v2.50/bin/bin/../../lib/gcc/pic32mx/4.8.3/../../../../pic32mx/lib\libpic32.a(vector29.o)
                0x9fc015a0                __vector_dispatch_29
                0x00000001                ASSERT (((_vector_spacing == 0x0) || (SIZEOF (.vector_29) <= (_vector_spacing << 0x5))), function at exception vector 29 too large)

.vector_30      0x9fc015c0        0x8
 *(.vector_30)
 .vector_30     0x9fc015c0        0x8 c:/program files/microchip/xc32/v2.50/bin/bin/../../lib/gcc/pic32mx/4.8.3/../../../../pic32mx/lib\libpic32.a(vector30.o)
                0x9fc015c0                __vector_dispatch_30
                0x00000001                ASSERT (((_vector_spacing == 0x0) || (SIZEOF (.vector_30) <= (_vector_spacing << 0x5))), function at exception vector 30 too large)

.vector_31      0x9fc015e0        0x8
 *(.vector_31)
 .vector_31     0x9fc015e0        0x8 c:/program files/microchip/xc32/v2.50/bin/bin/../../lib/gcc/pic32mx/4.8.3/../../../../pic32mx/lib\libpic32.a(vector31.o)
                0x9fc015e0                __vector_dispatch_31
                0x00000001                ASSERT (((_vector_spacing == 0x0) || (SIZEOF (.vector_31) <= (_vector_spacing << 0x5))), function at exception vector 31 too large)

.vector_32      0x9fc01600        0x8
 *(.vector_32)
 .vector_32     0x9fc01600        0x8 build/2312_Config/debug/_ext/1360937237/chu.o
                0x9fc01600                __vector_dispatch_32
                0x00000001                ASSERT (((_vector_spacing == 0x0) || (SIZEOF (.vector_32) <= (_vector_spacing << 0x5))), function at exception vector 32 too large)

.vector_33      0x9fc01620        0x8
 *(.vector_33)
 .vector_33     0x9fc01620        0x8 c:/program files/microchip/xc32/v2.50/bin/bin/../../lib/gcc/pic32mx/4.8.3/../../../../pic32mx/lib\libpic32.a(vector33.o)
                0x9fc01620                __vector_dispatch_33
                0x00000001                ASSERT (((_vector_spacing == 0x0) || (SIZEOF (.vector_33) <= (_vector_spacing << 0x5))), function at exception vector 33 too large)

.vector_34      0x9fc01640        0x8
 *(.vector_34)
 .vector_34     0x9fc01640        0x8 c:/program files/microchip/xc32/v2.50/bin/bin/../../lib/gcc/pic32mx/4.8.3/../../../../pic32mx/lib\libpic32.a(vector34.o)
                0x9fc01640                __vector_dispatch_34
                0x00000001                ASSERT (((_vector_spacing == 0x0) || (SIZEOF (.vector_34) <= (_vector_spacing << 0x5))), function at exception vector 34 too large)

.vector_35      0x9fc01660        0x8
 *(.vector_35)
 .vector_35     0x9fc01660        0x8 c:/program files/microchip/xc32/v2.50/bin/bin/../../lib/gcc/pic32mx/4.8.3/../../../../pic32mx/lib\libpic32.a(vector35.o)
                0x9fc01660                __vector_dispatch_35
                0x00000001                ASSERT (((_vector_spacing == 0x0) || (SIZEOF (.vector_35) <= (_vector_spacing << 0x5))), function at exception vector 35 too large)

.vector_36      0x9fc01680        0x8
 *(.vector_36)
 .vector_36     0x9fc01680        0x8 c:/program files/microchip/xc32/v2.50/bin/bin/../../lib/gcc/pic32mx/4.8.3/../../../../pic32mx/lib\libpic32.a(vector36.o)
                0x9fc01680                __vector_dispatch_36
                0x00000001                ASSERT (((_vector_spacing == 0x0) || (SIZEOF (.vector_36) <= (_vector_spacing << 0x5))), function at exception vector 36 too large)

.vector_37      0x9fc016a0        0x8
 *(.vector_37)
 .vector_37     0x9fc016a0        0x8 c:/program files/microchip/xc32/v2.50/bin/bin/../../lib/gcc/pic32mx/4.8.3/../../../../pic32mx/lib\libpic32.a(vector37.o)
                0x9fc016a0                __vector_dispatch_37
                0x00000001                ASSERT (((_vector_spacing == 0x0) || (SIZEOF (.vector_37) <= (_vector_spacing << 0x5))), function at exception vector 37 too large)

.vector_38      0x9fc016c0        0x8
 *(.vector_38)
 .vector_38     0x9fc016c0        0x8 c:/program files/microchip/xc32/v2.50/bin/bin/../../lib/gcc/pic32mx/4.8.3/../../../../pic32mx/lib\libpic32.a(vector38.o)
                0x9fc016c0                __vector_dispatch_38
                0x00000001                ASSERT (((_vector_spacing == 0x0) || (SIZEOF (.vector_38) <= (_vector_spacing << 0x5))), function at exception vector 38 too large)

.vector_39      0x9fc016e0        0x8
 *(.vector_39)
 .vector_39     0x9fc016e0        0x8 c:/program files/microchip/xc32/v2.50/bin/bin/../../lib/gcc/pic32mx/4.8.3/../../../../pic32mx/lib\libpic32.a(vector39.o)
                0x9fc016e0                __vector_dispatch_39
                0x00000001                ASSERT (((_vector_spacing == 0x0) || (SIZEOF (.vector_39) <= (_vector_spacing << 0x5))), function at exception vector 39 too large)

.vector_40      0x9fc01700        0x8
 *(.vector_40)
 .vector_40     0x9fc01700        0x8 c:/program files/microchip/xc32/v2.50/bin/bin/../../lib/gcc/pic32mx/4.8.3/../../../../pic32mx/lib\libpic32.a(vector40.o)
                0x9fc01700                __vector_dispatch_40
                0x00000001                ASSERT (((_vector_spacing == 0x0) || (SIZEOF (.vector_40) <= (_vector_spacing << 0x5))), function at exception vector 40 too large)

.vector_41      0x9fc01720        0x8
 *(.vector_41)
 .vector_41     0x9fc01720        0x8 c:/program files/microchip/xc32/v2.50/bin/bin/../../lib/gcc/pic32mx/4.8.3/../../../../pic32mx/lib\libpic32.a(vector41.o)
                0x9fc01720                __vector_dispatch_41
                0x00000001                ASSERT (((_vector_spacing == 0x0) || (SIZEOF (.vector_41) <= (_vector_spacing << 0x5))), function at exception vector 41 too large)

.vector_42      0x9fc01740        0x8
 *(.vector_42)
 .vector_42     0x9fc01740        0x8 c:/program files/microchip/xc32/v2.50/bin/bin/../../lib/gcc/pic32mx/4.8.3/../../../../pic32mx/lib\libpic32.a(vector42.o)
                0x9fc01740                __vector_dispatch_42
                0x00000001                ASSERT (((_vector_spacing == 0x0) || (SIZEOF (.vector_42) <= (_vector_spacing << 0x5))), function at exception vector 42 too large)

.vector_43      0x9fc01760        0x8
 *(.vector_43)
 .vector_43     0x9fc01760        0x8 c:/program files/microchip/xc32/v2.50/bin/bin/../../lib/gcc/pic32mx/4.8.3/../../../../pic32mx/lib\libpic32.a(vector43.o)
                0x9fc01760                __vector_dispatch_43
                0x00000001                ASSERT (((_vector_spacing == 0x0) || (SIZEOF (.vector_43) <= (_vector_spacing << 0x5))), function at exception vector 43 too large)

.vector_44      0x9fc01780        0x8
 *(.vector_44)
 .vector_44     0x9fc01780        0x8 c:/program files/microchip/xc32/v2.50/bin/bin/../../lib/gcc/pic32mx/4.8.3/../../../../pic32mx/lib\libpic32.a(vector44.o)
                0x9fc01780                __vector_dispatch_44
                0x00000001                ASSERT (((_vector_spacing == 0x0) || (SIZEOF (.vector_44) <= (_vector_spacing << 0x5))), function at exception vector 44 too large)

.vector_45      0x9fc017a0        0x8
 *(.vector_45)
 .vector_45     0x9fc017a0        0x8 c:/program files/microchip/xc32/v2.50/bin/bin/../../lib/gcc/pic32mx/4.8.3/../../../../pic32mx/lib\libpic32.a(vector45.o)
                0x9fc017a0                __vector_dispatch_45
                0x00000001                ASSERT (((_vector_spacing == 0x0) || (SIZEOF (.vector_45) <= (_vector_spacing << 0x5))), function at exception vector 45 too large)

.vector_46      0x9fc017c0        0x8
 *(.vector_46)
 .vector_46     0x9fc017c0        0x8 c:/program files/microchip/xc32/v2.50/bin/bin/../../lib/gcc/pic32mx/4.8.3/../../../../pic32mx/lib\libpic32.a(vector46.o)
                0x9fc017c0                __vector_dispatch_46
                0x00000001                ASSERT (((_vector_spacing == 0x0) || (SIZEOF (.vector_46) <= (_vector_spacing << 0x5))), function at exception vector 46 too large)

.vector_47      0x9fc017e0        0x8
 *(.vector_47)
 .vector_47     0x9fc017e0        0x8 c:/program files/microchip/xc32/v2.50/bin/bin/../../lib/gcc/pic32mx/4.8.3/../../../../pic32mx/lib\libpic32.a(vector47.o)
                0x9fc017e0                __vector_dispatch_47
                0x00000001                ASSERT (((_vector_spacing == 0x0) || (SIZEOF (.vector_47) <= (_vector_spacing << 0x5))), function at exception vector 47 too large)

.vector_48      0x9fc01800        0x8
 *(.vector_48)
 .vector_48     0x9fc01800        0x8 c:/program files/microchip/xc32/v2.50/bin/bin/../../lib/gcc/pic32mx/4.8.3/../../../../pic32mx/lib\libpic32.a(vector48.o)
                0x9fc01800                __vector_dispatch_48
                0x00000001                ASSERT (((_vector_spacing == 0x0) || (SIZEOF (.vector_48) <= (_vector_spacing << 0x5))), function at exception vector 48 too large)

.vector_49      0x9fc01820        0x8
 *(.vector_49)
 .vector_49     0x9fc01820        0x8 c:/program files/microchip/xc32/v2.50/bin/bin/../../lib/gcc/pic32mx/4.8.3/../../../../pic32mx/lib\libpic32.a(vector49.o)
                0x9fc01820                __vector_dispatch_49
                0x00000001                ASSERT (((_vector_spacing == 0x0) || (SIZEOF (.vector_49) <= (_vector_spacing << 0x5))), function at exception vector 49 too large)

.vector_50      0x9fc01840        0x8
 *(.vector_50)
 .vector_50     0x9fc01840        0x8 c:/program files/microchip/xc32/v2.50/bin/bin/../../lib/gcc/pic32mx/4.8.3/../../../../pic32mx/lib\libpic32.a(vector50.o)
                0x9fc01840                __vector_dispatch_50
                0x00000001                ASSERT (((_vector_spacing == 0x0) || (SIZEOF (.vector_50) <= (_vector_spacing << 0x5))), function at exception vector 50 too large)

.vector_51      0x9fc01860        0x8
 *(.vector_51)
 .vector_51     0x9fc01860        0x8 c:/program files/microchip/xc32/v2.50/bin/bin/../../lib/gcc/pic32mx/4.8.3/../../../../pic32mx/lib\libpic32.a(vector51.o)
                0x9fc01860                __vector_dispatch_51
                0x00000001                ASSERT (((_vector_spacing == 0x0) || (SIZEOF (.vector_51) <= (_vector_spacing << 0x5))), function at exception vector 51 too large)

.vector_52      0x9fc01880        0x0
 *(.vector_52)
                0x00000001                ASSERT (((_vector_spacing == 0x0) || (SIZEOF (.vector_52) <= (_vector_spacing << 0x5))), function at exception vector 52 too large)

.vector_53      0x9fc018a0        0x0
 *(.vector_53)
                0x00000001                ASSERT (((_vector_spacing == 0x0) || (SIZEOF (.vector_53) <= (_vector_spacing << 0x5))), function at exception vector 53 too large)

.vector_54      0x9fc018c0        0x0
 *(.vector_54)
                0x00000001                ASSERT (((_vector_spacing == 0x0) || (SIZEOF (.vector_54) <= (_vector_spacing << 0x5))), function at exception vector 54 too large)

.vector_55      0x9fc018e0        0x0
 *(.vector_55)
                0x00000001                ASSERT (((_vector_spacing == 0x0) || (SIZEOF (.vector_55) <= (_vector_spacing << 0x5))), function at exception vector 55 too large)

.vector_56      0x9fc01900        0x0
 *(.vector_56)
                0x00000001                ASSERT (((_vector_spacing == 0x0) || (SIZEOF (.vector_56) <= (_vector_spacing << 0x5))), function at exception vector 56 too large)

.vector_57      0x9fc01920        0x0
 *(.vector_57)
                0x00000001                ASSERT (((_vector_spacing == 0x0) || (SIZEOF (.vector_57) <= (_vector_spacing << 0x5))), function at exception vector 57 too large)

.vector_58      0x9fc01940        0x0
 *(.vector_58)
                0x00000001                ASSERT (((_vector_spacing == 0x0) || (SIZEOF (.vector_58) <= (_vector_spacing << 0x5))), function at exception vector 58 too large)

.vector_59      0x9fc01960        0x0
 *(.vector_59)
                0x00000001                ASSERT (((_vector_spacing == 0x0) || (SIZEOF (.vector_59) <= (_vector_spacing << 0x5))), function at exception vector 59 too large)

.vector_60      0x9fc01980        0x0
 *(.vector_60)
                0x00000001                ASSERT (((_vector_spacing == 0x0) || (SIZEOF (.vector_60) <= (_vector_spacing << 0x5))), function at exception vector 60 too large)

.vector_61      0x9fc019a0        0x0
 *(.vector_61)
                0x00000001                ASSERT (((_vector_spacing == 0x0) || (SIZEOF (.vector_61) <= (_vector_spacing << 0x5))), function at exception vector 61 too large)

.vector_62      0x9fc019c0        0x0
 *(.vector_62)
                0x00000001                ASSERT (((_vector_spacing == 0x0) || (SIZEOF (.vector_62) <= (_vector_spacing << 0x5))), function at exception vector 62 too large)

.vector_63      0x9fc019e0        0x0
 *(.vector_63)
                0x00000001                ASSERT (((_vector_spacing == 0x0) || (SIZEOF (.vector_63) <= (_vector_spacing << 0x5))), function at exception vector 63 too large)

.startup
 *(.startup)

.text           0x9d000000        0x0
 *(.stub .gnu.linkonce.t.*)
 *(.text.*personality*)
 *(.mips16.fn.*)
 *(.mips16.call.*)
 *(.gnu.warning)
                0x9d000000                . = ALIGN (0x4)

.init           0x9d000000        0x0
 *crti.o(.init)
 *crtbegin.o(.init)
 *(EXCLUDE_FILE(*crtn.o *crtend?.o *crtend.o) .init)
 *crtend.o(.init)
 *crtn.o(.init)
                0x9d000000                . = ALIGN (0x4)

.fini           0x9d000000        0x0
 *(.fini)
                0x9d000000                . = ALIGN (0x4)

.preinit_array  0x9d000000        0x0
                0x9d000000                PROVIDE (__preinit_array_start, .)
 *(.preinit_array)
                0x9d000000                PROVIDE (__preinit_array_end, .)
                0x9d000000                . = ALIGN (0x4)

.init_array     0x9d000000        0x0
                0x9d000000                PROVIDE (__init_array_start, .)
 *(SORT(.init_array.*))
 *(.init_array)
                0x9d000000                PROVIDE (__init_array_end, .)
                0x9d000000                . = ALIGN (0x4)

.fini_array     0x9d000000        0x0
                0x9d000000                PROVIDE (__fini_array_start, .)
 *(SORT(.fini_array.*))
 *(.fini_array)
                0x9d000000                PROVIDE (__fini_array_end, .)
                0x9d000000                . = ALIGN (0x4)

.ctors          0x9d000000        0x0
 *crtbegin.o(.ctors)
 *crtbegin?.o(.ctors)
 *(EXCLUDE_FILE(*crtend?.o *crtend.o) .ctors)
 *(SORT(.ctors.*))
 *(.ctors)
                0x9d000000                . = ALIGN (0x4)

.dtors          0x9d000000        0x0
 *crtbegin.o(.dtors)
 *crtbegin?.o(.dtors)
 *(EXCLUDE_FILE(*crtend?.o *crtend.o) .dtors)
 *(SORT(.dtors.*))
 *(.dtors)
                0x9d000000                . = ALIGN (0x4)

.rodata         0x9d000000        0x0
 *(.gnu.linkonce.r.*)
 *(.rodata1)
                0x9d000000                . = ALIGN (0x4)

.sdata2         0x9fc00490        0x0
 *(.sdata2 .sdata2.* .gnu.linkonce.s2.*)
                0x9fc00490                . = ALIGN (0x4)

.sbss2          0x9fc00490        0x0
 *(.sbss2 .sbss2.* .gnu.linkonce.sb2.*)
                0x9fc00490                . = ALIGN (0x4)

.eh_frame_hdr
 *(.eh_frame_hdr)
                0x9fc00490                . = ALIGN (0x4)

.eh_frame
 *(.eh_frame)
                0x9fc00490                . = ALIGN (0x4)

.gcc_except_table
 *(.gcc_except_table .gcc_except_table.*)
                0x9fc00490                . = ALIGN (0x4)

.dbg_data       0xa0000200        0x0
                0xa0000200                . = (. + DEFINED (_DEBUGGER)?0x200:0x0)

.jcr            0xa0000200        0x0
 *(.jcr)
                0xa0000200                . = ALIGN (0x4)

.eh_frame
 *(.eh_frame)
                0xa0000200                . = ALIGN (0x4)

.gcc_except_table
 *(.gcc_except_table .gcc_except_table.*)
                0xa0000200                . = ALIGN (0x4)

.persist        0xa0000200        0x0
                0xa0000200                _persist_begin = .
 *(.persist .persist.*)
 *(.pbss .pbss.*)
                0xa0000200                . = ALIGN (0x4)
                0xa0000200                _persist_end = .

.data           0xa0000200        0x0
 *(.gnu.linkonce.d.*)
 *(.data1)
                0xa0000200                . = ALIGN (0x4)
                0xa0000200                . = .
                0xa00081f0                _gp = (ALIGN (0x10) + 0x7ff0)

.got            0xa0000200        0x0
 *(.got.plt)
 *(.got)
                0xa0000200                . = ALIGN (0x4)

.sdata          0xa0000200        0x0
                0xa0000200                _sdata_begin = .
 *(.sdata .sdata.* .gnu.linkonce.s.*)
                0xa0000200                . = ALIGN (0x4)
                0xa0000200                _sdata_end = .

.lit8
 *(.lit8)

.lit4
 *(.lit4)
                0xa0000200                . = ALIGN (0x4)
                0xa0000200                _data_end = .
                0xa0000200                _bss_begin = .

.sbss           0xa0000200       0x60
                0xa0000200                _sbss_begin = .
 *(.dynsbss)
 *(.sbss .sbss.* .gnu.linkonce.sb.*)
 .sbss          0xa0000200        0x4 build/2312_Config/debug/_ext/946520205/counter.o
                0xa0000200                SYS_counter
 .sbss          0xa0000204        0x3 build/2312_Config/debug/_ext/2062741761/drv_tmr_static.o
 *fill*         0xa0000207        0x1 
 .sbss          0xa0000208        0xc build/2312_Config/debug/_ext/1708948888/system_exceptions.o
 *(.scommon)
 .scommon       0xa0000214        0xc build/2312_Config/debug/_ext/946520205/SerialTimer.o
                0xa0000214                strPointer
                0xa0000218                bitPosition
                0xa000021c                strLast
 .scommon       0xa0000220        0x8 build/2312_Config/debug/_ext/1753970347/drv_usart_static.o
                0xa0000220                gDrvUSART0Obj
                0xa0000224                gDrvUSART1Obj
 .scommon       0xa0000228        0x8 build/2312_Config/debug/_ext/945820938/sys_devcon.o
                0xa0000228                sysDevconObj
 .scommon       0xa0000230       0x2b build/2312_Config/debug/_ext/1360937237/chu.o
                0xa0000230                CHU_receive
                0xa0000231                CHU_newUID
                0xa0000234                CHU_state
                0xa0000238                CNT_receive
                0xa0000240                RFIDB1_GL_size
                0xa0000244                RFIDB1_status
                0xa0000248                CHU_transmit
                0xa000024c                RFIDB1_response
                0xa0000250                RFIDB1_UID_data
                0xa0000257                RFIDB1_async
                0xa0000258                RFIDB1_UID_size
                0xa0000259                CHU_newACK
                0xa000025a                CHU_newRES
 .scommon       0xa000025b        0x5 build/2312_Config/debug/_ext/1360937237/esp.o
                0xa000025b                ESP_WIFI_connected
                0xa000025c                ESP_acknowledge
                0xa000025d                ESP_TCP_connect
                0xa000025e                ESP_WIFI_gotip
                0xa000025f                ESP_error
                0xa0000260                _sbss_end = .
                0xa0000260                . = ALIGN (0x4)

.bss            0xa0000260      0xd5c
 *(.dynbss)
 *(COMMON)
 COMMON         0xa0000260       0xff build/2312_Config/debug/_ext/946520205/SerialTimer.o
                0xa0000260                strBuffer
 *fill*         0xa000035f        0x1 
 COMMON         0xa0000360      0x140 build/2312_Config/debug/_ext/946520205/TLC5973.o
                0xa0000360                tlcDrivers
                0xa00003d8                cyclesBuffer
                0xa000047c                tlcCommands
 COMMON         0xa00004a0       0x14 build/2312_Config/debug/_ext/1708948888/system_init.o
                0xa00004a0                sysObj
 COMMON         0xa00004b4       0x38 build/2312_Config/debug/_ext/1360937237/app.o
                0xa00004b4                appData
 COMMON         0xa00004ec      0x668 build/2312_Config/debug/_ext/1360937237/chu.o
                0xa00004ec                CHU_FIFO_TX_descriptor
                0xa0000500                RFIDB1_GL_buffer
                0xa0000600                RFIDB1_object
                0xa000068c                RFIDB1_RX_buffer
                0xa000078c                CHU_FIFO_RX_buffer
                0xa000088c                RFIDB1_TX_buffer
                0xa000098c                CHU_FIFO_TX_buffer
                0xa0000a8c                CHU_FIFO_RX_descriptor
                0xa0000aa0                RFIDB1_config
                0xa0000acc                RFIDB1_interface
 COMMON         0xa0000b54      0x444 build/2312_Config/debug/_ext/1360937237/esp.o
                0xa0000b54                espData
 COMMON         0xa0000f98       0x24 build/2312_Config/debug/_ext/1360937237/bzr.o
                0xa0000f98                bzrData
                0xa0000fbc                . = ALIGN ((. != 0x0)?0x4:0x1)
                0xa0000fbc                . = ALIGN (0x4)
                0xa0000fbc                _end = .
                0xa0000fbc                _bss_end = .
                0x00020000                _bmxdudba_address = 0x20000
                0x00020000                _bmxdupba_address = 0x20000

/DISCARD/
 *(.pdr)
 *(.rel.dyn)
 *(.note.GNU-stack)
 *(.note.GNU-stack)
 *(.gnu_debuglink)
 *(.gnu.lto_*)
 *(.discard)

.gptab.sdata
 *(.gptab.data)
 *(.gptab.sdata)

.gptab.sbss
 *(.gptab.bss)
 *(.gptab.sbss)

.mdebug.abi32   0xa0000fbc        0x0
 *(.mdebug.abi32)
 .mdebug.abi32  0xa0000fbc        0x0 c:/program files/microchip/xc32/v2.50/bin/bin/../../lib/gcc/pic32mx/4.8.3/../../../../pic32mx/lib\software-debug-break.o
 .mdebug.abi32  0xa0000fbc        0x0 build/2312_Config/debug/_ext/946520205/fifo.o
 .mdebug.abi32  0xa0000fbc        0x0 build/2312_Config/debug/_ext/946520205/RFIDB1ClientInterface.o
 .mdebug.abi32  0xa0000fbc        0x0 build/2312_Config/debug/_ext/946520205/RFIDB1ClientProtocol.o
 .mdebug.abi32  0xa0000fbc        0x0 build/2312_Config/debug/_ext/946520205/counter.o
 .mdebug.abi32  0xa0000fbc        0x0 build/2312_Config/debug/_ext/946520205/SerialTimer.o
 .mdebug.abi32  0xa0000fbc        0x0 build/2312_Config/debug/_ext/946520205/TLC5973.o
 .mdebug.abi32  0xa0000fbc        0x0 build/2312_Config/debug/_ext/220851720/drv_oc_mapping.o
 .mdebug.abi32  0xa0000fbc        0x0 build/2312_Config/debug/_ext/220851720/drv_oc_static.o
 .mdebug.abi32  0xa0000fbc        0x0 build/2312_Config/debug/_ext/2062741761/drv_tmr_static.o
 .mdebug.abi32  0xa0000fbc        0x0 build/2312_Config/debug/_ext/2062741761/drv_tmr_mapping.o
 .mdebug.abi32  0xa0000fbc        0x0 build/2312_Config/debug/_ext/1753970347/drv_usart_mapping.o
 .mdebug.abi32  0xa0000fbc        0x0 build/2312_Config/debug/_ext/1753970347/drv_usart_static.o
 .mdebug.abi32  0xa0000fbc        0x0 build/2312_Config/debug/_ext/1753970347/drv_usart_static_byte_model.o
 .mdebug.abi32  0xa0000fbc        0x0 build/2312_Config/debug/_ext/15694449/sys_clk_pic32mx.o
 .mdebug.abi32  0xa0000fbc        0x0 build/2312_Config/debug/_ext/945820938/sys_devcon.o
 .mdebug.abi32  0xa0000fbc        0x0 build/2312_Config/debug/_ext/945820938/sys_devcon_pic32mx.o
 .mdebug.abi32  0xa0000fbc        0x0 build/2312_Config/debug/_ext/604921471/sys_ports_static.o
 .mdebug.abi32  0xa0000fbc        0x0 build/2312_Config/debug/_ext/1708948888/system_init.o
 .mdebug.abi32  0xa0000fbc        0x0 build/2312_Config/debug/_ext/1708948888/system_interrupt.o
 .mdebug.abi32  0xa0000fbc        0x0 build/2312_Config/debug/_ext/1708948888/system_exceptions.o
 .mdebug.abi32  0xa0000fbc        0x0 build/2312_Config/debug/_ext/1708948888/system_tasks.o
 .mdebug.abi32  0xa0000fbc        0x0 build/2312_Config/debug/_ext/1360937237/app.o
 .mdebug.abi32  0xa0000fbc        0x0 build/2312_Config/debug/_ext/1360937237/main.o
 .mdebug.abi32  0xa0000fbc        0x0 build/2312_Config/debug/_ext/1360937237/chu.o
 .mdebug.abi32  0xa0000fbc        0x0 build/2312_Config/debug/_ext/1360937237/esp.o
 .mdebug.abi32  0xa0000fbc        0x0 build/2312_Config/debug/_ext/1360937237/bzr.o
 .mdebug.abi32  0xa0000fbc        0x0 build/2312_Config/debug/_ext/711155467/sys_int_pic32.o
 .mdebug.abi32  0xa0000fbc        0x0 ..\..\..\..\..\..\bin\framework\peripheral\PIC32MX795F512H_peripherals.a(peripheral.o)
 .mdebug.abi32  0xa0000fbc        0x0 c:/program files/microchip/xc32/v2.50/bin/bin/../../lib/gcc/pic32mx/4.8.3\libgcc.a(floatunsidf.o)
 .mdebug.abi32  0xa0000fbc        0x0 c:/program files/microchip/xc32/v2.50/bin/bin/../../lib/gcc/pic32mx/4.8.3/../../../../pic32mx/lib\libpic32.a(default-bootstrap-exception-handler.o)
 .mdebug.abi32  0xa0000fbc        0x0 c:/program files/microchip/xc32/v2.50/bin/bin/../../lib/gcc/pic32mx/4.8.3/../../../../pic32mx/lib\libpic32.a(default-on-reset.o)
 .mdebug.abi32  0xa0000fbc        0x0 c:/program files/microchip/xc32/v2.50/bin/bin/../../lib/gcc/pic32mx/4.8.3/../../../../pic32mx/lib\libpic32.a(default-on-bootstrap.o)
 .mdebug.abi32  0xa0000fbc        0x0 c:/program files/microchip/xc32/v2.50/bin/bin/../../lib/gcc/pic32mx/4.8.3/../../../../pic32mx/lib\libpic32.a(defaultinterrupt.o)
 .mdebug.abi32  0xa0000fbc        0x0 c:/program files/microchip/xc32/v2.50/bin/bin/../../lib/gcc/pic32mx/4.8.3/../../../../pic32mx/lib\libc.a(memmove.o)
 .mdebug.abi32  0xa0000fbc        0x0 c:/program files/microchip/xc32/v2.50/bin/bin/../../lib/gcc/pic32mx/4.8.3/../../../../pic32mx/lib\libc.a(strtok.o)
 .mdebug.abi32  0xa0000fbc        0x0 c:/program files/microchip/xc32/v2.50/bin/bin/../../lib/gcc/pic32mx/4.8.3/../../../../pic32mx/lib\libc.a(strcspn.o)
 .mdebug.abi32  0xa0000fbc        0x0 c:/program files/microchip/xc32/v2.50/bin/bin/../../lib/gcc/pic32mx/4.8.3/../../../../pic32mx/lib\libc.a(strspn.o)
 .mdebug.abi32  0xa0000fbc        0x0 c:/program files/microchip/xc32/v2.50/bin/bin/../../lib/gcc/pic32mx/4.8.3/../../../../pic32mx/lib\libc.a(strchr.o)

.mdebug.abiN32
 *(.mdebug.abiN32)

.mdebug.abi64
 *(.mdebug.abi64)

.mdebug.abiO64
 *(.mdebug.abiO64)

.mdebug.eabi32
 *(.mdebug.eabi32)

.mdebug.eabi64
 *(.mdebug.eabi64)

.gcc_compiled_long32
 *(.gcc_compiled_long32)

.gcc_compiled_long64
 *(.gcc_compiled_long64)

.stab
 *(.stab)

.stabstr
 *(.stabstr)

.stab.excl
 *(.stab.excl)

.stab.exclstr
 *(.stab.exclstr)

.stab.index
 *(.stab.index)

.stab.indexstr
 *(.stab.indexstr)

.comment        0x00000000       0xda
 *(.comment)
 .comment       0x00000000       0x3c c:/program files/microchip/xc32/v2.50/bin/bin/../../lib/gcc/pic32mx/4.8.3/../../../../pic32mx/lib\software-debug-break.o
                                 0x3d (size before relaxing)
 .comment       0x00000000       0x3d build/2312_Config/debug/_ext/946520205/fifo.o
 .comment       0x00000000       0x3d build/2312_Config/debug/_ext/946520205/RFIDB1ClientInterface.o
 .comment       0x00000000       0x3d build/2312_Config/debug/_ext/946520205/RFIDB1ClientProtocol.o
 .comment       0x00000000       0x3d build/2312_Config/debug/_ext/946520205/counter.o
 .comment       0x00000000       0x3d build/2312_Config/debug/_ext/946520205/SerialTimer.o
 .comment       0x00000000       0x3d build/2312_Config/debug/_ext/946520205/TLC5973.o
 .comment       0x00000000       0x3d build/2312_Config/debug/_ext/220851720/drv_oc_mapping.o
 .comment       0x00000000       0x3d build/2312_Config/debug/_ext/220851720/drv_oc_static.o
 .comment       0x00000000       0x3d build/2312_Config/debug/_ext/2062741761/drv_tmr_static.o
 .comment       0x00000000       0x3d build/2312_Config/debug/_ext/2062741761/drv_tmr_mapping.o
 .comment       0x00000000       0x3d build/2312_Config/debug/_ext/1753970347/drv_usart_mapping.o
 .comment       0x00000000       0x3d build/2312_Config/debug/_ext/1753970347/drv_usart_static.o
 .comment       0x00000000       0x3d build/2312_Config/debug/_ext/1753970347/drv_usart_static_byte_model.o
 .comment       0x00000000       0x3d build/2312_Config/debug/_ext/15694449/sys_clk_pic32mx.o
 .comment       0x00000000       0x3d build/2312_Config/debug/_ext/945820938/sys_devcon.o
 .comment       0x00000000       0x3d build/2312_Config/debug/_ext/945820938/sys_devcon_pic32mx.o
 .comment       0x00000000       0x3d build/2312_Config/debug/_ext/604921471/sys_ports_static.o
 .comment       0x00000000       0x3d build/2312_Config/debug/_ext/1708948888/system_init.o
 .comment       0x00000000       0x3d build/2312_Config/debug/_ext/1708948888/system_interrupt.o
 .comment       0x00000000       0x3d build/2312_Config/debug/_ext/1708948888/system_exceptions.o
 .comment       0x00000000       0x3d build/2312_Config/debug/_ext/1708948888/system_tasks.o
 .comment       0x00000000       0x3d build/2312_Config/debug/_ext/1360937237/app.o
 .comment       0x00000000       0x3d build/2312_Config/debug/_ext/1360937237/main.o
 .comment       0x00000000       0x3d build/2312_Config/debug/_ext/1360937237/chu.o
 .comment       0x00000000       0x3d build/2312_Config/debug/_ext/1360937237/esp.o
 .comment       0x00000000       0x3d build/2312_Config/debug/_ext/1360937237/bzr.o
 .comment       0x00000000       0x3d build/2312_Config/debug/_ext/711155467/sys_int_pic32.o
 .comment       0x0000003c       0x3c ..\..\..\..\..\..\bin\framework\peripheral\PIC32MX795F512H_peripherals.a(peripheral.o)
                                 0x3d (size before relaxing)
 .comment       0x00000000       0x3d c:/program files/microchip/xc32/v2.50/bin/bin/../../lib/gcc/pic32mx/4.8.3\libgcc.a(floatunsidf.o)
 .comment       0x00000078       0x18 c:/program files/microchip/xc32/v2.50/bin/bin/../../lib/gcc/pic32mx/4.8.3/../../../../pic32mx/lib\libpic32.a(memcmp.o)
                                 0x19 (size before relaxing)
 .comment       0x00000090       0x18 c:/program files/microchip/xc32/v2.50/bin/bin/../../lib/gcc/pic32mx/4.8.3/../../../../pic32mx/lib\libpic32.a(memset.o)
                                 0x19 (size before relaxing)
 .comment       0x000000a8       0x19 c:/program files/microchip/xc32/v2.50/bin/bin/../../lib/gcc/pic32mx/4.8.3/../../../../pic32mx/lib\libpic32.a(strcmp.o)
                                 0x1a (size before relaxing)
 .comment       0x000000c1       0x19 c:/program files/microchip/xc32/v2.50/bin/bin/../../lib/gcc/pic32mx/4.8.3/../../../../pic32mx/lib\libpic32.a(strlen.o)
                                 0x1a (size before relaxing)
 .comment       0x00000000       0x3d c:/program files/microchip/xc32/v2.50/bin/bin/../../lib/gcc/pic32mx/4.8.3/../../../../pic32mx/lib\libpic32.a(default-bootstrap-exception-handler.o)
 .comment       0x00000000       0x3d c:/program files/microchip/xc32/v2.50/bin/bin/../../lib/gcc/pic32mx/4.8.3/../../../../pic32mx/lib\libpic32.a(default-on-reset.o)
 .comment       0x00000000       0x3d c:/program files/microchip/xc32/v2.50/bin/bin/../../lib/gcc/pic32mx/4.8.3/../../../../pic32mx/lib\libpic32.a(default-on-bootstrap.o)
 .comment       0x00000000       0x3d c:/program files/microchip/xc32/v2.50/bin/bin/../../lib/gcc/pic32mx/4.8.3/../../../../pic32mx/lib\libpic32.a(defaultinterrupt.o)
 .comment       0x00000000       0x3d c:/program files/microchip/xc32/v2.50/bin/bin/../../lib/gcc/pic32mx/4.8.3/../../../../pic32mx/lib\libc.a(memmove.o)
 .comment       0x00000000       0x3d c:/program files/microchip/xc32/v2.50/bin/bin/../../lib/gcc/pic32mx/4.8.3/../../../../pic32mx/lib\libc.a(strtok.o)
 .comment       0x00000000       0x3d c:/program files/microchip/xc32/v2.50/bin/bin/../../lib/gcc/pic32mx/4.8.3/../../../../pic32mx/lib\libc.a(strcspn.o)
 .comment       0x00000000       0x3d c:/program files/microchip/xc32/v2.50/bin/bin/../../lib/gcc/pic32mx/4.8.3/../../../../pic32mx/lib\libc.a(strspn.o)
 .comment       0x00000000       0x3d c:/program files/microchip/xc32/v2.50/bin/bin/../../lib/gcc/pic32mx/4.8.3/../../../../pic32mx/lib\libc.a(strchr.o)

.debug
 *(.debug)

.line
 *(.line)

.debug_srcinfo
 *(.debug_srcinfo)

.debug_sfnames
 *(.debug_sfnames)

.debug_aranges  0x00000000      0xea0
 *(.debug_aranges)
 .debug_aranges
                0x00000000       0x20 c:/program files/microchip/xc32/v2.50/bin/bin/../../lib/gcc/pic32mx/4.8.3/../../../../pic32mx/lib\software-debug-break.o
 .debug_aranges
                0x00000020       0x48 build/2312_Config/debug/_ext/946520205/fifo.o
 .debug_aranges
                0x00000068      0x140 build/2312_Config/debug/_ext/946520205/RFIDB1ClientInterface.o
 .debug_aranges
                0x000001a8       0x80 build/2312_Config/debug/_ext/946520205/RFIDB1ClientProtocol.o
 .debug_aranges
                0x00000228       0x40 build/2312_Config/debug/_ext/946520205/counter.o
 .debug_aranges
                0x00000268       0x38 build/2312_Config/debug/_ext/946520205/SerialTimer.o
 .debug_aranges
                0x000002a0       0x58 build/2312_Config/debug/_ext/946520205/TLC5973.o
 .debug_aranges
                0x000002f8       0x50 build/2312_Config/debug/_ext/220851720/drv_oc_mapping.o
 .debug_aranges
                0x00000348       0x50 build/2312_Config/debug/_ext/220851720/drv_oc_static.o
 .debug_aranges
                0x00000398      0x1c0 build/2312_Config/debug/_ext/2062741761/drv_tmr_static.o
 .debug_aranges
                0x00000558      0x160 build/2312_Config/debug/_ext/2062741761/drv_tmr_mapping.o
 .debug_aranges
                0x000006b8       0xb0 build/2312_Config/debug/_ext/1753970347/drv_usart_mapping.o
 .debug_aranges
                0x00000768       0xf8 build/2312_Config/debug/_ext/1753970347/drv_usart_static.o
 .debug_aranges
                0x00000860       0x78 build/2312_Config/debug/_ext/1753970347/drv_usart_static_byte_model.o
 .debug_aranges
                0x000008d8       0x50 build/2312_Config/debug/_ext/15694449/sys_clk_pic32mx.o
 .debug_aranges
                0x00000928       0x78 build/2312_Config/debug/_ext/945820938/sys_devcon.o
 .debug_aranges
                0x000009a0       0x20 build/2312_Config/debug/_ext/945820938/sys_devcon_pic32mx.o
 .debug_aranges
                0x000009c0      0x148 build/2312_Config/debug/_ext/604921471/sys_ports_static.o
 .debug_aranges
                0x00000b08       0x20 build/2312_Config/debug/_ext/1708948888/system_init.o
 .debug_aranges
                0x00000b28       0x30 build/2312_Config/debug/_ext/1708948888/system_interrupt.o
 .debug_aranges
                0x00000b58       0x20 build/2312_Config/debug/_ext/1708948888/system_exceptions.o
 .debug_aranges
                0x00000b78       0x20 build/2312_Config/debug/_ext/1708948888/system_tasks.o
 .debug_aranges
                0x00000b98       0x28 build/2312_Config/debug/_ext/1360937237/app.o
 .debug_aranges
                0x00000bc0       0x20 build/2312_Config/debug/_ext/1360937237/main.o
 .debug_aranges
                0x00000be0       0x70 build/2312_Config/debug/_ext/1360937237/chu.o
 .debug_aranges
                0x00000c50       0x48 build/2312_Config/debug/_ext/1360937237/esp.o
 .debug_aranges
                0x00000c98       0x40 build/2312_Config/debug/_ext/1360937237/bzr.o
 .debug_aranges
                0x00000cd8       0x48 build/2312_Config/debug/_ext/711155467/sys_int_pic32.o
 .debug_aranges
                0x00000d20       0x40 C:\Users\santo\AppData\Local\Temp\ccgOUONH.o
 .debug_aranges
                0x00000d60       0x20 c:/program files/microchip/xc32/v2.50/bin/bin/../../lib/gcc/pic32mx/4.8.3\libgcc.a(floatunsidf.o)
 .debug_aranges
                0x00000d80       0x20 c:/program files/microchip/xc32/v2.50/bin/bin/../../lib/gcc/pic32mx/4.8.3/../../../../pic32mx/lib\libpic32.a(default-bootstrap-exception-handler.o)
 .debug_aranges
                0x00000da0       0x20 c:/program files/microchip/xc32/v2.50/bin/bin/../../lib/gcc/pic32mx/4.8.3/../../../../pic32mx/lib\libpic32.a(default-on-reset.o)
 .debug_aranges
                0x00000dc0       0x20 c:/program files/microchip/xc32/v2.50/bin/bin/../../lib/gcc/pic32mx/4.8.3/../../../../pic32mx/lib\libpic32.a(default-on-bootstrap.o)
 .debug_aranges
                0x00000de0       0x20 c:/program files/microchip/xc32/v2.50/bin/bin/../../lib/gcc/pic32mx/4.8.3/../../../../pic32mx/lib\libpic32.a(defaultinterrupt.o)
 .debug_aranges
                0x00000e00       0x20 c:/program files/microchip/xc32/v2.50/bin/bin/../../lib/gcc/pic32mx/4.8.3/../../../../pic32mx/lib\libc.a(memmove.o)
 .debug_aranges
                0x00000e20       0x20 c:/program files/microchip/xc32/v2.50/bin/bin/../../lib/gcc/pic32mx/4.8.3/../../../../pic32mx/lib\libc.a(strtok.o)
 .debug_aranges
                0x00000e40       0x20 c:/program files/microchip/xc32/v2.50/bin/bin/../../lib/gcc/pic32mx/4.8.3/../../../../pic32mx/lib\libc.a(strcspn.o)
 .debug_aranges
                0x00000e60       0x20 c:/program files/microchip/xc32/v2.50/bin/bin/../../lib/gcc/pic32mx/4.8.3/../../../../pic32mx/lib\libc.a(strspn.o)
 .debug_aranges
                0x00000e80       0x20 c:/program files/microchip/xc32/v2.50/bin/bin/../../lib/gcc/pic32mx/4.8.3/../../../../pic32mx/lib\libc.a(strchr.o)

.debug_pubnames
 *(.debug_pubnames)

.debug_info     0x00000000    0x27ea0
 *(.debug_info .gnu.linkonce.wi.*)
 .debug_info    0x00000000       0xe3 c:/program files/microchip/xc32/v2.50/bin/bin/../../lib/gcc/pic32mx/4.8.3/../../../../pic32mx/lib\software-debug-break.o
 .debug_info    0x000000e3      0x48e build/2312_Config/debug/_ext/946520205/fifo.o
 .debug_info    0x00000571     0x2b76 build/2312_Config/debug/_ext/946520205/RFIDB1ClientInterface.o
 .debug_info    0x000030e7     0x1016 build/2312_Config/debug/_ext/946520205/RFIDB1ClientProtocol.o
 .debug_info    0x000040fd      0x2f8 build/2312_Config/debug/_ext/946520205/counter.o
 .debug_info    0x000043f5      0xe31 build/2312_Config/debug/_ext/946520205/SerialTimer.o
 .debug_info    0x00005226      0x798 build/2312_Config/debug/_ext/946520205/TLC5973.o
 .debug_info    0x000059be      0xe1b build/2312_Config/debug/_ext/220851720/drv_oc_mapping.o
 .debug_info    0x000067d9      0x7db build/2312_Config/debug/_ext/220851720/drv_oc_static.o
 .debug_info    0x00006fb4     0x36c5 build/2312_Config/debug/_ext/2062741761/drv_tmr_static.o
 .debug_info    0x0000a679     0x1eb1 build/2312_Config/debug/_ext/2062741761/drv_tmr_mapping.o
 .debug_info    0x0000c52a     0x1e62 build/2312_Config/debug/_ext/1753970347/drv_usart_mapping.o
 .debug_info    0x0000e38c     0x30a3 build/2312_Config/debug/_ext/1753970347/drv_usart_static.o
 .debug_info    0x0001142f     0x1854 build/2312_Config/debug/_ext/1753970347/drv_usart_static_byte_model.o
 .debug_info    0x00012c83     0x128c build/2312_Config/debug/_ext/15694449/sys_clk_pic32mx.o
 .debug_info    0x00013f0f     0x12ea build/2312_Config/debug/_ext/945820938/sys_devcon.o
 .debug_info    0x000151f9      0xd75 build/2312_Config/debug/_ext/945820938/sys_devcon_pic32mx.o
 .debug_info    0x00015f6e     0x2c77 build/2312_Config/debug/_ext/604921471/sys_ports_static.o
 .debug_info    0x00018be5     0x185b build/2312_Config/debug/_ext/1708948888/system_init.o
 .debug_info    0x0001a440     0x13ce build/2312_Config/debug/_ext/1708948888/system_interrupt.o
 .debug_info    0x0001b80e      0xbb6 build/2312_Config/debug/_ext/1708948888/system_exceptions.o
 .debug_info    0x0001c3c4      0x9c4 build/2312_Config/debug/_ext/1708948888/system_tasks.o
 .debug_info    0x0001cd88     0x1aea build/2312_Config/debug/_ext/1360937237/app.o
 .debug_info    0x0001e872      0x1d3 build/2312_Config/debug/_ext/1360937237/main.o
 .debug_info    0x0001ea45     0x40bb build/2312_Config/debug/_ext/1360937237/chu.o
 .debug_info    0x00022b00     0x232a build/2312_Config/debug/_ext/1360937237/esp.o
 .debug_info    0x00024e2a     0x15be build/2312_Config/debug/_ext/1360937237/bzr.o
 .debug_info    0x000263e8     0x113b build/2312_Config/debug/_ext/711155467/sys_int_pic32.o
 .debug_info    0x00027523       0xf1 C:\Users\santo\AppData\Local\Temp\ccgOUONH.o
 .debug_info    0x00027614      0x137 c:/program files/microchip/xc32/v2.50/bin/bin/../../lib/gcc/pic32mx/4.8.3\libgcc.a(floatunsidf.o)
 .debug_info    0x0002774b       0xf4 c:/program files/microchip/xc32/v2.50/bin/bin/../../lib/gcc/pic32mx/4.8.3/../../../../pic32mx/lib\libpic32.a(default-bootstrap-exception-handler.o)
 .debug_info    0x0002783f       0xcd c:/program files/microchip/xc32/v2.50/bin/bin/../../lib/gcc/pic32mx/4.8.3/../../../../pic32mx/lib\libpic32.a(default-on-reset.o)
 .debug_info    0x0002790c       0xd5 c:/program files/microchip/xc32/v2.50/bin/bin/../../lib/gcc/pic32mx/4.8.3/../../../../pic32mx/lib\libpic32.a(default-on-bootstrap.o)
 .debug_info    0x000279e1       0xe7 c:/program files/microchip/xc32/v2.50/bin/bin/../../lib/gcc/pic32mx/4.8.3/../../../../pic32mx/lib\libpic32.a(defaultinterrupt.o)
 .debug_info    0x00027ac8       0xc6 c:/program files/microchip/xc32/v2.50/bin/bin/../../lib/gcc/pic32mx/4.8.3/../../../../pic32mx/lib\libc.a(memmove.o)
 .debug_info    0x00027b8e       0xc4 c:/program files/microchip/xc32/v2.50/bin/bin/../../lib/gcc/pic32mx/4.8.3/../../../../pic32mx/lib\libc.a(strtok.o)
 .debug_info    0x00027c52       0xc6 c:/program files/microchip/xc32/v2.50/bin/bin/../../lib/gcc/pic32mx/4.8.3/../../../../pic32mx/lib\libc.a(strcspn.o)
 .debug_info    0x00027d18       0xc4 c:/program files/microchip/xc32/v2.50/bin/bin/../../lib/gcc/pic32mx/4.8.3/../../../../pic32mx/lib\libc.a(strspn.o)
 .debug_info    0x00027ddc       0xc4 c:/program files/microchip/xc32/v2.50/bin/bin/../../lib/gcc/pic32mx/4.8.3/../../../../pic32mx/lib\libc.a(strchr.o)

.debug_abbrev   0x00000000     0x33a4
 *(.debug_abbrev)
 .debug_abbrev  0x00000000       0x28 c:/program files/microchip/xc32/v2.50/bin/bin/../../lib/gcc/pic32mx/4.8.3/../../../../pic32mx/lib\software-debug-break.o
 .debug_abbrev  0x00000028      0x123 build/2312_Config/debug/_ext/946520205/fifo.o
 .debug_abbrev  0x0000014b      0x307 build/2312_Config/debug/_ext/946520205/RFIDB1ClientInterface.o
 .debug_abbrev  0x00000452      0x25b build/2312_Config/debug/_ext/946520205/RFIDB1ClientProtocol.o
 .debug_abbrev  0x000006ad      0x105 build/2312_Config/debug/_ext/946520205/counter.o
 .debug_abbrev  0x000007b2      0x16a build/2312_Config/debug/_ext/946520205/SerialTimer.o
 .debug_abbrev  0x0000091c      0x1d7 build/2312_Config/debug/_ext/946520205/TLC5973.o
 .debug_abbrev  0x00000af3      0x1b1 build/2312_Config/debug/_ext/220851720/drv_oc_mapping.o
 .debug_abbrev  0x00000ca4       0xda build/2312_Config/debug/_ext/220851720/drv_oc_static.o
 .debug_abbrev  0x00000d7e      0x2eb build/2312_Config/debug/_ext/2062741761/drv_tmr_static.o
 .debug_abbrev  0x00001069      0x2a5 build/2312_Config/debug/_ext/2062741761/drv_tmr_mapping.o
 .debug_abbrev  0x0000130e      0x238 build/2312_Config/debug/_ext/1753970347/drv_usart_mapping.o
 .debug_abbrev  0x00001546      0x330 build/2312_Config/debug/_ext/1753970347/drv_usart_static.o
 .debug_abbrev  0x00001876      0x18e build/2312_Config/debug/_ext/1753970347/drv_usart_static_byte_model.o
 .debug_abbrev  0x00001a04      0x203 build/2312_Config/debug/_ext/15694449/sys_clk_pic32mx.o
 .debug_abbrev  0x00001c07      0x273 build/2312_Config/debug/_ext/945820938/sys_devcon.o
 .debug_abbrev  0x00001e7a      0x1b7 build/2312_Config/debug/_ext/945820938/sys_devcon_pic32mx.o
 .debug_abbrev  0x00002031      0x1ff build/2312_Config/debug/_ext/604921471/sys_ports_static.o
 .debug_abbrev  0x00002230      0x1da build/2312_Config/debug/_ext/1708948888/system_init.o
 .debug_abbrev  0x0000240a      0x11a build/2312_Config/debug/_ext/1708948888/system_interrupt.o
 .debug_abbrev  0x00002524       0xf5 build/2312_Config/debug/_ext/1708948888/system_exceptions.o
 .debug_abbrev  0x00002619       0xd3 build/2312_Config/debug/_ext/1708948888/system_tasks.o
 .debug_abbrev  0x000026ec      0x1c0 build/2312_Config/debug/_ext/1360937237/app.o
 .debug_abbrev  0x000028ac       0x93 build/2312_Config/debug/_ext/1360937237/main.o
 .debug_abbrev  0x0000293f      0x2d8 build/2312_Config/debug/_ext/1360937237/chu.o
 .debug_abbrev  0x00002c17      0x23b build/2312_Config/debug/_ext/1360937237/esp.o
 .debug_abbrev  0x00002e52      0x1de build/2312_Config/debug/_ext/1360937237/bzr.o
 .debug_abbrev  0x00003030      0x198 build/2312_Config/debug/_ext/711155467/sys_int_pic32.o
 .debug_abbrev  0x000031c8       0x12 C:\Users\santo\AppData\Local\Temp\ccgOUONH.o
 .debug_abbrev  0x000031da       0x62 c:/program files/microchip/xc32/v2.50/bin/bin/../../lib/gcc/pic32mx/4.8.3\libgcc.a(floatunsidf.o)
 .debug_abbrev  0x0000323c       0x28 c:/program files/microchip/xc32/v2.50/bin/bin/../../lib/gcc/pic32mx/4.8.3/../../../../pic32mx/lib\libpic32.a(default-bootstrap-exception-handler.o)
 .debug_abbrev  0x00003264       0x28 c:/program files/microchip/xc32/v2.50/bin/bin/../../lib/gcc/pic32mx/4.8.3/../../../../pic32mx/lib\libpic32.a(default-on-reset.o)
 .debug_abbrev  0x0000328c       0x28 c:/program files/microchip/xc32/v2.50/bin/bin/../../lib/gcc/pic32mx/4.8.3/../../../../pic32mx/lib\libpic32.a(default-on-bootstrap.o)
 .debug_abbrev  0x000032b4       0x28 c:/program files/microchip/xc32/v2.50/bin/bin/../../lib/gcc/pic32mx/4.8.3/../../../../pic32mx/lib\libpic32.a(defaultinterrupt.o)
 .debug_abbrev  0x000032dc       0x28 c:/program files/microchip/xc32/v2.50/bin/bin/../../lib/gcc/pic32mx/4.8.3/../../../../pic32mx/lib\libc.a(memmove.o)
 .debug_abbrev  0x00003304       0x28 c:/program files/microchip/xc32/v2.50/bin/bin/../../lib/gcc/pic32mx/4.8.3/../../../../pic32mx/lib\libc.a(strtok.o)
 .debug_abbrev  0x0000332c       0x28 c:/program files/microchip/xc32/v2.50/bin/bin/../../lib/gcc/pic32mx/4.8.3/../../../../pic32mx/lib\libc.a(strcspn.o)
 .debug_abbrev  0x00003354       0x28 c:/program files/microchip/xc32/v2.50/bin/bin/../../lib/gcc/pic32mx/4.8.3/../../../../pic32mx/lib\libc.a(strspn.o)
 .debug_abbrev  0x0000337c       0x28 c:/program files/microchip/xc32/v2.50/bin/bin/../../lib/gcc/pic32mx/4.8.3/../../../../pic32mx/lib\libc.a(strchr.o)

.debug_line     0x00000000     0x6ccf
 *(.debug_line)
 .debug_line    0x00000000       0x99 c:/program files/microchip/xc32/v2.50/bin/bin/../../lib/gcc/pic32mx/4.8.3/../../../../pic32mx/lib\software-debug-break.o
 .debug_line    0x00000099      0x181 build/2312_Config/debug/_ext/946520205/fifo.o
 .debug_line    0x0000021a      0x583 build/2312_Config/debug/_ext/946520205/RFIDB1ClientInterface.o
 .debug_line    0x0000079d      0x3dc build/2312_Config/debug/_ext/946520205/RFIDB1ClientProtocol.o
 .debug_line    0x00000b79      0x146 build/2312_Config/debug/_ext/946520205/counter.o
 .debug_line    0x00000cbf      0x27b build/2312_Config/debug/_ext/946520205/SerialTimer.o
 .debug_line    0x00000f3a      0x20d build/2312_Config/debug/_ext/946520205/TLC5973.o
 .debug_line    0x00001147      0x336 build/2312_Config/debug/_ext/220851720/drv_oc_mapping.o
 .debug_line    0x0000147d      0x1e2 build/2312_Config/debug/_ext/220851720/drv_oc_static.o
 .debug_line    0x0000165f      0x78e build/2312_Config/debug/_ext/2062741761/drv_tmr_static.o
 .debug_line    0x00001ded      0x751 build/2312_Config/debug/_ext/2062741761/drv_tmr_mapping.o
 .debug_line    0x0000253e      0x502 build/2312_Config/debug/_ext/1753970347/drv_usart_mapping.o
 .debug_line    0x00002a40      0x63c build/2312_Config/debug/_ext/1753970347/drv_usart_static.o
 .debug_line    0x0000307c      0x31c build/2312_Config/debug/_ext/1753970347/drv_usart_static_byte_model.o
 .debug_line    0x00003398      0x366 build/2312_Config/debug/_ext/15694449/sys_clk_pic32mx.o
 .debug_line    0x000036fe      0x4e6 build/2312_Config/debug/_ext/945820938/sys_devcon.o
 .debug_line    0x00003be4      0x394 build/2312_Config/debug/_ext/945820938/sys_devcon_pic32mx.o
 .debug_line    0x00003f78      0x59d build/2312_Config/debug/_ext/604921471/sys_ports_static.o
 .debug_line    0x00004515      0x613 build/2312_Config/debug/_ext/1708948888/system_init.o
 .debug_line    0x00004b28      0x27b build/2312_Config/debug/_ext/1708948888/system_interrupt.o
 .debug_line    0x00004da3      0x20d build/2312_Config/debug/_ext/1708948888/system_exceptions.o
 .debug_line    0x00004fb0      0x1eb build/2312_Config/debug/_ext/1708948888/system_tasks.o
 .debug_line    0x0000519b      0x4ac build/2312_Config/debug/_ext/1360937237/app.o
 .debug_line    0x00005647       0xd5 build/2312_Config/debug/_ext/1360937237/main.o
 .debug_line    0x0000571c      0x4d8 build/2312_Config/debug/_ext/1360937237/chu.o
 .debug_line    0x00005bf4      0x437 build/2312_Config/debug/_ext/1360937237/esp.o
 .debug_line    0x0000602b      0x3aa build/2312_Config/debug/_ext/1360937237/bzr.o
 .debug_line    0x000063d5      0x228 build/2312_Config/debug/_ext/711155467/sys_int_pic32.o
 .debug_line    0x000065fd      0x152 C:\Users\santo\AppData\Local\Temp\ccgOUONH.o
 .debug_line    0x0000674f       0x93 c:/program files/microchip/xc32/v2.50/bin/bin/../../lib/gcc/pic32mx/4.8.3\libgcc.a(floatunsidf.o)
 .debug_line    0x000067e2       0xa6 c:/program files/microchip/xc32/v2.50/bin/bin/../../lib/gcc/pic32mx/4.8.3/../../../../pic32mx/lib\libpic32.a(default-bootstrap-exception-handler.o)
 .debug_line    0x00006888       0x93 c:/program files/microchip/xc32/v2.50/bin/bin/../../lib/gcc/pic32mx/4.8.3/../../../../pic32mx/lib\libpic32.a(default-on-reset.o)
 .debug_line    0x0000691b       0x97 c:/program files/microchip/xc32/v2.50/bin/bin/../../lib/gcc/pic32mx/4.8.3/../../../../pic32mx/lib\libpic32.a(default-on-bootstrap.o)
 .debug_line    0x000069b2       0xa5 c:/program files/microchip/xc32/v2.50/bin/bin/../../lib/gcc/pic32mx/4.8.3/../../../../pic32mx/lib\libpic32.a(defaultinterrupt.o)
 .debug_line    0x00006a57       0x7f c:/program files/microchip/xc32/v2.50/bin/bin/../../lib/gcc/pic32mx/4.8.3/../../../../pic32mx/lib\libc.a(memmove.o)
 .debug_line    0x00006ad6       0x7e c:/program files/microchip/xc32/v2.50/bin/bin/../../lib/gcc/pic32mx/4.8.3/../../../../pic32mx/lib\libc.a(strtok.o)
 .debug_line    0x00006b54       0x7f c:/program files/microchip/xc32/v2.50/bin/bin/../../lib/gcc/pic32mx/4.8.3/../../../../pic32mx/lib\libc.a(strcspn.o)
 .debug_line    0x00006bd3       0x7e c:/program files/microchip/xc32/v2.50/bin/bin/../../lib/gcc/pic32mx/4.8.3/../../../../pic32mx/lib\libc.a(strspn.o)
 .debug_line    0x00006c51       0x7e c:/program files/microchip/xc32/v2.50/bin/bin/../../lib/gcc/pic32mx/4.8.3/../../../../pic32mx/lib\libc.a(strchr.o)

.debug_frame    0x00000000     0x325c
 *(.debug_frame)
 .debug_frame   0x00000000       0x20 c:/program files/microchip/xc32/v2.50/bin/bin/../../lib/gcc/pic32mx/4.8.3/../../../../pic32mx/lib\software-debug-break.o
 .debug_frame   0x00000020       0xdc build/2312_Config/debug/_ext/946520205/fifo.o
 .debug_frame   0x000000fc      0x538 build/2312_Config/debug/_ext/946520205/RFIDB1ClientInterface.o
 .debug_frame   0x00000634      0x1cc build/2312_Config/debug/_ext/946520205/RFIDB1ClientProtocol.o
 .debug_frame   0x00000800       0xb8 build/2312_Config/debug/_ext/946520205/counter.o
 .debug_frame   0x000008b8       0x98 build/2312_Config/debug/_ext/946520205/SerialTimer.o
 .debug_frame   0x00000950      0x12c build/2312_Config/debug/_ext/946520205/TLC5973.o
 .debug_frame   0x00000a7c      0x104 build/2312_Config/debug/_ext/220851720/drv_oc_mapping.o
 .debug_frame   0x00000b80      0x10c build/2312_Config/debug/_ext/220851720/drv_oc_static.o
 .debug_frame   0x00000c8c      0x76c build/2312_Config/debug/_ext/2062741761/drv_tmr_static.o
 .debug_frame   0x000013f8      0x588 build/2312_Config/debug/_ext/2062741761/drv_tmr_mapping.o
 .debug_frame   0x00001980      0x2bc build/2312_Config/debug/_ext/1753970347/drv_usart_mapping.o
 .debug_frame   0x00001c3c      0x3d8 build/2312_Config/debug/_ext/1753970347/drv_usart_static.o
 .debug_frame   0x00002014      0x1b0 build/2312_Config/debug/_ext/1753970347/drv_usart_static_byte_model.o
 .debug_frame   0x000021c4      0x100 build/2312_Config/debug/_ext/15694449/sys_clk_pic32mx.o
 .debug_frame   0x000022c4      0x1ac build/2312_Config/debug/_ext/945820938/sys_devcon.o
 .debug_frame   0x00002470       0x34 build/2312_Config/debug/_ext/945820938/sys_devcon_pic32mx.o
 .debug_frame   0x000024a4      0x540 build/2312_Config/debug/_ext/604921471/sys_ports_static.o
 .debug_frame   0x000029e4       0x34 build/2312_Config/debug/_ext/1708948888/system_init.o
 .debug_frame   0x00002a18      0x130 build/2312_Config/debug/_ext/1708948888/system_interrupt.o
 .debug_frame   0x00002b48       0x2c build/2312_Config/debug/_ext/1708948888/system_exceptions.o
 .debug_frame   0x00002b74       0x34 build/2312_Config/debug/_ext/1708948888/system_tasks.o
 .debug_frame   0x00002ba8       0x58 build/2312_Config/debug/_ext/1360937237/app.o
 .debug_frame   0x00002c00       0x2c build/2312_Config/debug/_ext/1360937237/main.o
 .debug_frame   0x00002c2c      0x1cc build/2312_Config/debug/_ext/1360937237/chu.o
 .debug_frame   0x00002df8      0x120 build/2312_Config/debug/_ext/1360937237/esp.o
 .debug_frame   0x00002f18       0xc0 build/2312_Config/debug/_ext/1360937237/bzr.o
 .debug_frame   0x00002fd8       0xe8 build/2312_Config/debug/_ext/711155467/sys_int_pic32.o
 .debug_frame   0x000030c0       0x2c c:/program files/microchip/xc32/v2.50/bin/bin/../../lib/gcc/pic32mx/4.8.3\libgcc.a(floatunsidf.o)
 .debug_frame   0x000030ec       0x2c c:/program files/microchip/xc32/v2.50/bin/bin/../../lib/gcc/pic32mx/4.8.3/../../../../pic32mx/lib\libpic32.a(default-bootstrap-exception-handler.o)
 .debug_frame   0x00003118       0x20 c:/program files/microchip/xc32/v2.50/bin/bin/../../lib/gcc/pic32mx/4.8.3/../../../../pic32mx/lib\libpic32.a(default-on-reset.o)
 .debug_frame   0x00003138       0x20 c:/program files/microchip/xc32/v2.50/bin/bin/../../lib/gcc/pic32mx/4.8.3/../../../../pic32mx/lib\libpic32.a(default-on-bootstrap.o)
 .debug_frame   0x00003158       0x20 c:/program files/microchip/xc32/v2.50/bin/bin/../../lib/gcc/pic32mx/4.8.3/../../../../pic32mx/lib\libpic32.a(defaultinterrupt.o)
 .debug_frame   0x00003178       0x20 c:/program files/microchip/xc32/v2.50/bin/bin/../../lib/gcc/pic32mx/4.8.3/../../../../pic32mx/lib\libc.a(memmove.o)
 .debug_frame   0x00003198       0x3c c:/program files/microchip/xc32/v2.50/bin/bin/../../lib/gcc/pic32mx/4.8.3/../../../../pic32mx/lib\libc.a(strtok.o)
 .debug_frame   0x000031d4       0x34 c:/program files/microchip/xc32/v2.50/bin/bin/../../lib/gcc/pic32mx/4.8.3/../../../../pic32mx/lib\libc.a(strcspn.o)
 .debug_frame   0x00003208       0x34 c:/program files/microchip/xc32/v2.50/bin/bin/../../lib/gcc/pic32mx/4.8.3/../../../../pic32mx/lib\libc.a(strspn.o)
 .debug_frame   0x0000323c       0x20 c:/program files/microchip/xc32/v2.50/bin/bin/../../lib/gcc/pic32mx/4.8.3/../../../../pic32mx/lib\libc.a(strchr.o)

.debug_str      0x00000000      0x7e9
 *(.debug_str)
 .debug_str     0x00000000        0x0 c:/program files/microchip/xc32/v2.50/bin/bin/../../lib/gcc/pic32mx/4.8.3/../../../../pic32mx/lib\software-debug-break.o
 .debug_str     0x00000000       0x1a build/2312_Config/debug/_ext/946520205/fifo.o
 .debug_str     0x0000001a      0x41e build/2312_Config/debug/_ext/946520205/RFIDB1ClientInterface.o
 .debug_str     0x00000438      0x103 build/2312_Config/debug/_ext/946520205/RFIDB1ClientProtocol.o
 .debug_str     0x0000053b        0xf build/2312_Config/debug/_ext/946520205/counter.o
 .debug_str     0x0000054a        0x0 build/2312_Config/debug/_ext/946520205/SerialTimer.o
 .debug_str     0x0000054a       0x18 build/2312_Config/debug/_ext/946520205/TLC5973.o
 .debug_str     0x00000562       0x13 build/2312_Config/debug/_ext/220851720/drv_oc_mapping.o
 .debug_str     0x00000575        0x0 build/2312_Config/debug/_ext/220851720/drv_oc_static.o
 .debug_str     0x00000575       0x58 build/2312_Config/debug/_ext/2062741761/drv_tmr_static.o
 .debug_str     0x000005cd        0xe build/2312_Config/debug/_ext/2062741761/drv_tmr_mapping.o
 .debug_str     0x000005db       0x23 build/2312_Config/debug/_ext/1753970347/drv_usart_mapping.o
 .debug_str     0x000005fe       0x51 build/2312_Config/debug/_ext/1753970347/drv_usart_static.o
 .debug_str     0x0000064f        0xa build/2312_Config/debug/_ext/1753970347/drv_usart_static_byte_model.o
 .debug_str     0x00000659        0x0 build/2312_Config/debug/_ext/15694449/sys_clk_pic32mx.o
 .debug_str     0x00000659       0x10 build/2312_Config/debug/_ext/945820938/sys_devcon.o
 .debug_str     0x00000669        0x0 build/2312_Config/debug/_ext/945820938/sys_devcon_pic32mx.o
 .debug_str     0x00000669       0x34 build/2312_Config/debug/_ext/604921471/sys_ports_static.o
 .debug_str     0x0000069d        0x0 build/2312_Config/debug/_ext/1708948888/system_init.o
 .debug_str     0x0000069d        0x0 build/2312_Config/debug/_ext/1708948888/system_interrupt.o
 .debug_str     0x0000069d        0x0 build/2312_Config/debug/_ext/1708948888/system_exceptions.o
 .debug_str     0x0000069d        0x0 build/2312_Config/debug/_ext/1708948888/system_tasks.o
 .debug_str     0x0000069d        0x0 build/2312_Config/debug/_ext/1360937237/app.o
 .debug_str     0x0000069d        0x0 build/2312_Config/debug/_ext/1360937237/main.o
 .debug_str     0x0000069d      0x13c build/2312_Config/debug/_ext/1360937237/chu.o
 .debug_str     0x000007d9        0x0 build/2312_Config/debug/_ext/1360937237/esp.o
 .debug_str     0x000007d9        0x0 build/2312_Config/debug/_ext/1360937237/bzr.o
 .debug_str     0x000007d9       0x10 build/2312_Config/debug/_ext/711155467/sys_int_pic32.o
 .debug_str     0x000007e9        0x0 c:/program files/microchip/xc32/v2.50/bin/bin/../../lib/gcc/pic32mx/4.8.3\libgcc.a(floatunsidf.o)
 .debug_str     0x000007e9        0x0 c:/program files/microchip/xc32/v2.50/bin/bin/../../lib/gcc/pic32mx/4.8.3/../../../../pic32mx/lib\libpic32.a(default-bootstrap-exception-handler.o)
 .debug_str     0x000007e9        0x0 c:/program files/microchip/xc32/v2.50/bin/bin/../../lib/gcc/pic32mx/4.8.3/../../../../pic32mx/lib\libpic32.a(default-on-reset.o)
 .debug_str     0x000007e9        0x0 c:/program files/microchip/xc32/v2.50/bin/bin/../../lib/gcc/pic32mx/4.8.3/../../../../pic32mx/lib\libpic32.a(default-on-bootstrap.o)
 .debug_str     0x000007e9        0x0 c:/program files/microchip/xc32/v2.50/bin/bin/../../lib/gcc/pic32mx/4.8.3/../../../../pic32mx/lib\libpic32.a(defaultinterrupt.o)
 .debug_str     0x000007e9        0x0 c:/program files/microchip/xc32/v2.50/bin/bin/../../lib/gcc/pic32mx/4.8.3/../../../../pic32mx/lib\libc.a(memmove.o)
 .debug_str     0x000007e9        0x0 c:/program files/microchip/xc32/v2.50/bin/bin/../../lib/gcc/pic32mx/4.8.3/../../../../pic32mx/lib\libc.a(strtok.o)
 .debug_str     0x000007e9        0x0 c:/program files/microchip/xc32/v2.50/bin/bin/../../lib/gcc/pic32mx/4.8.3/../../../../pic32mx/lib\libc.a(strcspn.o)
 .debug_str     0x000007e9        0x0 c:/program files/microchip/xc32/v2.50/bin/bin/../../lib/gcc/pic32mx/4.8.3/../../../../pic32mx/lib\libc.a(strspn.o)
 .debug_str     0x000007e9        0x0 c:/program files/microchip/xc32/v2.50/bin/bin/../../lib/gcc/pic32mx/4.8.3/../../../../pic32mx/lib\libc.a(strchr.o)

.debug_loc      0x00000000     0xc340
 *(.debug_loc)
 .debug_loc     0x00000000      0x42a build/2312_Config/debug/_ext/946520205/fifo.o
 .debug_loc     0x0000042a     0x1da6 build/2312_Config/debug/_ext/946520205/RFIDB1ClientInterface.o
 .debug_loc     0x000021d0      0xd04 build/2312_Config/debug/_ext/946520205/RFIDB1ClientProtocol.o
 .debug_loc     0x00002ed4      0x23b build/2312_Config/debug/_ext/946520205/counter.o
 .debug_loc     0x0000310f      0x187 build/2312_Config/debug/_ext/946520205/SerialTimer.o
 .debug_loc     0x00003296      0x690 build/2312_Config/debug/_ext/946520205/TLC5973.o
 .debug_loc     0x00003926      0x4d1 build/2312_Config/debug/_ext/220851720/drv_oc_mapping.o
 .debug_loc     0x00003df7      0x213 build/2312_Config/debug/_ext/220851720/drv_oc_static.o
 .debug_loc     0x0000400a     0x1618 build/2312_Config/debug/_ext/2062741761/drv_tmr_static.o
 .debug_loc     0x00005622     0x143a build/2312_Config/debug/_ext/2062741761/drv_tmr_mapping.o
 .debug_loc     0x00006a5c     0x155e build/2312_Config/debug/_ext/1753970347/drv_usart_mapping.o
 .debug_loc     0x00007fba      0xd26 build/2312_Config/debug/_ext/1753970347/drv_usart_static.o
 .debug_loc     0x00008ce0      0x3e0 build/2312_Config/debug/_ext/1753970347/drv_usart_static_byte_model.o
 .debug_loc     0x000090c0      0x213 build/2312_Config/debug/_ext/15694449/sys_clk_pic32mx.o
 .debug_loc     0x000092d3      0x430 build/2312_Config/debug/_ext/945820938/sys_devcon.o
 .debug_loc     0x00009703      0x134 build/2312_Config/debug/_ext/945820938/sys_devcon_pic32mx.o
 .debug_loc     0x00009837     0x196e build/2312_Config/debug/_ext/604921471/sys_ports_static.o
 .debug_loc     0x0000b1a5       0x7b build/2312_Config/debug/_ext/1708948888/system_init.o
 .debug_loc     0x0000b220       0xd5 build/2312_Config/debug/_ext/1708948888/system_interrupt.o
 .debug_loc     0x0000b2f5       0x2c build/2312_Config/debug/_ext/1708948888/system_exceptions.o
 .debug_loc     0x0000b321       0x44 build/2312_Config/debug/_ext/1708948888/system_tasks.o
 .debug_loc     0x0000b365       0x88 build/2312_Config/debug/_ext/1360937237/app.o
 .debug_loc     0x0000b3ed       0x2c build/2312_Config/debug/_ext/1360937237/main.o
 .debug_loc     0x0000b419      0x5ee build/2312_Config/debug/_ext/1360937237/chu.o
 .debug_loc     0x0000ba07      0x32c build/2312_Config/debug/_ext/1360937237/esp.o
 .debug_loc     0x0000bd33      0x252 build/2312_Config/debug/_ext/1360937237/bzr.o
 .debug_loc     0x0000bf85      0x30f build/2312_Config/debug/_ext/711155467/sys_int_pic32.o
 .debug_loc     0x0000c294       0x80 c:/program files/microchip/xc32/v2.50/bin/bin/../../lib/gcc/pic32mx/4.8.3\libgcc.a(floatunsidf.o)
 .debug_loc     0x0000c314       0x2c c:/program files/microchip/xc32/v2.50/bin/bin/../../lib/gcc/pic32mx/4.8.3/../../../../pic32mx/lib\libpic32.a(default-bootstrap-exception-handler.o)

.debug_macinfo
 *(.debug_macinfo)

.debug_weaknames
 *(.debug_weaknames)

.debug_funcnames
 *(.debug_funcnames)

.debug_typenames
 *(.debug_typenames)

.debug_varnames
 *(.debug_varnames)

.debug_pubtypes
 *(.debug_pubtypes)

.debug_ranges   0x00000000      0xc28
 *(.debug_ranges)
 .debug_ranges  0x00000000       0x10 c:/program files/microchip/xc32/v2.50/bin/bin/../../lib/gcc/pic32mx/4.8.3/../../../../pic32mx/lib\software-debug-break.o
 .debug_ranges  0x00000010       0x38 build/2312_Config/debug/_ext/946520205/fifo.o
 .debug_ranges  0x00000048      0x130 build/2312_Config/debug/_ext/946520205/RFIDB1ClientInterface.o
 .debug_ranges  0x00000178       0x70 build/2312_Config/debug/_ext/946520205/RFIDB1ClientProtocol.o
 .debug_ranges  0x000001e8       0x30 build/2312_Config/debug/_ext/946520205/counter.o
 .debug_ranges  0x00000218       0x28 build/2312_Config/debug/_ext/946520205/SerialTimer.o
 .debug_ranges  0x00000240       0x48 build/2312_Config/debug/_ext/946520205/TLC5973.o
 .debug_ranges  0x00000288       0x40 build/2312_Config/debug/_ext/220851720/drv_oc_mapping.o
 .debug_ranges  0x000002c8       0x40 build/2312_Config/debug/_ext/220851720/drv_oc_static.o
 .debug_ranges  0x00000308      0x1b0 build/2312_Config/debug/_ext/2062741761/drv_tmr_static.o
 .debug_ranges  0x000004b8      0x150 build/2312_Config/debug/_ext/2062741761/drv_tmr_mapping.o
 .debug_ranges  0x00000608       0xa0 build/2312_Config/debug/_ext/1753970347/drv_usart_mapping.o
 .debug_ranges  0x000006a8       0xe8 build/2312_Config/debug/_ext/1753970347/drv_usart_static.o
 .debug_ranges  0x00000790       0x68 build/2312_Config/debug/_ext/1753970347/drv_usart_static_byte_model.o
 .debug_ranges  0x000007f8       0x40 build/2312_Config/debug/_ext/15694449/sys_clk_pic32mx.o
 .debug_ranges  0x00000838       0x68 build/2312_Config/debug/_ext/945820938/sys_devcon.o
 .debug_ranges  0x000008a0       0x10 build/2312_Config/debug/_ext/945820938/sys_devcon_pic32mx.o
 .debug_ranges  0x000008b0      0x138 build/2312_Config/debug/_ext/604921471/sys_ports_static.o
 .debug_ranges  0x000009e8       0x10 build/2312_Config/debug/_ext/1708948888/system_init.o
 .debug_ranges  0x000009f8       0x20 build/2312_Config/debug/_ext/1708948888/system_interrupt.o
 .debug_ranges  0x00000a18       0x10 build/2312_Config/debug/_ext/1708948888/system_exceptions.o
 .debug_ranges  0x00000a28       0x10 build/2312_Config/debug/_ext/1708948888/system_tasks.o
 .debug_ranges  0x00000a38       0x18 build/2312_Config/debug/_ext/1360937237/app.o
 .debug_ranges  0x00000a50       0x10 build/2312_Config/debug/_ext/1360937237/main.o
 .debug_ranges  0x00000a60       0x60 build/2312_Config/debug/_ext/1360937237/chu.o
 .debug_ranges  0x00000ac0       0x38 build/2312_Config/debug/_ext/1360937237/esp.o
 .debug_ranges  0x00000af8       0x30 build/2312_Config/debug/_ext/1360937237/bzr.o
 .debug_ranges  0x00000b28       0x38 build/2312_Config/debug/_ext/711155467/sys_int_pic32.o
 .debug_ranges  0x00000b60       0x38 C:\Users\santo\AppData\Local\Temp\ccgOUONH.o
 .debug_ranges  0x00000b98       0x10 c:/program files/microchip/xc32/v2.50/bin/bin/../../lib/gcc/pic32mx/4.8.3/../../../../pic32mx/lib\libpic32.a(default-bootstrap-exception-handler.o)
 .debug_ranges  0x00000ba8       0x10 c:/program files/microchip/xc32/v2.50/bin/bin/../../lib/gcc/pic32mx/4.8.3/../../../../pic32mx/lib\libpic32.a(default-on-reset.o)
 .debug_ranges  0x00000bb8       0x10 c:/program files/microchip/xc32/v2.50/bin/bin/../../lib/gcc/pic32mx/4.8.3/../../../../pic32mx/lib\libpic32.a(default-on-bootstrap.o)
 .debug_ranges  0x00000bc8       0x10 c:/program files/microchip/xc32/v2.50/bin/bin/../../lib/gcc/pic32mx/4.8.3/../../../../pic32mx/lib\libpic32.a(defaultinterrupt.o)
 .debug_ranges  0x00000bd8       0x10 c:/program files/microchip/xc32/v2.50/bin/bin/../../lib/gcc/pic32mx/4.8.3/../../../../pic32mx/lib\libc.a(memmove.o)
 .debug_ranges  0x00000be8       0x10 c:/program files/microchip/xc32/v2.50/bin/bin/../../lib/gcc/pic32mx/4.8.3/../../../../pic32mx/lib\libc.a(strtok.o)
 .debug_ranges  0x00000bf8       0x10 c:/program files/microchip/xc32/v2.50/bin/bin/../../lib/gcc/pic32mx/4.8.3/../../../../pic32mx/lib\libc.a(strcspn.o)
 .debug_ranges  0x00000c08       0x10 c:/program files/microchip/xc32/v2.50/bin/bin/../../lib/gcc/pic32mx/4.8.3/../../../../pic32mx/lib\libc.a(strspn.o)
 .debug_ranges  0x00000c18       0x10 c:/program files/microchip/xc32/v2.50/bin/bin/../../lib/gcc/pic32mx/4.8.3/../../../../pic32mx/lib\libc.a(strchr.o)

.gnu.attributes
                0x00000000       0x10
 *(.gnu.attributes)
 .gnu.attributes
                0x00000000       0x10 c:/program files/microchip/xc32/v2.50/bin/bin/../../lib/gcc/pic32mx/4.8.3/../../../../pic32mx/lib\software-debug-break.o
 .gnu.attributes
                0x00000010       0x10 build/2312_Config/debug/_ext/946520205/fifo.o
 .gnu.attributes
                0x00000020       0x10 build/2312_Config/debug/_ext/946520205/RFIDB1ClientInterface.o
 .gnu.attributes
                0x00000030       0x10 build/2312_Config/debug/_ext/946520205/RFIDB1ClientProtocol.o
 .gnu.attributes
                0x00000040       0x10 build/2312_Config/debug/_ext/946520205/counter.o
 .gnu.attributes
                0x00000050       0x10 build/2312_Config/debug/_ext/946520205/SerialTimer.o
 .gnu.attributes
                0x00000060       0x10 build/2312_Config/debug/_ext/946520205/TLC5973.o
 .gnu.attributes
                0x00000070       0x10 build/2312_Config/debug/_ext/220851720/drv_oc_mapping.o
 .gnu.attributes
                0x00000080       0x10 build/2312_Config/debug/_ext/220851720/drv_oc_static.o
 .gnu.attributes
                0x00000090       0x10 build/2312_Config/debug/_ext/2062741761/drv_tmr_static.o
 .gnu.attributes
                0x000000a0       0x10 build/2312_Config/debug/_ext/2062741761/drv_tmr_mapping.o
 .gnu.attributes
                0x000000b0       0x10 build/2312_Config/debug/_ext/1753970347/drv_usart_mapping.o
 .gnu.attributes
                0x000000c0       0x10 build/2312_Config/debug/_ext/1753970347/drv_usart_static.o
 .gnu.attributes
                0x000000d0       0x10 build/2312_Config/debug/_ext/1753970347/drv_usart_static_byte_model.o
 .gnu.attributes
                0x000000e0       0x10 build/2312_Config/debug/_ext/15694449/sys_clk_pic32mx.o
 .gnu.attributes
                0x000000f0       0x10 build/2312_Config/debug/_ext/945820938/sys_devcon.o
 .gnu.attributes
                0x00000100       0x10 build/2312_Config/debug/_ext/945820938/sys_devcon_pic32mx.o
 .gnu.attributes
                0x00000110       0x10 build/2312_Config/debug/_ext/604921471/sys_ports_static.o
 .gnu.attributes
                0x00000120       0x10 build/2312_Config/debug/_ext/1708948888/system_init.o
 .gnu.attributes
                0x00000130       0x10 build/2312_Config/debug/_ext/1708948888/system_interrupt.o
 .gnu.attributes
                0x00000140       0x10 build/2312_Config/debug/_ext/1708948888/system_exceptions.o
 .gnu.attributes
                0x00000150       0x10 build/2312_Config/debug/_ext/1708948888/system_tasks.o
 .gnu.attributes
                0x00000160       0x10 build/2312_Config/debug/_ext/1360937237/app.o
 .gnu.attributes
                0x00000170       0x10 build/2312_Config/debug/_ext/1360937237/main.o
 .gnu.attributes
                0x00000180       0x10 build/2312_Config/debug/_ext/1360937237/chu.o
 .gnu.attributes
                0x00000190       0x10 build/2312_Config/debug/_ext/1360937237/esp.o
 .gnu.attributes
                0x000001a0       0x10 build/2312_Config/debug/_ext/1360937237/bzr.o
 .gnu.attributes
                0x000001b0       0x10 build/2312_Config/debug/_ext/711155467/sys_int_pic32.o
 .gnu.attributes
                0x000001c0       0x10 ..\..\..\..\..\..\bin\framework\peripheral\PIC32MX795F512H_peripherals.a(peripheral.o)
 .gnu.attributes
                0x000001d0       0x10 c:/program files/microchip/xc32/v2.50/bin/bin/../../lib/gcc/pic32mx/4.8.3\libgcc.a(floatunsidf.o)
 .gnu.attributes
                0x000001e0       0x10 c:/program files/microchip/xc32/v2.50/bin/bin/../../lib/gcc/pic32mx/4.8.3/../../../../pic32mx/lib\libpic32.a(default-bootstrap-exception-handler.o)
 .gnu.attributes
                0x000001f0       0x10 c:/program files/microchip/xc32/v2.50/bin/bin/../../lib/gcc/pic32mx/4.8.3/../../../../pic32mx/lib\libpic32.a(default-on-reset.o)
 .gnu.attributes
                0x00000200       0x10 c:/program files/microchip/xc32/v2.50/bin/bin/../../lib/gcc/pic32mx/4.8.3/../../../../pic32mx/lib\libpic32.a(default-on-bootstrap.o)
 .gnu.attributes
                0x00000210       0x10 c:/program files/microchip/xc32/v2.50/bin/bin/../../lib/gcc/pic32mx/4.8.3/../../../../pic32mx/lib\libpic32.a(defaultinterrupt.o)
 .gnu.attributes
                0x00000220       0x10 c:/program files/microchip/xc32/v2.50/bin/bin/../../lib/gcc/pic32mx/4.8.3/../../../../pic32mx/lib\libc.a(memmove.o)
 .gnu.attributes
                0x00000230       0x10 c:/program files/microchip/xc32/v2.50/bin/bin/../../lib/gcc/pic32mx/4.8.3/../../../../pic32mx/lib\libc.a(strtok.o)
 .gnu.attributes
                0x00000240       0x10 c:/program files/microchip/xc32/v2.50/bin/bin/../../lib/gcc/pic32mx/4.8.3/../../../../pic32mx/lib\libc.a(strcspn.o)
 .gnu.attributes
                0x00000250       0x10 c:/program files/microchip/xc32/v2.50/bin/bin/../../lib/gcc/pic32mx/4.8.3/../../../../pic32mx/lib\libc.a(strspn.o)
 .gnu.attributes
                0x00000260       0x10 c:/program files/microchip/xc32/v2.50/bin/bin/../../lib/gcc/pic32mx/4.8.3/../../../../pic32mx/lib\libc.a(strchr.o)
LOAD c:/program files/microchip/xc32/v2.50/bin/bin/../../lib/gcc/pic32mx/4.8.3\libgcc.a
START GROUP
LOAD c:/program files/microchip/xc32/v2.50/bin/bin/../../lib/gcc/pic32mx/4.8.3/../../../../pic32mx/lib\libpic32.a
LOAD c:/program files/microchip/xc32/v2.50/bin/bin/../../lib/gcc/pic32mx/4.8.3/../../../../pic32mx/lib\libdebug.a
LOAD c:/program files/microchip/xc32/v2.50/bin/bin/../../lib/gcc/pic32mx/4.8.3/../../../../pic32mx/lib\libpic32.a
LOAD c:/program files/microchip/xc32/v2.50/bin/bin/../../lib/gcc/pic32mx/4.8.3/../../../../pic32mx/lib\libc.a
LOAD c:/program files/microchip/xc32/v2.50/bin/bin/../../lib/gcc/pic32mx/4.8.3/../../../../pic32mx/lib\libc.a
LOAD c:/program files/microchip/xc32/v2.50/bin/bin/../../lib/gcc/pic32mx/4.8.3/../../../../pic32mx/lib\libm.a
LOAD c:/program files/microchip/xc32/v2.50/bin/bin/../../lib/gcc/pic32mx/4.8.3/../../../../pic32mx/lib\libe.a
LOAD c:/program files/microchip/xc32/v2.50/bin/bin/../../lib/gcc/pic32mx/4.8.3/../../../../pic32mx/lib\libdsp.a
LOAD c:/program files/microchip/xc32/v2.50/bin/bin/../../lib/gcc/pic32mx/4.8.3\libgcc.a
LOAD c:/program files/microchip/xc32/v2.50/bin/bin/../../lib/gcc/pic32mx/4.8.3/../../../../pic32mx/lib\libpic32.a
END GROUP
LOAD c:/program files/microchip/xc32/v2.50/bin/bin/../../lib/gcc/pic32mx/4.8.3\libgcc.a
OUTPUT(dist/2312_Config/debug/2312_BadgePlace_PIC32.X.debug.elf elf32-tradlittlemips)
LOAD stack
LOAD data_init

.reginfo        0x00000000       0x18
 .reginfo       0x00000000       0x18 c:/program files/microchip/xc32/v2.50/bin/bin/../../lib/gcc/pic32mx/4.8.3/../../../../pic32mx/lib\software-debug-break.o

.stack          0xa00013d8      0x400
 .stack         0xa00013d8      0x400 stack

.data           0xa0000fbc      0x3ec
 .data          0xa0000fbc      0x3a0 build/2312_Config/debug/_ext/1360937237/bzr.o
                0xa0000fbc                BZR_SEQUENCE_TEST
                0xa0000fc8                BZR_SEQUENCE_ZELDA
                0xa0000fe8                BZR_SEQUENCE_ZELDA_LULLABY
                0xa00010a8                BZR_SEQUENCE_MARIO
                0xa00010d4                BZR_SEQUENCE_MARIO_OVER
                0xa0001104                BZR_SEQUENCE_IMPERIAL
                0xa0001128                BZR_SEQUENCE_PACMAN
                0xa0001144                BZR_SEQUENCE_ERROR
                0xa0001150                BZR_SEQUENCE_TIMEOUT
                0xa0001164                BZR_SEQUENCE_TURNOFF
                0xa0001178                BZR_SEQUENCE_TETRIS
                0xa0001304                BZR_SEQUENCES
 .data          0xa000135c       0x4c build/2312_Config/debug/_ext/1708948888/system_exceptions.o

.data           0xa00013a8       0x10
 .data          0xa00013a8       0x10 build/2312_Config/debug/_ext/1360937237/app.o
                0xa00013a8                BADGES

.bss            0xa00013b8        0x4
 .bss           0xa00013b8        0x4 c:/program files/microchip/xc32/v2.50/bin/bin/../../lib/gcc/pic32mx/4.8.3/../../../../pic32mx/lib\libc.a(strtok.o)

.text.APP_Tasks
                0x9d000000      0x96c
 .text.APP_Tasks
                0x9d000000      0x96c build/2312_Config/debug/_ext/1360937237/app.o
                0x9d000000                APP_Tasks

.text.ProcessDataByte
                0x9d00096c      0x4c0
 .text.ProcessDataByte